Archive member included to satisfy reference by file (symbol)

c:/st/stm32cubeide_1.10.1/stm32cubeide/plugins/com.st.stm32cube.ide.mcu.externaltools.gnu-tools-for-stm32.10.3-2021.10.win32_1.0.0.202111181127/tools/bin/../lib/gcc/arm-none-eabi/10.3.1/../../../../arm-none-eabi/lib/thumb/v7-m/nofp\libc_nano.a(lib_a-errno.o)
                              ./Core/Src/syscalls.o (__errno)
c:/st/stm32cubeide_1.10.1/stm32cubeide/plugins/com.st.stm32cube.ide.mcu.externaltools.gnu-tools-for-stm32.10.3-2021.10.win32_1.0.0.202111181127/tools/bin/../lib/gcc/arm-none-eabi/10.3.1/../../../../arm-none-eabi/lib/thumb/v7-m/nofp\libc_nano.a(lib_a-exit.o)
                              c:/st/stm32cubeide_1.10.1/stm32cubeide/plugins/com.st.stm32cube.ide.mcu.externaltools.gnu-tools-for-stm32.10.3-2021.10.win32_1.0.0.202111181127/tools/bin/../lib/gcc/arm-none-eabi/10.3.1/../../../../arm-none-eabi/lib/thumb/v7-m/nofp/crt0.o (exit)
c:/st/stm32cubeide_1.10.1/stm32cubeide/plugins/com.st.stm32cube.ide.mcu.externaltools.gnu-tools-for-stm32.10.3-2021.10.win32_1.0.0.202111181127/tools/bin/../lib/gcc/arm-none-eabi/10.3.1/../../../../arm-none-eabi/lib/thumb/v7-m/nofp\libc_nano.a(lib_a-impure.o)
                              c:/st/stm32cubeide_1.10.1/stm32cubeide/plugins/com.st.stm32cube.ide.mcu.externaltools.gnu-tools-for-stm32.10.3-2021.10.win32_1.0.0.202111181127/tools/bin/../lib/gcc/arm-none-eabi/10.3.1/../../../../arm-none-eabi/lib/thumb/v7-m/nofp\libc_nano.a(lib_a-exit.o) (_global_impure_ptr)
c:/st/stm32cubeide_1.10.1/stm32cubeide/plugins/com.st.stm32cube.ide.mcu.externaltools.gnu-tools-for-stm32.10.3-2021.10.win32_1.0.0.202111181127/tools/bin/../lib/gcc/arm-none-eabi/10.3.1/../../../../arm-none-eabi/lib/thumb/v7-m/nofp\libc_nano.a(lib_a-init.o)
                              c:/st/stm32cubeide_1.10.1/stm32cubeide/plugins/com.st.stm32cube.ide.mcu.externaltools.gnu-tools-for-stm32.10.3-2021.10.win32_1.0.0.202111181127/tools/bin/../lib/gcc/arm-none-eabi/10.3.1/../../../../arm-none-eabi/lib/thumb/v7-m/nofp/crt0.o (__libc_init_array)
c:/st/stm32cubeide_1.10.1/stm32cubeide/plugins/com.st.stm32cube.ide.mcu.externaltools.gnu-tools-for-stm32.10.3-2021.10.win32_1.0.0.202111181127/tools/bin/../lib/gcc/arm-none-eabi/10.3.1/../../../../arm-none-eabi/lib/thumb/v7-m/nofp\libc_nano.a(lib_a-memcpy-stub.o)
                              ./Middlewares/Third_Party/FreeRTOS/Source/queue.o (memcpy)
c:/st/stm32cubeide_1.10.1/stm32cubeide/plugins/com.st.stm32cube.ide.mcu.externaltools.gnu-tools-for-stm32.10.3-2021.10.win32_1.0.0.202111181127/tools/bin/../lib/gcc/arm-none-eabi/10.3.1/../../../../arm-none-eabi/lib/thumb/v7-m/nofp\libc_nano.a(lib_a-memset.o)
                              c:/st/stm32cubeide_1.10.1/stm32cubeide/plugins/com.st.stm32cube.ide.mcu.externaltools.gnu-tools-for-stm32.10.3-2021.10.win32_1.0.0.202111181127/tools/bin/../lib/gcc/arm-none-eabi/10.3.1/../../../../arm-none-eabi/lib/thumb/v7-m/nofp/crt0.o (memset)
c:/st/stm32cubeide_1.10.1/stm32cubeide/plugins/com.st.stm32cube.ide.mcu.externaltools.gnu-tools-for-stm32.10.3-2021.10.win32_1.0.0.202111181127/tools/bin/../lib/gcc/arm-none-eabi/10.3.1/thumb/v7-m/nofp\libgcc.a(_arm_mulsf3.o)
                              ./Core/Src/main.o (__aeabi_fmul)
c:/st/stm32cubeide_1.10.1/stm32cubeide/plugins/com.st.stm32cube.ide.mcu.externaltools.gnu-tools-for-stm32.10.3-2021.10.win32_1.0.0.202111181127/tools/bin/../lib/gcc/arm-none-eabi/10.3.1/thumb/v7-m/nofp\libgcc.a(_arm_addsubdf3.o)
                              ./Core/Src/main.o (__aeabi_f2d)
c:/st/stm32cubeide_1.10.1/stm32cubeide/plugins/com.st.stm32cube.ide.mcu.externaltools.gnu-tools-for-stm32.10.3-2021.10.win32_1.0.0.202111181127/tools/bin/../lib/gcc/arm-none-eabi/10.3.1/thumb/v7-m/nofp\libgcc.a(_arm_muldivdf3.o)
                              ./Core/Src/main.o (__aeabi_ddiv)
c:/st/stm32cubeide_1.10.1/stm32cubeide/plugins/com.st.stm32cube.ide.mcu.externaltools.gnu-tools-for-stm32.10.3-2021.10.win32_1.0.0.202111181127/tools/bin/../lib/gcc/arm-none-eabi/10.3.1/thumb/v7-m/nofp\libgcc.a(_arm_fixdfsi.o)
                              ./Core/Src/main.o (__aeabi_d2iz)
c:/st/stm32cubeide_1.10.1/stm32cubeide/plugins/com.st.stm32cube.ide.mcu.externaltools.gnu-tools-for-stm32.10.3-2021.10.win32_1.0.0.202111181127/tools/bin/../lib/gcc/arm-none-eabi/10.3.1/thumb/v7-m/nofp\libgcc.a(_arm_addsubsf3.o)
                              ./Core/Src/main.o (__aeabi_fsub)
c:/st/stm32cubeide_1.10.1/stm32cubeide/plugins/com.st.stm32cube.ide.mcu.externaltools.gnu-tools-for-stm32.10.3-2021.10.win32_1.0.0.202111181127/tools/bin/../lib/gcc/arm-none-eabi/10.3.1/thumb/v7-m/nofp\libgcc.a(_arm_muldivsf3.o)
                              ./Core/Src/main.o (__aeabi_fdiv)
c:/st/stm32cubeide_1.10.1/stm32cubeide/plugins/com.st.stm32cube.ide.mcu.externaltools.gnu-tools-for-stm32.10.3-2021.10.win32_1.0.0.202111181127/tools/bin/../lib/gcc/arm-none-eabi/10.3.1/thumb/v7-m/nofp\libgcc.a(_arm_cmpsf2.o)
                              ./Core/Src/main.o (__aeabi_fcmplt)
[...]
Memory Configuration

Name             Origin             Length             Attributes
RAM              0x0000000020000000 0x0000000000010000 xrw
FLASH            0x0000000008000000 0x0000000000040000 xr
*default*        0x0000000000000000 0xffffffffffffffff

Linker script and memory map

LOAD c:/st/stm32cubeide_1.10.1/stm32cubeide/plugins/com.st.stm32cube.ide.mcu.externaltools.gnu-tools-for-stm32.10.3-2021.10.win32_1.0.0.202111181127/tools/bin/../lib/gcc/arm-none-eabi/10.3.1/thumb/v7-m/nofp/crti.o
LOAD c:/st/stm32cubeide_1.10.1/stm32cubeide/plugins/com.st.stm32cube.ide.mcu.externaltools.gnu-tools-for-stm32.10.3-2021.10.win32_1.0.0.202111181127/tools/bin/../lib/gcc/arm-none-eabi/10.3.1/thumb/v7-m/nofp/crtbegin.o
LOAD c:/st/stm32cubeide_1.10.1/stm32cubeide/plugins/com.st.stm32cube.ide.mcu.externaltools.gnu-tools-for-stm32.10.3-2021.10.win32_1.0.0.202111181127/tools/bin/../lib/gcc/arm-none-eabi/10.3.1/../../../../arm-none-eabi/lib/thumb/v7-m/nofp/crt0.o
LOAD ./Core/Src/GolfButtonImitation.o
LOAD ./Core/Src/GolfChecksum.o
LOAD ./Core/Src/GolfShift.o
LOAD ./Core/Src/can_tools.o
LOAD ./Core/Src/freertos.o
LOAD ./Core/Src/main.o
LOAD ./Core/Src/stm32f1xx_hal_msp.o
LOAD ./Core/Src/stm32f1xx_hal_timebase_tim.o
LOAD ./Core/Src/stm32f1xx_it.o
LOAD ./Core/Src/syscalls.o
LOAD ./Core/Src/sysmem.o
LOAD ./Core/Src/system_stm32f1xx.o
LOAD ./Core/Startup/startup_stm32f105rctx.o
LOAD ./Drivers/STM32F1xx_HAL_Driver/Src/stm32f1xx_hal.o
LOAD ./Drivers/STM32F1xx_HAL_Driver/Src/stm32f1xx_hal_adc.o
LOAD ./Drivers/STM32F1xx_HAL_Driver/Src/stm32f1xx_hal_adc_ex.o
LOAD ./Drivers/STM32F1xx_HAL_Driver/Src/stm32f1xx_hal_can.o
LOAD ./Drivers/STM32F1xx_HAL_Driver/Src/stm32f1xx_hal_cortex.o
LOAD ./Drivers/STM32F1xx_HAL_Driver/Src/stm32f1xx_hal_dma.o
LOAD ./Drivers/STM32F1xx_HAL_Driver/Src/stm32f1xx_hal_exti.o
LOAD ./Drivers/STM32F1xx_HAL_Driver/Src/stm32f1xx_hal_flash.o
LOAD ./Drivers/STM32F1xx_HAL_Driver/Src/stm32f1xx_hal_flash_ex.o
LOAD ./Drivers/STM32F1xx_HAL_Driver/Src/stm32f1xx_hal_gpio.o
LOAD ./Drivers/STM32F1xx_HAL_Driver/Src/stm32f1xx_hal_gpio_ex.o
LOAD ./Drivers/STM32F1xx_HAL_Driver/Src/stm32f1xx_hal_pwr.o
LOAD ./Drivers/STM32F1xx_HAL_Driver/Src/stm32f1xx_hal_rcc.o
LOAD ./Drivers/STM32F1xx_HAL_Driver/Src/stm32f1xx_hal_rcc_ex.o
LOAD ./Drivers/STM32F1xx_HAL_Driver/Src/stm32f1xx_hal_tim.o
LOAD ./Drivers/STM32F1xx_HAL_Driver/Src/stm32f1xx_hal_tim_ex.o
LOAD ./Middlewares/Third_Party/FreeRTOS/Source/CMSIS_RTOS/cmsis_os.o
LOAD ./Middlewares/Third_Party/FreeRTOS/Source/croutine.o
LOAD ./Middlewares/Third_Party/FreeRTOS/Source/event_groups.o
LOAD ./Middlewares/Third_Party/FreeRTOS/Source/list.o
LOAD ./Middlewares/Third_Party/FreeRTOS/Source/queue.o
LOAD ./Middlewares/Third_Party/FreeRTOS/Source/stream_buffer.o
LOAD ./Middlewares/Third_Party/FreeRTOS/Source/tasks.o
LOAD ./Middlewares/Third_Party/FreeRTOS/Source/timers.o
LOAD ./Middlewares/Third_Party/FreeRTOS/Source/portable/GCC/ARM_CM3/port.o
LOAD ./Middlewares/Third_Party/FreeRTOS/Source/portable/MemMang/heap_4.o
START GROUP
LOAD c:/st/stm32cubeide_1.10.1/stm32cubeide/plugins/com.st.stm32cube.ide.mcu.externaltools.gnu-tools-for-stm32.10.3-2021.10.win32_1.0.0.202111181127/tools/bin/../lib/gcc/arm-none-eabi/10.3.1/../../../../arm-none-eabi/lib/thumb/v7-m/nofp\libc_nano.a
LOAD c:/st/stm32cubeide_1.10.1/stm32cubeide/plugins/com.st.stm32cube.ide.mcu.externaltools.gnu-tools-for-stm32.10.3-2021.10.win32_1.0.0.202111181127/tools/bin/../lib/gcc/arm-none-eabi/10.3.1/../../../../arm-none-eabi/lib/thumb/v7-m/nofp\libm.a
END GROUP
START GROUP
LOAD c:/st/stm32cubeide_1.10.1/stm32cubeide/plugins/com.st.stm32cube.ide.mcu.externaltools.gnu-tools-for-stm32.10.3-2021.10.win32_1.0.0.202111181127/tools/bin/../lib/gcc/arm-none-eabi/10.3.1/thumb/v7-m/nofp\libgcc.a
LOAD c:/st/stm32cubeide_1.10.1/stm32cubeide/plugins/com.st.stm32cube.ide.mcu.externaltools.gnu-tools-for-stm32.10.3-2021.10.win32_1.0.0.202111181127/tools/bin/../lib/gcc/arm-none-eabi/10.3.1/../../../../arm-none-eabi/lib/thumb/v7-m/nofp\libc_nano.a
END GROUP
START GROUP
LOAD c:/st/stm32cubeide_1.10.1/stm32cubeide/plugins/com.st.stm32cube.ide.mcu.externaltools.gnu-tools-for-stm32.10.3-2021.10.win32_1.0.0.202111181127/tools/bin/../lib/gcc/arm-none-eabi/10.3.1/thumb/v7-m/nofp\libgcc.a
LOAD c:/st/stm32cubeide_1.10.1/stm32cubeide/plugins/com.st.stm32cube.ide.mcu.externaltools.gnu-tools-for-stm32.10.3-2021.10.win32_1.0.0.202111181127/tools/bin/../lib/gcc/arm-none-eabi/10.3.1/../../../../arm-none-eabi/lib/thumb/v7-m/nofp\libc_nano.a
LOAD c:/st/stm32cubeide_1.10.1/stm32cubeide/plugins/com.st.stm32cube.ide.mcu.externaltools.gnu-tools-for-stm32.10.3-2021.10.win32_1.0.0.202111181127/tools/bin/../lib/gcc/arm-none-eabi/10.3.1/../../../../arm-none-eabi/lib/thumb/v7-m/nofp\libnosys.a
END GROUP
START GROUP
LOAD c:/st/stm32cubeide_1.10.1/stm32cubeide/plugins/com.st.stm32cube.ide.mcu.externaltools.gnu-tools-for-stm32.10.3-2021.10.win32_1.0.0.202111181127/tools/bin/../lib/gcc/arm-none-eabi/10.3.1/thumb/v7-m/nofp\libgcc.a
LOAD c:/st/stm32cubeide_1.10.1/stm32cubeide/plugins/com.st.stm32cube.ide.mcu.externaltools.gnu-tools-for-stm32.10.3-2021.10.win32_1.0.0.202111181127/tools/bin/../lib/gcc/arm-none-eabi/10.3.1/../../../../arm-none-eabi/lib/thumb/v7-m/nofp\libc_nano.a
LOAD c:/st/stm32cubeide_1.10.1/stm32cubeide/plugins/com.st.stm32cube.ide.mcu.externaltools.gnu-tools-for-stm32.10.3-2021.10.win32_1.0.0.202111181127/tools/bin/../lib/gcc/arm-none-eabi/10.3.1/../../../../arm-none-eabi/lib/thumb/v7-m/nofp\libnosys.a
END GROUP
LOAD c:/st/stm32cubeide_1.10.1/stm32cubeide/plugins/com.st.stm32cube.ide.mcu.externaltools.gnu-tools-for-stm32.10.3-2021.10.win32_1.0.0.202111181127/tools/bin/../lib/gcc/arm-none-eabi/10.3.1/thumb/v7-m/nofp/crtend.o
LOAD c:/st/stm32cubeide_1.10.1/stm32cubeide/plugins/com.st.stm32cube.ide.mcu.externaltools.gnu-tools-for-stm32.10.3-2021.10.win32_1.0.0.202111181127/tools/bin/../lib/gcc/arm-none-eabi/10.3.1/thumb/v7-m/nofp/crtn.o
                0x0000000020010000                _estack = (ORIGIN (RAM) + LENGTH (RAM))
                0x0000000000000200                _Min_Heap_Size = 0x200
                0x0000000000000400                _Min_Stack_Size = 0x400

.isr_vector     0x0000000008000000      0x1e4
                0x0000000008000000                . = ALIGN (0x4)
 *(.isr_vector)
 .isr_vector    0x0000000008000000      0x1e4 ./Core/Startup/startup_stm32f105rctx.o
                0x0000000008000000                g_pfnVectors
                0x00000000080001e4                . = ALIGN (0x4)

.text           0x00000000080001f0     0x7298
                0x00000000080001f0                . = ALIGN (0x4)
 *(.text)
 .text          0x00000000080001f0       0x40 c:/st/stm32cubeide_1.10.1/stm32cubeide/plugins/com.st.stm32cube.ide.mcu.externaltools.gnu-tools-for-stm32.10.3-2021.10.win32_1.0.0.202111181127/tools/bin/../lib/gcc/arm-none-eabi/10.3.1/thumb/v7-m/nofp/crtbegin.o
 .text          0x0000000008000230      0x378 c:/st/stm32cubeide_1.10.1/stm32cubeide/plugins/com.st.stm32cube.ide.mcu.externaltools.gnu-tools-for-stm32.10.3-2021.10.win32_1.0.0.202111181127/tools/bin/../lib/gcc/arm-none-eabi/10.3.1/thumb/v7-m/nofp\libgcc.a(_arm_addsubdf3.o)
                0x0000000008000230                __aeabi_drsub
                0x0000000008000238                __aeabi_dsub
                0x0000000008000238                __subdf3
                0x000000000800023c                __aeabi_dadd
                0x000000000800023c                __adddf3
                0x00000000080004b4                __floatunsidf
                0x00000000080004b4                __aeabi_ui2d
                0x00000000080004d4                __floatsidf
                0x00000000080004d4                __aeabi_i2d
                0x00000000080004f8                __aeabi_f2d
                0x00000000080004f8                __extendsfdf2
                0x000000000800053c                __floatundidf
                0x000000000800053c                __aeabi_ul2d
                0x000000000800054c                __floatdidf
                0x000000000800054c                __aeabi_l2d
 .text          0x00000000080005a8      0x424 c:/st/stm32cubeide_1.10.1/stm32cubeide/plugins/com.st.stm32cube.ide.mcu.externaltools.gnu-tools-for-stm32.10.3-2021.10.win32_1.0.0.202111181127/tools/bin/../lib/gcc/arm-none-eabi/10.3.1/thumb/v7-m/nofp\libgcc.a(_arm_muldivdf3.o)
                0x00000000080005a8                __aeabi_dmul
                0x00000000080005a8                __muldf3
                0x00000000080007fc                __divdf3
                0x00000000080007fc                __aeabi_ddiv
 .text          0x00000000080009cc       0x50 c:/st/stm32cubeide_1.10.1/stm32cubeide/plugins/com.st.stm32cube.ide.mcu.externaltools.gnu-tools-for-stm32.10.3-2021.10.win32_1.0.0.202111181127/tools/bin/../lib/gcc/arm-none-eabi/10.3.1/thumb/v7-m/nofp\libgcc.a(_arm_fixdfsi.o)
                0x00000000080009cc                __aeabi_d2iz
                0x00000000080009cc                __fixdfsi
 .text          0x0000000008000a1c      0x21c c:/st/stm32cubeide_1.10.1/stm32cubeide/plugins/com.st.stm32cube.ide.mcu.externaltools.gnu-tools-for-stm32.10.3-2021.10.win32_1.0.0.202111181127/tools/bin/../lib/gcc/arm-none-eabi/10.3.1/thumb/v7-m/nofp\libgcc.a(_arm_addsubsf3.o)
                0x0000000008000a1c                __aeabi_frsub
                0x0000000008000a24                __subsf3
                0x0000000008000a24                __aeabi_fsub
                0x0000000008000a28                __aeabi_fadd
                0x0000000008000a28                __addsf3
                0x0000000008000b88                __aeabi_ui2f
                0x0000000008000b88                __floatunsisf
                0x0000000008000b90                __aeabi_i2f
                0x0000000008000b90                __floatsisf
                0x0000000008000bac                __aeabi_ul2f
                0x0000000008000bac                __floatundisf
                0x0000000008000bbc                __aeabi_l2f
                0x0000000008000bbc                __floatdisf
 .text          0x0000000008000c38      0x2a0 c:/st/stm32cubeide_1.10.1/stm32cubeide/plugins/com.st.stm32cube.ide.mcu.externaltools.gnu-tools-for-stm32.10.3-2021.10.win32_1.0.0.202111181127/tools/bin/../lib/gcc/arm-none-eabi/10.3.1/thumb/v7-m/nofp\libgcc.a(_arm_muldivsf3.o)
                0x0000000008000c38                __mulsf3
                0x0000000008000c38                __aeabi_fmul
                0x0000000008000da0                __aeabi_fdiv
                0x0000000008000da0                __divsf3
 .text          0x0000000008000ed8       0xec c:/st/stm32cubeide_1.10.1/stm32cubeide/plugins/com.st.stm32cube.ide.mcu.externaltools.gnu-tools-for-stm32.10.3-2021.10.win32_1.0.0.202111181127/tools/bin/../lib/gcc/arm-none-eabi/10.3.1/thumb/v7-m/nofp\libgcc.a(_arm_cmpsf2.o)
                0x0000000008000ed8                __gesf2
                0x0000000008000ed8                __gtsf2
                0x0000000008000ee0                __lesf2
                0x0000000008000ee0                __ltsf2
                0x0000000008000ee8                __nesf2
                0x0000000008000ee8                __eqsf2
                0x0000000008000ee8                __cmpsf2
                0x0000000008000f48                __aeabi_cfrcmple
                0x0000000008000f50                __aeabi_cfcmpeq
                0x0000000008000f50                __aeabi_cfcmple
                0x0000000008000f60                __aeabi_fcmpeq
                0x0000000008000f74                __aeabi_fcmplt
                0x0000000008000f88                __aeabi_fcmple
                0x0000000008000f9c                __aeabi_fcmpge
                0x0000000008000fb0                __aeabi_fcmpgt
 .text          0x0000000008000fc4       0x30 c:/st/stm32cubeide_1.10.1/stm32cubeide/plugins/com.st.stm32cube.ide.mcu.externaltools.gnu-tools-for-stm32.10.3-2021.10.win32_1.0.0.202111181127/tools/bin/../lib/gcc/arm-none-eabi/10.3.1/thumb/v7-m/nofp\libgcc.a(_aeabi_uldivmod.o)
                0x0000000008000fc4                __aeabi_uldivmod
 .text          0x0000000008000ff4      0x2d4 c:/st/stm32cubeide_1.10.1/stm32cubeide/plugins/com.st.stm32cube.ide.mcu.externaltools.gnu-tools-for-stm32.10.3-2021.10.win32_1.0.0.202111181127/tools/bin/../lib/gcc/arm-none-eabi/10.3.1/thumb/v7-m/nofp\libgcc.a(_udivmoddi4.o)
                0x0000000008000ff4                __udivmoddi4
 .text          0x00000000080012c8        0x4 c:/st/stm32cubeide_1.10.1/stm32cubeide/plugins/com.st.stm32cube.ide.mcu.externaltools.gnu-tools-for-stm32.10.3-2021.10.win32_1.0.0.202111181127/tools/bin/../lib/gcc/arm-none-eabi/10.3.1/thumb/v7-m/nofp\libgcc.a(_dvmd_tls.o)
                0x00000000080012c8                __aeabi_idiv0
                0x00000000080012c8                __aeabi_ldiv0
 *(.text*)
 .text.toyota_checksum
                0x00000000080012cc       0xaa ./Core/Src/GolfChecksum.o
                0x00000000080012cc                toyota_checksum
 *fill*         0x0000000008001376        0x2 
 .text.CAN_FilterConfig
                0x0000000008001378       0xd8 ./Core/Src/can_tools.o
                0x0000000008001378                CAN_FilterConfig
 .text.HAL_CAN_TxMailbox0CompleteCallback
                0x0000000008001450       0xac ./Core/Src/can_tools.o
                0x0000000008001450                HAL_CAN_TxMailbox0CompleteCallback
 .text.HAL_CAN_TxMailbox1CompleteCallback
                0x00000000080014fc       0xac ./Core/Src/can_tools.o
                0x00000000080014fc                HAL_CAN_TxMailbox1CompleteCallback
 .text.HAL_CAN_TxMailbox2CompleteCallback
                0x00000000080015a8       0xac ./Core/Src/can_tools.o
                0x00000000080015a8                HAL_CAN_TxMailbox2CompleteCallback
 .text.CAN_SendMessage
                0x0000000008001654      0x17c ./Core/Src/can_tools.o
                0x0000000008001654                CAN_SendMessage
 .text.CAN_GetMessage
                0x00000000080017d0      0x270 ./Core/Src/can_tools.o
                0x00000000080017d0                CAN_GetMessage
 .text.StoreCANID
                0x0000000008001a40       0xa8 ./Core/Src/can_tools.o
                0x0000000008001a40                StoreCANID
 .text.vApplicationGetIdleTaskMemory
                0x0000000008001ae8       0x30 ./Core/Src/freertos.o
                0x0000000008001ae8                vApplicationGetIdleTaskMemory
 .text.main     0x0000000008001b18      0x1c4 ./Core/Src/main.o
                0x0000000008001b18                main
 .text.SystemClock_Config
                0x0000000008001cdc       0xc8 ./Core/Src/main.o
                0x0000000008001cdc                SystemClock_Config
 .text.MX_ADC1_Init
                0x0000000008001da4       0x7c ./Core/Src/main.o
 .text.MX_CAN1_Init
                0x0000000008001e20       0x6c ./Core/Src/main.o
 .text.MX_CAN2_Init
                0x0000000008001e8c       0x6c ./Core/Src/main.o
 .text.MX_GPIO_Init
                0x0000000008001ef8      0x104 ./Core/Src/main.o
 *fill*         0x0000000008001ffc        0x4 
 .text.StartDefaultTask
                0x0000000008002000      0x1dc ./Core/Src/main.o
                0x0000000008002000                StartDefaultTask
 .text.StartTask02
                0x00000000080021dc       0xc8 ./Core/Src/main.o
                0x00000000080021dc                StartTask02
 .text.HandBrake
                0x00000000080022a4       0x10 ./Core/Src/main.o
                0x00000000080022a4                HandBrake
 .text.StartStop
                0x00000000080022b4       0x10 ./Core/Src/main.o
                0x00000000080022b4                StartStop
 .text.ParkBrake
                0x00000000080022c4       0x10 ./Core/Src/main.o
                0x00000000080022c4                ParkBrake
 .text.HAL_TIM_PeriodElapsedCallback
                0x00000000080022d4       0x24 ./Core/Src/main.o
                0x00000000080022d4                HAL_TIM_PeriodElapsedCallback
 .text.Error_Handler
                0x00000000080022f8        0xa ./Core/Src/main.o
                0x00000000080022f8                Error_Handler
 *fill*         0x0000000008002302        0x2 
 .text.HAL_MspInit
                0x0000000008002304       0x70 ./Core/Src/stm32f1xx_hal_msp.o
                0x0000000008002304                HAL_MspInit
 .text.HAL_ADC_MspInit
                0x0000000008002374       0x78 ./Core/Src/stm32f1xx_hal_msp.o
                0x0000000008002374                HAL_ADC_MspInit
 .text.HAL_CAN_MspInit
                0x00000000080023ec      0x1dc ./Core/Src/stm32f1xx_hal_msp.o
                0x00000000080023ec                HAL_CAN_MspInit
 .text.HAL_InitTick
                0x00000000080025c8       0xfc ./Core/Src/stm32f1xx_hal_timebase_tim.o
                0x00000000080025c8                HAL_InitTick
 .text.NMI_Handler
                0x00000000080026c4        0x6 ./Core/Src/stm32f1xx_it.o
                0x00000000080026c4                NMI_Handler
 .text.HardFault_Handler
                0x00000000080026ca        0x6 ./Core/Src/stm32f1xx_it.o
                0x00000000080026ca                HardFault_Handler
 .text.MemManage_Handler
                0x00000000080026d0        0x6 ./Core/Src/stm32f1xx_it.o
                0x00000000080026d0                MemManage_Handler
 .text.BusFault_Handler
                0x00000000080026d6        0x6 ./Core/Src/stm32f1xx_it.o
                0x00000000080026d6                BusFault_Handler
 .text.UsageFault_Handler
                0x00000000080026dc        0x6 ./Core/Src/stm32f1xx_it.o
                0x00000000080026dc                UsageFault_Handler
 .text.DebugMon_Handler
                0x00000000080026e2        0xc ./Core/Src/stm32f1xx_it.o
                0x00000000080026e2                DebugMon_Handler
 *fill*         0x00000000080026ee        0x2 
 .text.CAN1_TX_IRQHandler
                0x00000000080026f0       0x14 ./Core/Src/stm32f1xx_it.o
                0x00000000080026f0                CAN1_TX_IRQHandler
 .text.CAN1_RX0_IRQHandler
                0x0000000008002704       0x18 ./Core/Src/stm32f1xx_it.o
                0x0000000008002704                CAN1_RX0_IRQHandler
 .text.TIM6_IRQHandler
                0x000000000800271c       0x14 ./Core/Src/stm32f1xx_it.o
                0x000000000800271c                TIM6_IRQHandler
 .text.CAN2_TX_IRQHandler
                0x0000000008002730       0x14 ./Core/Src/stm32f1xx_it.o
                0x0000000008002730                CAN2_TX_IRQHandler
 .text.CAN2_RX0_IRQHandler
                0x0000000008002744       0x18 ./Core/Src/stm32f1xx_it.o
                0x0000000008002744                CAN2_RX0_IRQHandler
 .text.CAN2_RX1_IRQHandler
                0x000000000800275c       0x14 ./Core/Src/stm32f1xx_it.o
                0x000000000800275c                CAN2_RX1_IRQHandler
 .text.SystemInit
                0x0000000008002770        0xc ./Core/Src/system_stm32f1xx.o
                0x0000000008002770                SystemInit
 .text.Reset_Handler
                0x000000000800277c       0x48 ./Core/Startup/startup_stm32f105rctx.o
                0x000000000800277c                Reset_Handler
 .text.Default_Handler
                0x00000000080027c4        0x2 ./Core/Startup/startup_stm32f105rctx.o
                0x00000000080027c4                RTC_Alarm_IRQHandler
                0x00000000080027c4                EXTI2_IRQHandler
                0x00000000080027c4                TIM1_CC_IRQHandler
                0x00000000080027c4                PVD_IRQHandler
                0x00000000080027c4                EXTI3_IRQHandler
                0x00000000080027c4                EXTI0_IRQHandler
                0x00000000080027c4                I2C2_EV_IRQHandler
                0x00000000080027c4                CAN2_SCE_IRQHandler
                0x00000000080027c4                ADC1_2_IRQHandler
                0x00000000080027c4                SPI1_IRQHandler
                0x00000000080027c4                TAMPER_IRQHandler
                0x00000000080027c4                DMA2_Channel2_IRQHandler
                0x00000000080027c4                DMA1_Channel4_IRQHandler
                0x00000000080027c4                USART3_IRQHandler
                0x00000000080027c4                RTC_IRQHandler
                0x00000000080027c4                DMA1_Channel7_IRQHandler
                0x00000000080027c4                CAN1_RX1_IRQHandler
                0x00000000080027c4                UART5_IRQHandler
                0x00000000080027c4                TIM4_IRQHandler
                0x00000000080027c4                DMA2_Channel1_IRQHandler
                0x00000000080027c4                I2C1_EV_IRQHandler
                0x00000000080027c4                DMA1_Channel6_IRQHandler
                0x00000000080027c4                UART4_IRQHandler
                0x00000000080027c4                DMA2_Channel4_IRQHandler
                0x00000000080027c4                TIM3_IRQHandler
                0x00000000080027c4                RCC_IRQHandler
                0x00000000080027c4                TIM1_TRG_COM_IRQHandler
                0x00000000080027c4                DMA1_Channel1_IRQHandler
                0x00000000080027c4                Default_Handler
                0x00000000080027c4                EXTI15_10_IRQHandler
                0x00000000080027c4                TIM7_IRQHandler
                0x00000000080027c4                TIM5_IRQHandler
                0x00000000080027c4                EXTI9_5_IRQHandler
                0x00000000080027c4                SPI2_IRQHandler
                0x00000000080027c4                DMA2_Channel5_IRQHandler
                0x00000000080027c4                DMA1_Channel5_IRQHandler
                0x00000000080027c4                EXTI4_IRQHandler
                0x00000000080027c4                DMA1_Channel3_IRQHandler
                0x00000000080027c4                TIM1_UP_IRQHandler
                0x00000000080027c4                WWDG_IRQHandler
                0x00000000080027c4                TIM2_IRQHandler
                0x00000000080027c4                OTG_FS_WKUP_IRQHandler
                0x00000000080027c4                TIM1_BRK_IRQHandler
                0x00000000080027c4                EXTI1_IRQHandler
                0x00000000080027c4                USART2_IRQHandler
                0x00000000080027c4                I2C2_ER_IRQHandler
                0x00000000080027c4                DMA1_Channel2_IRQHandler
                0x00000000080027c4                CAN1_SCE_IRQHandler
                0x00000000080027c4                FLASH_IRQHandler
                0x00000000080027c4                USART1_IRQHandler
                0x00000000080027c4                OTG_FS_IRQHandler
                0x00000000080027c4                SPI3_IRQHandler
                0x00000000080027c4                I2C1_ER_IRQHandler
                0x00000000080027c4                DMA2_Channel3_IRQHandler
 *fill*         0x00000000080027c6        0x2 
 .text.HAL_Init
                0x00000000080027c8       0x2c ./Drivers/STM32F1xx_HAL_Driver/Src/stm32f1xx_hal.o
                0x00000000080027c8                HAL_Init
 .text.HAL_IncTick
                0x00000000080027f4       0x24 ./Drivers/STM32F1xx_HAL_Driver/Src/stm32f1xx_hal.o
                0x00000000080027f4                HAL_IncTick
 .text.HAL_GetTick
                0x0000000008002818       0x14 ./Drivers/STM32F1xx_HAL_Driver/Src/stm32f1xx_hal.o
                0x0000000008002818                HAL_GetTick
 .text.HAL_ADC_Init
                0x000000000800282c      0x1b0 ./Drivers/STM32F1xx_HAL_Driver/Src/stm32f1xx_hal_adc.o
                0x000000000800282c                HAL_ADC_Init
 .text.HAL_ADC_Start
                0x00000000080029dc      0x15c ./Drivers/STM32F1xx_HAL_Driver/Src/stm32f1xx_hal_adc.o
                0x00000000080029dc                HAL_ADC_Start
 .text.HAL_ADC_GetValue
                0x0000000008002b38       0x18 ./Drivers/STM32F1xx_HAL_Driver/Src/stm32f1xx_hal_adc.o
                0x0000000008002b38                HAL_ADC_GetValue
 .text.HAL_ADC_ConfigChannel
                0x0000000008002b50      0x1f0 ./Drivers/STM32F1xx_HAL_Driver/Src/stm32f1xx_hal_adc.o
                0x0000000008002b50                HAL_ADC_ConfigChannel
 .text.ADC_Enable
                0x0000000008002d40       0xb4 ./Drivers/STM32F1xx_HAL_Driver/Src/stm32f1xx_hal_adc.o
                0x0000000008002d40                ADC_Enable
 .text.ADC_ConversionStop_Disable
                0x0000000008002df4       0x82 ./Drivers/STM32F1xx_HAL_Driver/Src/stm32f1xx_hal_adc.o
                0x0000000008002df4                ADC_ConversionStop_Disable
 .text.HAL_CAN_Init
                0x0000000008002e76      0x1f6 ./Drivers/STM32F1xx_HAL_Driver/Src/stm32f1xx_hal_can.o
                0x0000000008002e76                HAL_CAN_Init
 .text.HAL_CAN_ConfigFilter
                0x000000000800306c      0x1c0 ./Drivers/STM32F1xx_HAL_Driver/Src/stm32f1xx_hal_can.o
                0x000000000800306c                HAL_CAN_ConfigFilter
 .text.HAL_CAN_Start
                0x000000000800322c       0x88 ./Drivers/STM32F1xx_HAL_Driver/Src/stm32f1xx_hal_can.o
                0x000000000800322c                HAL_CAN_Start
 .text.HAL_CAN_AddTxMessage
                0x00000000080032b4      0x19e ./Drivers/STM32F1xx_HAL_Driver/Src/stm32f1xx_hal_can.o
                0x00000000080032b4                HAL_CAN_AddTxMessage
 .text.HAL_CAN_GetTxMailboxesFreeLevel
                0x0000000008003452       0x68 ./Drivers/STM32F1xx_HAL_Driver/Src/stm32f1xx_hal_can.o
                0x0000000008003452                HAL_CAN_GetTxMailboxesFreeLevel
 .text.HAL_CAN_GetRxMessage
                0x00000000080034ba      0x242 ./Drivers/STM32F1xx_HAL_Driver/Src/stm32f1xx_hal_can.o
                0x00000000080034ba                HAL_CAN_GetRxMessage
 .text.HAL_CAN_ActivateNotification
                0x00000000080036fc       0x4a ./Drivers/STM32F1xx_HAL_Driver/Src/stm32f1xx_hal_can.o
                0x00000000080036fc                HAL_CAN_ActivateNotification
 .text.HAL_CAN_IRQHandler
                0x0000000008003746      0x36e ./Drivers/STM32F1xx_HAL_Driver/Src/stm32f1xx_hal_can.o
                0x0000000008003746                HAL_CAN_IRQHandler
 .text.HAL_CAN_TxMailbox0AbortCallback
                0x0000000008003ab4       0x12 ./Drivers/STM32F1xx_HAL_Driver/Src/stm32f1xx_hal_can.o
                0x0000000008003ab4                HAL_CAN_TxMailbox0AbortCallback
 .text.HAL_CAN_TxMailbox1AbortCallback
                0x0000000008003ac6       0x12 ./Drivers/STM32F1xx_HAL_Driver/Src/stm32f1xx_hal_can.o
                0x0000000008003ac6                HAL_CAN_TxMailbox1AbortCallback
 .text.HAL_CAN_TxMailbox2AbortCallback
                0x0000000008003ad8       0x12 ./Drivers/STM32F1xx_HAL_Driver/Src/stm32f1xx_hal_can.o
                0x0000000008003ad8                HAL_CAN_TxMailbox2AbortCallback
 .text.HAL_CAN_RxFifo0MsgPendingCallback
                0x0000000008003aea       0x12 ./Drivers/STM32F1xx_HAL_Driver/Src/stm32f1xx_hal_can.o
                0x0000000008003aea                HAL_CAN_RxFifo0MsgPendingCallback
 .text.HAL_CAN_RxFifo0FullCallback
                0x0000000008003afc       0x12 ./Drivers/STM32F1xx_HAL_Driver/Src/stm32f1xx_hal_can.o
                0x0000000008003afc                HAL_CAN_RxFifo0FullCallback
 .text.HAL_CAN_RxFifo1MsgPendingCallback
                0x0000000008003b0e       0x12 ./Drivers/STM32F1xx_HAL_Driver/Src/stm32f1xx_hal_can.o
                0x0000000008003b0e                HAL_CAN_RxFifo1MsgPendingCallback
 .text.HAL_CAN_RxFifo1FullCallback
                0x0000000008003b20       0x12 ./Drivers/STM32F1xx_HAL_Driver/Src/stm32f1xx_hal_can.o
                0x0000000008003b20                HAL_CAN_RxFifo1FullCallback
 .text.HAL_CAN_SleepCallback
                0x0000000008003b32       0x12 ./Drivers/STM32F1xx_HAL_Driver/Src/stm32f1xx_hal_can.o
                0x0000000008003b32                HAL_CAN_SleepCallback
 .text.HAL_CAN_WakeUpFromRxMsgCallback
                0x0000000008003b44       0x12 ./Drivers/STM32F1xx_HAL_Driver/Src/stm32f1xx_hal_can.o
                0x0000000008003b44                HAL_CAN_WakeUpFromRxMsgCallback
 .text.HAL_CAN_ErrorCallback
                0x0000000008003b56       0x12 ./Drivers/STM32F1xx_HAL_Driver/Src/stm32f1xx_hal_can.o
                0x0000000008003b56                HAL_CAN_ErrorCallback
 .text.__NVIC_SetPriorityGrouping
                0x0000000008003b68       0x48 ./Drivers/STM32F1xx_HAL_Driver/Src/stm32f1xx_hal_cortex.o
 .text.__NVIC_GetPriorityGrouping
                0x0000000008003bb0       0x1c ./Drivers/STM32F1xx_HAL_Driver/Src/stm32f1xx_hal_cortex.o
 .text.__NVIC_EnableIRQ
                0x0000000008003bcc       0x38 ./Drivers/STM32F1xx_HAL_Driver/Src/stm32f1xx_hal_cortex.o
 .text.__NVIC_SetPriority
                0x0000000008003c04       0x54 ./Drivers/STM32F1xx_HAL_Driver/Src/stm32f1xx_hal_cortex.o
 .text.NVIC_EncodePriority
                0x0000000008003c58       0x64 ./Drivers/STM32F1xx_HAL_Driver/Src/stm32f1xx_hal_cortex.o
 .text.HAL_NVIC_SetPriorityGrouping
                0x0000000008003cbc       0x16 ./Drivers/STM32F1xx_HAL_Driver/Src/stm32f1xx_hal_cortex.o
                0x0000000008003cbc                HAL_NVIC_SetPriorityGrouping
 .text.HAL_NVIC_SetPriority
                0x0000000008003cd2       0x38 ./Drivers/STM32F1xx_HAL_Driver/Src/stm32f1xx_hal_cortex.o
                0x0000000008003cd2                HAL_NVIC_SetPriority
 .text.HAL_NVIC_EnableIRQ
                0x0000000008003d0a       0x1c ./Drivers/STM32F1xx_HAL_Driver/Src/stm32f1xx_hal_cortex.o
                0x0000000008003d0a                HAL_NVIC_EnableIRQ
 *fill*         0x0000000008003d26        0x2 
 .text.HAL_GPIO_Init
                0x0000000008003d28      0x308 ./Drivers/STM32F1xx_HAL_Driver/Src/stm32f1xx_hal_gpio.o
                0x0000000008003d28                HAL_GPIO_Init
 .text.HAL_GPIO_WritePin
                0x0000000008004030       0x30 ./Drivers/STM32F1xx_HAL_Driver/Src/stm32f1xx_hal_gpio.o
                0x0000000008004030                HAL_GPIO_WritePin
 .text.HAL_RCC_OscConfig
                0x0000000008004060      0x62c ./Drivers/STM32F1xx_HAL_Driver/Src/stm32f1xx_hal_rcc.o
                0x0000000008004060                HAL_RCC_OscConfig
 .text.HAL_RCC_ClockConfig
                0x000000000800468c      0x1d4 ./Drivers/STM32F1xx_HAL_Driver/Src/stm32f1xx_hal_rcc.o
                0x000000000800468c                HAL_RCC_ClockConfig
 .text.HAL_RCC_GetSysClockFreq
                0x0000000008004860      0x1e8 ./Drivers/STM32F1xx_HAL_Driver/Src/stm32f1xx_hal_rcc.o
                0x0000000008004860                HAL_RCC_GetSysClockFreq
 .text.HAL_RCC_GetHCLKFreq
                0x0000000008004a48       0x14 ./Drivers/STM32F1xx_HAL_Driver/Src/stm32f1xx_hal_rcc.o
                0x0000000008004a48                HAL_RCC_GetHCLKFreq
 .text.HAL_RCC_GetPCLK1Freq
                0x0000000008004a5c       0x28 ./Drivers/STM32F1xx_HAL_Driver/Src/stm32f1xx_hal_rcc.o
                0x0000000008004a5c                HAL_RCC_GetPCLK1Freq
 .text.HAL_RCC_GetClockConfig
                0x0000000008004a84       0x60 ./Drivers/STM32F1xx_HAL_Driver/Src/stm32f1xx_hal_rcc.o
                0x0000000008004a84                HAL_RCC_GetClockConfig
 .text.RCC_Delay
                0x0000000008004ae4       0x3c ./Drivers/STM32F1xx_HAL_Driver/Src/stm32f1xx_hal_rcc.o
 .text.HAL_RCCEx_PeriphCLKConfig
                0x0000000008004b20      0x264 ./Drivers/STM32F1xx_HAL_Driver/Src/stm32f1xx_hal_rcc_ex.o
                0x0000000008004b20                HAL_RCCEx_PeriphCLKConfig
 .text.HAL_TIM_Base_Init
                0x0000000008004d84       0x9e ./Drivers/STM32F1xx_HAL_Driver/Src/stm32f1xx_hal_tim.o
                0x0000000008004d84                HAL_TIM_Base_Init
 .text.HAL_TIM_Base_MspInit
                0x0000000008004e22       0x12 ./Drivers/STM32F1xx_HAL_Driver/Src/stm32f1xx_hal_tim.o
                0x0000000008004e22                HAL_TIM_Base_MspInit
 .text.HAL_TIM_Base_Start_IT
                0x0000000008004e34       0xb4 ./Drivers/STM32F1xx_HAL_Driver/Src/stm32f1xx_hal_tim.o
                0x0000000008004e34                HAL_TIM_Base_Start_IT
 .text.HAL_TIM_IRQHandler
                0x0000000008004ee8      0x210 ./Drivers/STM32F1xx_HAL_Driver/Src/stm32f1xx_hal_tim.o
                0x0000000008004ee8                HAL_TIM_IRQHandler
 .text.HAL_TIM_OC_DelayElapsedCallback
                0x00000000080050f8       0x12 ./Drivers/STM32F1xx_HAL_Driver/Src/stm32f1xx_hal_tim.o
                0x00000000080050f8                HAL_TIM_OC_DelayElapsedCallback
 .text.HAL_TIM_IC_CaptureCallback
                0x000000000800510a       0x12 ./Drivers/STM32F1xx_HAL_Driver/Src/stm32f1xx_hal_tim.o
                0x000000000800510a                HAL_TIM_IC_CaptureCallback
 .text.HAL_TIM_PWM_PulseFinishedCallback
                0x000000000800511c       0x12 ./Drivers/STM32F1xx_HAL_Driver/Src/stm32f1xx_hal_tim.o
                0x000000000800511c                HAL_TIM_PWM_PulseFinishedCallback
 .text.HAL_TIM_TriggerCallback
                0x000000000800512e       0x12 ./Drivers/STM32F1xx_HAL_Driver/Src/stm32f1xx_hal_tim.o
                0x000000000800512e                HAL_TIM_TriggerCallback
 .text.TIM_Base_SetConfig
                0x0000000008005140       0xd8 ./Drivers/STM32F1xx_HAL_Driver/Src/stm32f1xx_hal_tim.o
                0x0000000008005140                TIM_Base_SetConfig
 .text.HAL_TIMEx_CommutCallback
                0x0000000008005218       0x12 ./Drivers/STM32F1xx_HAL_Driver/Src/stm32f1xx_hal_tim_ex.o
                0x0000000008005218                HAL_TIMEx_CommutCallback
 .text.HAL_TIMEx_BreakCallback
                0x000000000800522a       0x12 ./Drivers/STM32F1xx_HAL_Driver/Src/stm32f1xx_hal_tim_ex.o
                0x000000000800522a                HAL_TIMEx_BreakCallback
 .text.makeFreeRtosPriority
                0x000000000800523c       0x2e ./Middlewares/Third_Party/FreeRTOS/Source/CMSIS_RTOS/cmsis_os.o
 .text.osKernelStart
                0x000000000800526a        0xe ./Middlewares/Third_Party/FreeRTOS/Source/CMSIS_RTOS/cmsis_os.o
                0x000000000800526a                osKernelStart
 .text.osThreadCreate
                0x0000000008005278       0x98 ./Middlewares/Third_Party/FreeRTOS/Source/CMSIS_RTOS/cmsis_os.o
                0x0000000008005278                osThreadCreate
 .text.osDelay  0x0000000008005310       0x28 ./Middlewares/Third_Party/FreeRTOS/Source/CMSIS_RTOS/cmsis_os.o
                0x0000000008005310                osDelay
 .text.osSemaphoreCreate
                0x0000000008005338       0x64 ./Middlewares/Third_Party/FreeRTOS/Source/CMSIS_RTOS/cmsis_os.o
                0x0000000008005338                osSemaphoreCreate
 .text.osMessageCreate
                0x000000000800539c       0x50 ./Middlewares/Third_Party/FreeRTOS/Source/CMSIS_RTOS/cmsis_os.o
                0x000000000800539c                osMessageCreate
 .text.vListInitialise
                0x00000000080053ec       0x3e ./Middlewares/Third_Party/FreeRTOS/Source/list.o
                0x00000000080053ec                vListInitialise
 .text.vListInitialiseItem
                0x000000000800542a       0x18 ./Middlewares/Third_Party/FreeRTOS/Source/list.o
                0x000000000800542a                vListInitialiseItem
 .text.vListInsertEnd
                0x0000000008005442       0x46 ./Middlewares/Third_Party/FreeRTOS/Source/list.o
                0x0000000008005442                vListInsertEnd
 .text.vListInsert
                0x0000000008005488       0x70 ./Middlewares/Third_Party/FreeRTOS/Source/list.o
                0x0000000008005488                vListInsert
 .text.uxListRemove
                0x00000000080054f8       0x52 ./Middlewares/Third_Party/FreeRTOS/Source/list.o
                0x00000000080054f8                uxListRemove
 *fill*         0x000000000800554a        0x2 
 .text.xQueueGenericReset
                0x000000000800554c       0xd0 ./Middlewares/Third_Party/FreeRTOS/Source/queue.o
                0x000000000800554c                xQueueGenericReset
 .text.xQueueGenericCreateStatic
                0x000000000800561c       0xee ./Middlewares/Third_Party/FreeRTOS/Source/queue.o
                0x000000000800561c                xQueueGenericCreateStatic
 .text.xQueueGenericCreate
                0x000000000800570a       0x7c ./Middlewares/Third_Party/FreeRTOS/Source/queue.o
                0x000000000800570a                xQueueGenericCreate
 .text.prvInitialiseNewQueue
                0x0000000008005786       0x3e ./Middlewares/Third_Party/FreeRTOS/Source/queue.o
 .text.xQueueGenericSend
                0x00000000080057c4      0x1fc ./Middlewares/Third_Party/FreeRTOS/Source/queue.o
                0x00000000080057c4                xQueueGenericSend
 .text.xQueueGenericSendFromISR
                0x00000000080059c0      0x130 ./Middlewares/Third_Party/FreeRTOS/Source/queue.o
                0x00000000080059c0                xQueueGenericSendFromISR
 .text.xQueueReceive
                0x0000000008005af0      0x1c0 ./Middlewares/Third_Party/FreeRTOS/Source/queue.o
                0x0000000008005af0                xQueueReceive
 .text.prvCopyDataToQueue
                0x0000000008005cb0       0xd4 ./Middlewares/Third_Party/FreeRTOS/Source/queue.o
 .text.prvCopyDataFromQueue
                0x0000000008005d84       0x4c ./Middlewares/Third_Party/FreeRTOS/Source/queue.o
 .text.prvUnlockQueue
                0x0000000008005dd0       0xa4 ./Middlewares/Third_Party/FreeRTOS/Source/queue.o
 .text.prvIsQueueEmpty
                0x0000000008005e74       0x2c ./Middlewares/Third_Party/FreeRTOS/Source/queue.o
 .text.prvIsQueueFull
                0x0000000008005ea0       0x30 ./Middlewares/Third_Party/FreeRTOS/Source/queue.o
 .text.xTaskCreateStatic
                0x0000000008005ed0       0xb8 ./Middlewares/Third_Party/FreeRTOS/Source/tasks.o
                0x0000000008005ed0                xTaskCreateStatic
 .text.xTaskCreate
                0x0000000008005f88       0x8a ./Middlewares/Third_Party/FreeRTOS/Source/tasks.o
                0x0000000008005f88                xTaskCreate
 .text.prvInitialiseNewTask
                0x0000000008006012       0xfe ./Middlewares/Third_Party/FreeRTOS/Source/tasks.o
 .text.prvAddNewTaskToReadyList
                0x0000000008006110       0xd4 ./Middlewares/Third_Party/FreeRTOS/Source/tasks.o
 .text.vTaskDelay
                0x00000000080061e4       0x68 ./Middlewares/Third_Party/FreeRTOS/Source/tasks.o
                0x00000000080061e4                vTaskDelay
 .text.vTaskStartScheduler
                0x000000000800624c       0xc0 ./Middlewares/Third_Party/FreeRTOS/Source/tasks.o
                0x000000000800624c                vTaskStartScheduler
 .text.vTaskSuspendAll
                0x000000000800630c       0x1c ./Middlewares/Third_Party/FreeRTOS/Source/tasks.o
                0x000000000800630c                vTaskSuspendAll
 .text.xTaskResumeAll
                0x0000000008006328      0x138 ./Middlewares/Third_Party/FreeRTOS/Source/tasks.o
                0x0000000008006328                xTaskResumeAll
 .text.xTaskIncrementTick
                0x0000000008006460      0x17c ./Middlewares/Third_Party/FreeRTOS/Source/tasks.o
                0x0000000008006460                xTaskIncrementTick
 .text.vTaskSwitchContext
                0x00000000080065dc       0xb4 ./Middlewares/Third_Party/FreeRTOS/Source/tasks.o
                0x00000000080065dc                vTaskSwitchContext
 .text.vTaskPlaceOnEventList
                0x0000000008006690       0x48 ./Middlewares/Third_Party/FreeRTOS/Source/tasks.o
                0x0000000008006690                vTaskPlaceOnEventList
 .text.xTaskRemoveFromEventList
                0x00000000080066d8       0xc4 ./Middlewares/Third_Party/FreeRTOS/Source/tasks.o
                0x00000000080066d8                xTaskRemoveFromEventList
 .text.vTaskInternalSetTimeOutState
                0x000000000800679c       0x2c ./Middlewares/Third_Party/FreeRTOS/Source/tasks.o
                0x000000000800679c                vTaskInternalSetTimeOutState
 .text.xTaskCheckForTimeOut
                0x00000000080067c8       0xc4 ./Middlewares/Third_Party/FreeRTOS/Source/tasks.o
                0x00000000080067c8                xTaskCheckForTimeOut
 .text.vTaskMissedYield
                0x000000000800688c       0x18 ./Middlewares/Third_Party/FreeRTOS/Source/tasks.o
                0x000000000800688c                vTaskMissedYield
 .text.prvIdleTask
                0x00000000080068a4       0x30 ./Middlewares/Third_Party/FreeRTOS/Source/tasks.o
 .text.prvInitialiseTaskLists
                0x00000000080068d4       0x80 ./Middlewares/Third_Party/FreeRTOS/Source/tasks.o
 .text.prvCheckTasksWaitingTermination
                0x0000000008006954       0x5c ./Middlewares/Third_Party/FreeRTOS/Source/tasks.o
 .text.prvDeleteTCB
                0x00000000080069b0       0x5e ./Middlewares/Third_Party/FreeRTOS/Source/tasks.o
 *fill*         0x0000000008006a0e        0x2 
 .text.prvResetNextTaskUnblockTime
                0x0000000008006a10       0x48 ./Middlewares/Third_Party/FreeRTOS/Source/tasks.o
 .text.xTaskGetSchedulerState
                0x0000000008006a58       0x3c ./Middlewares/Third_Party/FreeRTOS/Source/tasks.o
                0x0000000008006a58                xTaskGetSchedulerState
 .text.xTaskPriorityDisinherit
                0x0000000008006a94      0x10c ./Middlewares/Third_Party/FreeRTOS/Source/tasks.o
                0x0000000008006a94                xTaskPriorityDisinherit
 .text.prvAddCurrentTaskToDelayedList
                0x0000000008006ba0       0xcc ./Middlewares/Third_Party/FreeRTOS/Source/tasks.o
 .text.pxPortInitialiseStack
                0x0000000008006c6c       0x58 ./Middlewares/Third_Party/FreeRTOS/Source/portable/GCC/ARM_CM3/port.o
                0x0000000008006c6c                pxPortInitialiseStack
 .text.prvTaskExitError
                0x0000000008006cc4       0x58 ./Middlewares/Third_Party/FreeRTOS/Source/portable/GCC/ARM_CM3/port.o
 *fill*         0x0000000008006d1c        0x4 
 .text.SVC_Handler
                0x0000000008006d20       0x28 ./Middlewares/Third_Party/FreeRTOS/Source/portable/GCC/ARM_CM3/port.o
                0x0000000008006d20                SVC_Handler
 .text.prvPortStartFirstTask
                0x0000000008006d48       0x20 ./Middlewares/Third_Party/FreeRTOS/Source/portable/GCC/ARM_CM3/port.o
 .text.xPortStartScheduler
                0x0000000008006d68       0xe4 ./Middlewares/Third_Party/FreeRTOS/Source/portable/GCC/ARM_CM3/port.o
                0x0000000008006d68                xPortStartScheduler
 .text.vPortEnterCritical
                0x0000000008006e4c       0x60 ./Middlewares/Third_Party/FreeRTOS/Source/portable/GCC/ARM_CM3/port.o
                0x0000000008006e4c                vPortEnterCritical
 .text.vPortExitCritical
                0x0000000008006eac       0x50 ./Middlewares/Third_Party/FreeRTOS/Source/portable/GCC/ARM_CM3/port.o
                0x0000000008006eac                vPortExitCritical
 *fill*         0x0000000008006efc        0x4 
 .text.PendSV_Handler
                0x0000000008006f00       0x48 ./Middlewares/Third_Party/FreeRTOS/Source/portable/GCC/ARM_CM3/port.o
                0x0000000008006f00                PendSV_Handler
 .text.SysTick_Handler
                0x0000000008006f48       0x44 ./Middlewares/Third_Party/FreeRTOS/Source/portable/GCC/ARM_CM3/port.o
                0x0000000008006f48                SysTick_Handler
 .text.vPortSetupTimerInterrupt
                0x0000000008006f8c       0x44 ./Middlewares/Third_Party/FreeRTOS/Source/portable/GCC/ARM_CM3/port.o
                0x0000000008006f8c                vPortSetupTimerInterrupt
 .text.vPortValidateInterruptPriority
                0x0000000008006fd0       0x7c ./Middlewares/Third_Party/FreeRTOS/Source/portable/GCC/ARM_CM3/port.o
                0x0000000008006fd0                vPortValidateInterruptPriority
 .text.pvPortMalloc
                0x000000000800704c      0x188 ./Middlewares/Third_Party/FreeRTOS/Source/portable/MemMang/heap_4.o
                0x000000000800704c                pvPortMalloc
 .text.vPortFree
                0x00000000080071d4       0xb4 ./Middlewares/Third_Party/FreeRTOS/Source/portable/MemMang/heap_4.o
                0x00000000080071d4                vPortFree
 .text.prvHeapInit
                0x0000000008007288       0xc4 ./Middlewares/Third_Party/FreeRTOS/Source/portable/MemMang/heap_4.o
 .text.prvInsertBlockIntoFreeList
                0x000000000800734c       0xb0 ./Middlewares/Third_Party/FreeRTOS/Source/portable/MemMang/heap_4.o
 .text.__libc_init_array
                0x00000000080073fc       0x48 c:/st/stm32cubeide_1.10.1/stm32cubeide/plugins/com.st.stm32cube.ide.mcu.externaltools.gnu-tools-for-stm32.10.3-2021.10.win32_1.0.0.202111181127/tools/bin/../lib/gcc/arm-none-eabi/10.3.1/../../../../arm-none-eabi/lib/thumb/v7-m/nofp\libc_nano.a(lib_a-init.o)
                0x00000000080073fc                __libc_init_array
 .text.memcpy   0x0000000008007444       0x1c c:/st/stm32cubeide_1.10.1/stm32cubeide/plugins/com.st.stm32cube.ide.mcu.externaltools.gnu-tools-for-stm32.10.3-2021.10.win32_1.0.0.202111181127/tools/bin/../lib/gcc/arm-none-eabi/10.3.1/../../../../arm-none-eabi/lib/thumb/v7-m/nofp\libc_nano.a(lib_a-memcpy-stub.o)
                0x0000000008007444                memcpy
 .text.memset   0x0000000008007460       0x10 c:/st/stm32cubeide_1.10.1/stm32cubeide/plugins/com.st.stm32cube.ide.mcu.externaltools.gnu-tools-for-stm32.10.3-2021.10.win32_1.0.0.202111181127/tools/bin/../lib/gcc/arm-none-eabi/10.3.1/../../../../arm-none-eabi/lib/thumb/v7-m/nofp\libc_nano.a(lib_a-memset.o)
                0x0000000008007460                memset
 *(.glue_7)
 .glue_7        0x0000000008007470        0x0 linker stubs
 *(.glue_7t)
 .glue_7t       0x0000000008007470        0x0 linker stubs
 *(.eh_frame)
 .eh_frame      0x0000000008007470        0x0 c:/st/stm32cubeide_1.10.1/stm32cubeide/plugins/com.st.stm32cube.ide.mcu.externaltools.gnu-tools-for-stm32.10.3-2021.10.win32_1.0.0.202111181127/tools/bin/../lib/gcc/arm-none-eabi/10.3.1/thumb/v7-m/nofp/crtbegin.o
 *(.init)
 .init          0x0000000008007470        0x4 c:/st/stm32cubeide_1.10.1/stm32cubeide/plugins/com.st.stm32cube.ide.mcu.externaltools.gnu-tools-for-stm32.10.3-2021.10.win32_1.0.0.202111181127/tools/bin/../lib/gcc/arm-none-eabi/10.3.1/thumb/v7-m/nofp/crti.o
                0x0000000008007470                _init
 .init          0x0000000008007474        0x8 c:/st/stm32cubeide_1.10.1/stm32cubeide/plugins/com.st.stm32cube.ide.mcu.externaltools.gnu-tools-for-stm32.10.3-2021.10.win32_1.0.0.202111181127/tools/bin/../lib/gcc/arm-none-eabi/10.3.1/thumb/v7-m/nofp/crtn.o
 *(.fini)
 .fini          0x000000000800747c        0x4 c:/st/stm32cubeide_1.10.1/stm32cubeide/plugins/com.st.stm32cube.ide.mcu.externaltools.gnu-tools-for-stm32.10.3-2021.10.win32_1.0.0.202111181127/tools/bin/../lib/gcc/arm-none-eabi/10.3.1/thumb/v7-m/nofp/crti.o
                0x000000000800747c                _fini
 .fini          0x0000000008007480        0x8 c:/st/stm32cubeide_1.10.1/stm32cubeide/plugins/com.st.stm32cube.ide.mcu.externaltools.gnu-tools-for-stm32.10.3-2021.10.win32_1.0.0.202111181127/tools/bin/../lib/gcc/arm-none-eabi/10.3.1/thumb/v7-m/nofp/crtn.o
                0x0000000008007488                . = ALIGN (0x4)
                0x0000000008007488                _etext = .

.vfp11_veneer   0x0000000008007488        0x0
 .vfp11_veneer  0x0000000008007488        0x0 linker stubs

.v4_bx          0x0000000008007488        0x0
 .v4_bx         0x0000000008007488        0x0 linker stubs

.iplt           0x0000000008007488        0x0
 .iplt          0x0000000008007488        0x0 c:/st/stm32cubeide_1.10.1/stm32cubeide/plugins/com.st.stm32cube.ide.mcu.externaltools.gnu-tools-for-stm32.10.3-2021.10.win32_1.0.0.202111181127/tools/bin/../lib/gcc/arm-none-eabi/10.3.1/thumb/v7-m/nofp/crtbegin.o

.rodata         0x0000000008007488      0x124
                0x0000000008007488                . = ALIGN (0x4)
 *(.rodata)
 .rodata        0x0000000008007488        0x8 ./Core/Src/can_tools.o
 .rodata        0x0000000008007490       0xdc ./Core/Src/main.o
 .rodata        0x000000000800756c        0x5 ./Middlewares/Third_Party/FreeRTOS/Source/tasks.o
 *(.rodata*)
 *fill*         0x0000000008007571        0x3 
 .rodata.AHBPrescTable
                0x0000000008007574       0x10 ./Core/Src/system_stm32f1xx.o
                0x0000000008007574                AHBPrescTable
 .rodata.APBPrescTable
                0x0000000008007584        0x8 ./Core/Src/system_stm32f1xx.o
                0x0000000008007584                APBPrescTable
 .rodata.aPLLMULFactorTable.1
                0x000000000800758c        0xe ./Drivers/STM32F1xx_HAL_Driver/Src/stm32f1xx_hal_rcc.o
 *fill*         0x000000000800759a        0x2 
 .rodata.aPredivFactorTable.0
                0x000000000800759c       0x10 ./Drivers/STM32F1xx_HAL_Driver/Src/stm32f1xx_hal_rcc.o
                0x00000000080075ac                . = ALIGN (0x4)

.ARM.extab      0x00000000080075ac        0x0
                0x00000000080075ac                . = ALIGN (0x4)
 *(.ARM.extab* .gnu.linkonce.armextab.*)
                0x00000000080075ac                . = ALIGN (0x4)

.ARM            0x00000000080075ac        0x8
                0x00000000080075ac                . = ALIGN (0x4)
                0x00000000080075ac                __exidx_start = .
 *(.ARM.exidx*)
 .ARM.exidx     0x00000000080075ac        0x8 c:/st/stm32cubeide_1.10.1/stm32cubeide/plugins/com.st.stm32cube.ide.mcu.externaltools.gnu-tools-for-stm32.10.3-2021.10.win32_1.0.0.202111181127/tools/bin/../lib/gcc/arm-none-eabi/10.3.1/thumb/v7-m/nofp\libgcc.a(_udivmoddi4.o)
                0x00000000080075b4                __exidx_end = .
                0x00000000080075b4                . = ALIGN (0x4)

.rel.dyn        0x00000000080075b4        0x0
 .rel.iplt      0x00000000080075b4        0x0 c:/st/stm32cubeide_1.10.1/stm32cubeide/plugins/com.st.stm32cube.ide.mcu.externaltools.gnu-tools-for-stm32.10.3-2021.10.win32_1.0.0.202111181127/tools/bin/../lib/gcc/arm-none-eabi/10.3.1/thumb/v7-m/nofp/crtbegin.o

.preinit_array  0x00000000080075b4        0x0
                0x00000000080075b4                . = ALIGN (0x4)
                0x00000000080075b4                PROVIDE (__preinit_array_start = .)
 *(.preinit_array*)
                0x00000000080075b4                PROVIDE (__preinit_array_end = .)
                0x00000000080075b4                . = ALIGN (0x4)

.init_array     0x00000000080075b4        0x4
                0x00000000080075b4                . = ALIGN (0x4)
                0x00000000080075b4                PROVIDE (__init_array_start = .)
 *(SORT_BY_NAME(.init_array.*))
 *(.init_array*)
 .init_array    0x00000000080075b4        0x4 c:/st/stm32cubeide_1.10.1/stm32cubeide/plugins/com.st.stm32cube.ide.mcu.externaltools.gnu-tools-for-stm32.10.3-2021.10.win32_1.0.0.202111181127/tools/bin/../lib/gcc/arm-none-eabi/10.3.1/thumb/v7-m/nofp/crtbegin.o
                0x00000000080075b8                PROVIDE (__init_array_end = .)
                0x00000000080075b8                . = ALIGN (0x4)

.fini_array     0x00000000080075b8        0x4
                0x00000000080075b8                . = ALIGN (0x4)
                [!provide]                        PROVIDE (__fini_array_start = .)
 *(SORT_BY_NAME(.fini_array.*))
 *(.fini_array*)
 .fini_array    0x00000000080075b8        0x4 c:/st/stm32cubeide_1.10.1/stm32cubeide/plugins/com.st.stm32cube.ide.mcu.externaltools.gnu-tools-for-stm32.10.3-2021.10.win32_1.0.0.202111181127/tools/bin/../lib/gcc/arm-none-eabi/10.3.1/thumb/v7-m/nofp/crtbegin.o
                [!provide]                        PROVIDE (__fini_array_end = .)
                0x00000000080075bc                . = ALIGN (0x4)
                0x00000000080075bc                _sidata = LOADADDR (.data)

.data           0x0000000020000000       0x10 load address 0x00000000080075bc
                0x0000000020000000                . = ALIGN (0x4)
                0x0000000020000000                _sdata = .
 *(.data)
 *(.data*)
 .data.SystemCoreClock
                0x0000000020000000        0x4 ./Core/Src/system_stm32f1xx.o
                0x0000000020000000                SystemCoreClock
 .data.uwTickPrio
                0x0000000020000004        0x4 ./Drivers/STM32F1xx_HAL_Driver/Src/stm32f1xx_hal.o
                0x0000000020000004                uwTickPrio
 .data.uwTickFreq
                0x0000000020000008        0x1 ./Drivers/STM32F1xx_HAL_Driver/Src/stm32f1xx_hal.o
                0x0000000020000008                uwTickFreq
 *fill*         0x0000000020000009        0x3 
 .data.uxCriticalNesting
                0x000000002000000c        0x4 ./Middlewares/Third_Party/FreeRTOS/Source/portable/GCC/ARM_CM3/port.o
 *(.RamFunc)
 *(.RamFunc*)
                0x0000000020000010                . = ALIGN (0x4)
                0x0000000020000010                _edata = .

.igot.plt       0x0000000020000010        0x0 load address 0x00000000080075cc
 .igot.plt      0x0000000020000010        0x0 c:/st/stm32cubeide_1.10.1/stm32cubeide/plugins/com.st.stm32cube.ide.mcu.externaltools.gnu-tools-for-stm32.10.3-2021.10.win32_1.0.0.202111181127/tools/bin/../lib/gcc/arm-none-eabi/10.3.1/thumb/v7-m/nofp/crtbegin.o
                0x0000000020000010                . = ALIGN (0x4)

.bss            0x0000000020000010     0x2be0 load address 0x00000000080075cc
                0x0000000020000010                _sbss = .
                0x0000000020000010                __bss_start__ = _sbss
 *(.bss)
 .bss           0x0000000020000010       0x1c c:/st/stm32cubeide_1.10.1/stm32cubeide/plugins/com.st.stm32cube.ide.mcu.externaltools.gnu-tools-for-stm32.10.3-2021.10.win32_1.0.0.202111181127/tools/bin/../lib/gcc/arm-none-eabi/10.3.1/thumb/v7-m/nofp/crtbegin.o
 *(.bss*)
 .bss.Canbuffer
                0x000000002000002c      0x320 ./Core/Src/can_tools.o
                0x000000002000002c                Canbuffer
 .bss.pHeader   0x000000002000034c       0x18 ./Core/Src/can_tools.o
                0x000000002000034c                pHeader
 .bss.indx      0x0000000020000364        0x1 ./Core/Src/can_tools.o
                0x0000000020000364                indx
 *fill*         0x0000000020000365        0x3 
 .bss.CAN_Bridge_MSG
                0x0000000020000368      0xbe0 ./Core/Src/can_tools.o
                0x0000000020000368                CAN_Bridge_MSG
 .bss.myErrorFlag
                0x0000000020000f48        0xe ./Core/Src/can_tools.o
                0x0000000020000f48                myErrorFlag
 *fill*         0x0000000020000f56        0x2 
 .bss.IDlist1   0x0000000020000f58      0x3e8 ./Core/Src/can_tools.o
                0x0000000020000f58                IDlist1
 .bss.IDlist2   0x0000000020001340      0x3e8 ./Core/Src/can_tools.o
                0x0000000020001340                IDlist2
 .bss.index1.1  0x0000000020001728        0x2 ./Core/Src/can_tools.o
 .bss.index2.0  0x000000002000172a        0x2 ./Core/Src/can_tools.o
 .bss.xIdleTaskTCBBuffer
                0x000000002000172c       0x54 ./Core/Src/freertos.o
 .bss.xIdleStack
                0x0000000020001780      0x200 ./Core/Src/freertos.o
 .bss.hadc1     0x0000000020001980       0x30 ./Core/Src/main.o
                0x0000000020001980                hadc1
 .bss.hcan1     0x00000000200019b0       0x28 ./Core/Src/main.o
                0x00000000200019b0                hcan1
 .bss.hcan2     0x00000000200019d8       0x28 ./Core/Src/main.o
                0x00000000200019d8                hcan2
 .bss.defaultTaskHandle
                0x0000000020001a00        0x4 ./Core/Src/main.o
                0x0000000020001a00                defaultTaskHandle
 .bss.myButtonTaskHandle
                0x0000000020001a04        0x4 ./Core/Src/main.o
                0x0000000020001a04                myButtonTaskHandle
 .bss.myTask03Handle
                0x0000000020001a08        0x4 ./Core/Src/main.o
                0x0000000020001a08                myTask03Handle
 .bss.myTask04Handle
                0x0000000020001a0c        0x4 ./Core/Src/main.o
                0x0000000020001a0c                myTask04Handle
 .bss.myTask05Handle
                0x0000000020001a10        0x4 ./Core/Src/main.o
                0x0000000020001a10                myTask05Handle
 .bss.myQueue01Handle
                0x0000000020001a14        0x4 ./Core/Src/main.o
                0x0000000020001a14                myQueue01Handle
 .bss.myQueue02Handle
                0x0000000020001a18        0x4 ./Core/Src/main.o
                0x0000000020001a18                myQueue02Handle
 .bss.SartStopSem01Handle
                0x0000000020001a1c        0x4 ./Core/Src/main.o
                0x0000000020001a1c                SartStopSem01Handle
 .bss.HandBrakeSem02Handle
                0x0000000020001a20        0x4 ./Core/Src/main.o
                0x0000000020001a20                HandBrakeSem02Handle
 .bss.ParkBrakeSem03Handle
                0x0000000020001a24        0x4 ./Core/Src/main.o
                0x0000000020001a24                ParkBrakeSem03Handle
 .bss.Commandstruct
                0x0000000020001a28        0xc ./Core/Src/main.o
                0x0000000020001a28                Commandstruct
 .bss.adc       0x0000000020001a34        0x4 ./Core/Src/main.o
                0x0000000020001a34                adc
 .bss.bytes     0x0000000020001a38        0x8 ./Core/Src/main.o
                0x0000000020001a38                bytes
 .bss.bytesc    0x0000000020001a40        0x8 ./Core/Src/main.o
                0x0000000020001a40                bytesc
 .bss.byte3     0x0000000020001a48        0x1 ./Core/Src/main.o
                0x0000000020001a48                byte3
 *fill*         0x0000000020001a49        0x3 
 .bss.byte0     0x0000000020001a4c        0x1 ./Core/Src/main.o
                0x0000000020001a4c                byte0
 .bss.SETME_X64
                0x0000000020001a4d        0x1 ./Core/Src/main.o
                0x0000000020001a4d                SETME_X64
 .bss.ANGLE     0x0000000020001a4e        0x1 ./Core/Src/main.o
                0x0000000020001a4e                ANGLE
 .bss.PERCENTAGE
                0x0000000020001a4f        0x1 ./Core/Src/main.o
                0x0000000020001a4f                PERCENTAGE
 .bss.SetSteerAngle
                0x0000000020001a50        0x2 ./Core/Src/main.o
                0x0000000020001a50                SetSteerAngle
 *fill*         0x0000000020001a52        0x2 
 .bss.HAL_RCC_CAN1_CLK_ENABLED
                0x0000000020001a54        0x4 ./Core/Src/stm32f1xx_hal_msp.o
 .bss.htim6     0x0000000020001a58       0x48 ./Core/Src/stm32f1xx_hal_timebase_tim.o
                0x0000000020001a58                htim6
 .bss.uwTick    0x0000000020001aa0        0x4 ./Drivers/STM32F1xx_HAL_Driver/Src/stm32f1xx_hal.o
                0x0000000020001aa0                uwTick
 .bss.pxCurrentTCB
                0x0000000020001aa4        0x4 ./Middlewares/Third_Party/FreeRTOS/Source/tasks.o
                0x0000000020001aa4                pxCurrentTCB
 .bss.pxReadyTasksLists
                0x0000000020001aa8       0x8c ./Middlewares/Third_Party/FreeRTOS/Source/tasks.o
 .bss.xDelayedTaskList1
                0x0000000020001b34       0x14 ./Middlewares/Third_Party/FreeRTOS/Source/tasks.o
 .bss.xDelayedTaskList2
                0x0000000020001b48       0x14 ./Middlewares/Third_Party/FreeRTOS/Source/tasks.o
 .bss.pxDelayedTaskList
                0x0000000020001b5c        0x4 ./Middlewares/Third_Party/FreeRTOS/Source/tasks.o
 .bss.pxOverflowDelayedTaskList
                0x0000000020001b60        0x4 ./Middlewares/Third_Party/FreeRTOS/Source/tasks.o
 .bss.xPendingReadyList
                0x0000000020001b64       0x14 ./Middlewares/Third_Party/FreeRTOS/Source/tasks.o
 .bss.xTasksWaitingTermination
                0x0000000020001b78       0x14 ./Middlewares/Third_Party/FreeRTOS/Source/tasks.o
 .bss.uxDeletedTasksWaitingCleanUp
                0x0000000020001b8c        0x4 ./Middlewares/Third_Party/FreeRTOS/Source/tasks.o
 .bss.xSuspendedTaskList
                0x0000000020001b90       0x14 ./Middlewares/Third_Party/FreeRTOS/Source/tasks.o
 .bss.uxCurrentNumberOfTasks
                0x0000000020001ba4        0x4 ./Middlewares/Third_Party/FreeRTOS/Source/tasks.o
 .bss.xTickCount
                0x0000000020001ba8        0x4 ./Middlewares/Third_Party/FreeRTOS/Source/tasks.o
 .bss.uxTopReadyPriority
                0x0000000020001bac        0x4 ./Middlewares/Third_Party/FreeRTOS/Source/tasks.o
 .bss.xSchedulerRunning
                0x0000000020001bb0        0x4 ./Middlewares/Third_Party/FreeRTOS/Source/tasks.o
 .bss.uxPendedTicks
                0x0000000020001bb4        0x4 ./Middlewares/Third_Party/FreeRTOS/Source/tasks.o
 .bss.xYieldPending
                0x0000000020001bb8        0x4 ./Middlewares/Third_Party/FreeRTOS/Source/tasks.o
 .bss.xNumOfOverflows
                0x0000000020001bbc        0x4 ./Middlewares/Third_Party/FreeRTOS/Source/tasks.o
 .bss.uxTaskNumber
                0x0000000020001bc0        0x4 ./Middlewares/Third_Party/FreeRTOS/Source/tasks.o
 .bss.xNextTaskUnblockTime
                0x0000000020001bc4        0x4 ./Middlewares/Third_Party/FreeRTOS/Source/tasks.o
 .bss.xIdleTaskHandle
                0x0000000020001bc8        0x4 ./Middlewares/Third_Party/FreeRTOS/Source/tasks.o
 .bss.uxSchedulerSuspended
                0x0000000020001bcc        0x4 ./Middlewares/Third_Party/FreeRTOS/Source/tasks.o
 .bss.ucMaxSysCallPriority
                0x0000000020001bd0        0x1 ./Middlewares/Third_Party/FreeRTOS/Source/portable/GCC/ARM_CM3/port.o
 *fill*         0x0000000020001bd1        0x3 
 .bss.ulMaxPRIGROUPValue
                0x0000000020001bd4        0x4 ./Middlewares/Third_Party/FreeRTOS/Source/portable/GCC/ARM_CM3/port.o
 .bss.ucHeap    0x0000000020001bd8     0x1000 ./Middlewares/Third_Party/FreeRTOS/Source/portable/MemMang/heap_4.o
 .bss.xStart    0x0000000020002bd8        0x8 ./Middlewares/Third_Party/FreeRTOS/Source/portable/MemMang/heap_4.o
 .bss.pxEnd     0x0000000020002be0        0x4 ./Middlewares/Third_Party/FreeRTOS/Source/portable/MemMang/heap_4.o
 .bss.xFreeBytesRemaining
                0x0000000020002be4        0x4 ./Middlewares/Third_Party/FreeRTOS/Source/portable/MemMang/heap_4.o
 .bss.xMinimumEverFreeBytesRemaining
                0x0000000020002be8        0x4 ./Middlewares/Third_Party/FreeRTOS/Source/portable/MemMang/heap_4.o
 .bss.xBlockAllocatedBit
                0x0000000020002bec        0x4 ./Middlewares/Third_Party/FreeRTOS/Source/portable/MemMang/heap_4.o
 *(COMMON)
                0x0000000020002bf0                . = ALIGN (0x4)
                0x0000000020002bf0                _ebss = .
                0x0000000020002bf0                __bss_end__ = _ebss

._user_heap_stack
                0x0000000020002bf0      0x600 load address 0x00000000080075cc
                0x0000000020002bf0                . = ALIGN (0x8)
                [!provide]                        PROVIDE (end = .)
                0x0000000020002bf0                PROVIDE (_end = .)
                0x0000000020002df0                . = (. + _Min_Heap_Size)
 *fill*         0x0000000020002bf0      0x200 
                0x00000000200031f0                . = (. + _Min_Stack_Size)
 *fill*         0x0000000020002df0      0x400 
                0x00000000200031f0                . = ALIGN (0x8)

/DISCARD/
 libc.a(*)
 libm.a(*)
 libgcc.a(*)

.ARM.attributes
                0x0000000000000000       0x29
 *(.ARM.attributes)
 .ARM.attributes
                0x0000000000000000       0x1d c:/st/stm32cubeide_1.10.1/stm32cubeide/plugins/com.st.stm32cube.ide.mcu.externaltools.gnu-tools-for-stm32.10.3-2021.10.win32_1.0.0.202111181127/tools/bin/../lib/gcc/arm-none-eabi/10.3.1/thumb/v7-m/nofp/crti.o
 .ARM.attributes
                0x000000000000001d       0x2d c:/st/stm32cubeide_1.10.1/stm32cubeide/plugins/com.st.stm32cube.ide.mcu.externaltools.gnu-tools-for-stm32.10.3-2021.10.win32_1.0.0.202111181127/tools/bin/../lib/gcc/arm-none-eabi/10.3.1/thumb/v7-m/nofp/crtbegin.o
 .ARM.attributes
                0x000000000000004a       0x2d ./Core/Src/GolfChecksum.o
 .ARM.attributes
                0x0000000000000077       0x2d ./Core/Src/can_tools.o
 .ARM.attributes
                0x00000000000000a4       0x2d ./Core/Src/freertos.o
 .ARM.attributes
                0x00000000000000d1       0x2d ./Core/Src/main.o
 .ARM.attributes
                0x00000000000000fe       0x2d ./Core/Src/stm32f1xx_hal_msp.o
 .ARM.attributes
                0x000000000000012b       0x2d ./Core/Src/stm32f1xx_hal_timebase_tim.o
 .ARM.attributes
                0x0000000000000158       0x2d ./Core/Src/stm32f1xx_it.o
 .ARM.attributes
                0x0000000000000185       0x2d ./Core/Src/system_stm32f1xx.o
 .ARM.attributes
                0x00000000000001b2       0x21 ./Core/Startup/startup_stm32f105rctx.o
 .ARM.attributes
                0x00000000000001d3       0x2d ./Drivers/STM32F1xx_HAL_Driver/Src/stm32f1xx_hal.o
 .ARM.attributes
                0x0000000000000200       0x2d ./Drivers/STM32F1xx_HAL_Driver/Src/stm32f1xx_hal_adc.o
 .ARM.attributes
                0x000000000000022d       0x2d ./Drivers/STM32F1xx_HAL_Driver/Src/stm32f1xx_hal_can.o
 .ARM.attributes
                0x000000000000025a       0x2d ./Drivers/STM32F1xx_HAL_Driver/Src/stm32f1xx_hal_cortex.o
 .ARM.attributes
                0x0000000000000287       0x2d ./Drivers/STM32F1xx_HAL_Driver/Src/stm32f1xx_hal_gpio.o
 .ARM.attributes
                0x00000000000002b4       0x2d ./Drivers/STM32F1xx_HAL_Driver/Src/stm32f1xx_hal_rcc.o
 .ARM.attributes
                0x00000000000002e1       0x2d ./Drivers/STM32F1xx_HAL_Driver/Src/stm32f1xx_hal_rcc_ex.o
 .ARM.attributes
                0x000000000000030e       0x2d ./Drivers/STM32F1xx_HAL_Driver/Src/stm32f1xx_hal_tim.o
 .ARM.attributes
                0x000000000000033b       0x2d ./Drivers/STM32F1xx_HAL_Driver/Src/stm32f1xx_hal_tim_ex.o
 .ARM.attributes
                0x0000000000000368       0x2d ./Middlewares/Third_Party/FreeRTOS/Source/CMSIS_RTOS/cmsis_os.o
 .ARM.attributes
                0x0000000000000395       0x2d ./Middlewares/Third_Party/FreeRTOS/Source/list.o
 .ARM.attributes
                0x00000000000003c2       0x2d ./Middlewares/Third_Party/FreeRTOS/Source/queue.o
 .ARM.attributes
                0x00000000000003ef       0x2d ./Middlewares/Third_Party/FreeRTOS/Source/tasks.o
 .ARM.attributes
                0x000000000000041c       0x2d ./Middlewares/Third_Party/FreeRTOS/Source/portable/GCC/ARM_CM3/port.o
 .ARM.attributes
                0x0000000000000449       0x2d ./Middlewares/Third_Party/FreeRTOS/Source/portable/MemMang/heap_4.o
 .ARM.attributes
                0x0000000000000476       0x2d c:/st/stm32cubeide_1.10.1/stm32cubeide/plugins/com.st.stm32cube.ide.mcu.externaltools.gnu-tools-for-stm32.10.3-2021.10.win32_1.0.0.202111181127/tools/bin/../lib/gcc/arm-none-eabi/10.3.1/../../../../arm-none-eabi/lib/thumb/v7-m/nofp\libc_nano.a(lib_a-init.o)
 .ARM.attributes
                0x00000000000004a3       0x2d c:/st/stm32cubeide_1.10.1/stm32cubeide/plugins/com.st.stm32cube.ide.mcu.externaltools.gnu-tools-for-stm32.10.3-2021.10.win32_1.0.0.202111181127/tools/bin/../lib/gcc/arm-none-eabi/10.3.1/../../../../arm-none-eabi/lib/thumb/v7-m/nofp\libc_nano.a(lib_a-memcpy-stub.o)
 .ARM.attributes
                0x00000000000004d0       0x2d c:/st/stm32cubeide_1.10.1/stm32cubeide/plugins/com.st.stm32cube.ide.mcu.externaltools.gnu-tools-for-stm32.10.3-2021.10.win32_1.0.0.202111181127/tools/bin/../lib/gcc/arm-none-eabi/10.3.1/../../../../arm-none-eabi/lib/thumb/v7-m/nofp\libc_nano.a(lib_a-memset.o)
 .ARM.attributes
                0x00000000000004fd       0x1d c:/st/stm32cubeide_1.10.1/stm32cubeide/plugins/com.st.stm32cube.ide.mcu.externaltools.gnu-tools-for-stm32.10.3-2021.10.win32_1.0.0.202111181127/tools/bin/../lib/gcc/arm-none-eabi/10.3.1/thumb/v7-m/nofp\libgcc.a(_arm_addsubdf3.o)
 .ARM.attributes
                0x000000000000051a       0x1d c:/st/stm32cubeide_1.10.1/stm32cubeide/plugins/com.st.stm32cube.ide.mcu.externaltools.gnu-tools-for-stm32.10.3-2021.10.win32_1.0.0.202111181127/tools/bin/../lib/gcc/arm-none-eabi/10.3.1/thumb/v7-m/nofp\libgcc.a(_arm_muldivdf3.o)
 .ARM.attributes
                0x0000000000000537       0x1d c:/st/stm32cubeide_1.10.1/stm32cubeide/plugins/com.st.stm32cube.ide.mcu.externaltools.gnu-tools-for-stm32.10.3-2021.10.win32_1.0.0.202111181127/tools/bin/../lib/gcc/arm-none-eabi/10.3.1/thumb/v7-m/nofp\libgcc.a(_arm_fixdfsi.o)
 .ARM.attributes
                0x0000000000000554       0x1d c:/st/stm32cubeide_1.10.1/stm32cubeide/plugins/com.st.stm32cube.ide.mcu.externaltools.gnu-tools-for-stm32.10.3-2021.10.win32_1.0.0.202111181127/tools/bin/../lib/gcc/arm-none-eabi/10.3.1/thumb/v7-m/nofp\libgcc.a(_arm_addsubsf3.o)
 .ARM.attributes
                0x0000000000000571       0x1d c:/st/stm32cubeide_1.10.1/stm32cubeide/plugins/com.st.stm32cube.ide.mcu.externaltools.gnu-tools-for-stm32.10.3-2021.10.win32_1.0.0.202111181127/tools/bin/../lib/gcc/arm-none-eabi/10.3.1/thumb/v7-m/nofp\libgcc.a(_arm_muldivsf3.o)
 .ARM.attributes
                0x000000000000058e       0x1d c:/st/stm32cubeide_1.10.1/stm32cubeide/plugins/com.st.stm32cube.ide.mcu.externaltools.gnu-tools-for-stm32.10.3-2021.10.win32_1.0.0.202111181127/tools/bin/../lib/gcc/arm-none-eabi/10.3.1/thumb/v7-m/nofp\libgcc.a(_arm_cmpsf2.o)
 .ARM.attributes
                0x00000000000005ab       0x1d c:/st/stm32cubeide_1.10.1/stm32cubeide/plugins/com.st.stm32cube.ide.mcu.externaltools.gnu-tools-for-stm32.10.3-2021.10.win32_1.0.0.202111181127/tools/bin/../lib/gcc/arm-none-eabi/10.3.1/thumb/v7-m/nofp\libgcc.a(_aeabi_uldivmod.o)
 .ARM.attributes
                0x00000000000005c8       0x2d c:/st/stm32cubeide_1.10.1/stm32cubeide/plugins/com.st.stm32cube.ide.mcu.externaltools.gnu-tools-for-stm32.10.3-2021.10.win32_1.0.0.202111181127/tools/bin/../lib/gcc/arm-none-eabi/10.3.1/thumb/v7-m/nofp\libgcc.a(_udivmoddi4.o)
 .ARM.attributes
                0x00000000000005f5       0x1d c:/st/stm32cubeide_1.10.1/stm32cubeide/plugins/com.st.stm32cube.ide.mcu.externaltools.gnu-tools-for-stm32.10.3-2021.10.win32_1.0.0.202111181127/tools/bin/../lib/gcc/arm-none-eabi/10.3.1/thumb/v7-m/nofp\libgcc.a(_dvmd_tls.o)
 .ARM.attributes
                0x0000000000000612       0x1d c:/st/stm32cubeide_1.10.1/stm32cubeide/plugins/com.st.stm32cube.ide.mcu.externaltools.gnu-tools-for-stm32.10.3-2021.10.win32_1.0.0.202111181127/tools/bin/../lib/gcc/arm-none-eabi/10.3.1/thumb/v7-m/nofp/crtn.o
OUTPUT(Shift by wire.elf elf32-littlearm)
LOAD linker stubs
LOAD c:/st/stm32cubeide_1.10.1/stm32cubeide/plugins/com.st.stm32cube.ide.mcu.externaltools.gnu-tools-for-stm32.10.3-2021.10.win32_1.0.0.202111181127/tools/bin/../lib/gcc/arm-none-eabi/10.3.1/../../../../arm-none-eabi/lib/thumb/v7-m/nofp\libc.a
LOAD c:/st/stm32cubeide_1.10.1/stm32cubeide/plugins/com.st.stm32cube.ide.mcu.externaltools.gnu-tools-for-stm32.10.3-2021.10.win32_1.0.0.202111181127/tools/bin/../lib/gcc/arm-none-eabi/10.3.1/../../../../arm-none-eabi/lib/thumb/v7-m/nofp\libm.a
LOAD c:/st/stm32cubeide_1.10.1/stm32cubeide/plugins/com.st.stm32cube.ide.mcu.externaltools.gnu-tools-for-stm32.10.3-2021.10.win32_1.0.0.202111181127/tools/bin/../lib/gcc/arm-none-eabi/10.3.1/thumb/v7-m/nofp\libgcc.a

.debug_info     0x0000000000000000    0x13f12
 .debug_info    0x0000000000000000      0x2ac ./Core/Src/GolfChecksum.o
 .debug_info    0x00000000000002ac      0xd76 ./Core/Src/can_tools.o
 .debug_info    0x0000000000001022      0x294 ./Core/Src/freertos.o
 .debug_info    0x00000000000012b6     0x20a1 ./Core/Src/main.o
 .debug_info    0x0000000000003357      0xf23 ./Core/Src/stm32f1xx_hal_msp.o
 .debug_info    0x000000000000427a      0xa79 ./Core/Src/stm32f1xx_hal_timebase_tim.o
 .debug_info    0x0000000000004cf3      0xb3b ./Core/Src/stm32f1xx_it.o
 .debug_info    0x000000000000582e      0x27a ./Core/Src/system_stm32f1xx.o
 .debug_info    0x0000000000005aa8       0x22 ./Core/Startup/startup_stm32f105rctx.o
 .debug_info    0x0000000000005aca      0x7b0 ./Drivers/STM32F1xx_HAL_Driver/Src/stm32f1xx_hal.o
 .debug_info    0x000000000000627a      0xcfe ./Drivers/STM32F1xx_HAL_Driver/Src/stm32f1xx_hal_adc.o
 .debug_info    0x0000000000006f78      0xff6 ./Drivers/STM32F1xx_HAL_Driver/Src/stm32f1xx_hal_can.o
 .debug_info    0x0000000000007f6e      0xb80 ./Drivers/STM32F1xx_HAL_Driver/Src/stm32f1xx_hal_cortex.o
 .debug_info    0x0000000000008aee      0x631 ./Drivers/STM32F1xx_HAL_Driver/Src/stm32f1xx_hal_gpio.o
 .debug_info    0x000000000000911f      0x911 ./Drivers/STM32F1xx_HAL_Driver/Src/stm32f1xx_hal_rcc.o
 .debug_info    0x0000000000009a30      0x5c5 ./Drivers/STM32F1xx_HAL_Driver/Src/stm32f1xx_hal_rcc_ex.o
 .debug_info    0x0000000000009ff5     0x2bab ./Drivers/STM32F1xx_HAL_Driver/Src/stm32f1xx_hal_tim.o
 .debug_info    0x000000000000cba0     0x15c7 ./Drivers/STM32F1xx_HAL_Driver/Src/stm32f1xx_hal_tim_ex.o
 .debug_info    0x000000000000e167     0x1c4e ./Middlewares/Third_Party/FreeRTOS/Source/CMSIS_RTOS/cmsis_os.o
 .debug_info    0x000000000000fdb5      0x2cb ./Middlewares/Third_Party/FreeRTOS/Source/list.o
 .debug_info    0x0000000000010080     0x182b ./Middlewares/Third_Party/FreeRTOS/Source/queue.o
 .debug_info    0x00000000000118ab     0x1dc8 ./Middlewares/Third_Party/FreeRTOS/Source/tasks.o
 .debug_info    0x0000000000013673      0x4b7 ./Middlewares/Third_Party/FreeRTOS/Source/portable/GCC/ARM_CM3/port.o
 .debug_info    0x0000000000013b2a      0x3e8 ./Middlewares/Third_Party/FreeRTOS/Source/portable/MemMang/heap_4.o

.debug_abbrev   0x0000000000000000     0x332a
 .debug_abbrev  0x0000000000000000      0x109 ./Core/Src/GolfChecksum.o
 .debug_abbrev  0x0000000000000109      0x2ba ./Core/Src/can_tools.o
 .debug_abbrev  0x00000000000003c3       0xcd ./Core/Src/freertos.o
 .debug_abbrev  0x0000000000000490      0x40c ./Core/Src/main.o
 .debug_abbrev  0x000000000000089c      0x1e3 ./Core/Src/stm32f1xx_hal_msp.o
 .debug_abbrev  0x0000000000000a7f      0x1e6 ./Core/Src/stm32f1xx_hal_timebase_tim.o
 .debug_abbrev  0x0000000000000c65      0x1c8 ./Core/Src/stm32f1xx_it.o
 .debug_abbrev  0x0000000000000e2d      0x116 ./Core/Src/system_stm32f1xx.o
 .debug_abbrev  0x0000000000000f43       0x12 ./Core/Startup/startup_stm32f105rctx.o
 .debug_abbrev  0x0000000000000f55      0x1fb ./Drivers/STM32F1xx_HAL_Driver/Src/stm32f1xx_hal.o
 .debug_abbrev  0x0000000000001150      0x210 ./Drivers/STM32F1xx_HAL_Driver/Src/stm32f1xx_hal_adc.o
 .debug_abbrev  0x0000000000001360      0x244 ./Drivers/STM32F1xx_HAL_Driver/Src/stm32f1xx_hal_can.o
 .debug_abbrev  0x00000000000015a4      0x2ed ./Drivers/STM32F1xx_HAL_Driver/Src/stm32f1xx_hal_cortex.o
 .debug_abbrev  0x0000000000001891      0x1bb ./Drivers/STM32F1xx_HAL_Driver/Src/stm32f1xx_hal_gpio.o
 .debug_abbrev  0x0000000000001a4c      0x28a ./Drivers/STM32F1xx_HAL_Driver/Src/stm32f1xx_hal_rcc.o
 .debug_abbrev  0x0000000000001cd6      0x1a2 ./Drivers/STM32F1xx_HAL_Driver/Src/stm32f1xx_hal_rcc_ex.o
 .debug_abbrev  0x0000000000001e78      0x264 ./Drivers/STM32F1xx_HAL_Driver/Src/stm32f1xx_hal_tim.o
 .debug_abbrev  0x00000000000020dc      0x26c ./Drivers/STM32F1xx_HAL_Driver/Src/stm32f1xx_hal_tim_ex.o
 .debug_abbrev  0x0000000000002348      0x392 ./Middlewares/Third_Party/FreeRTOS/Source/CMSIS_RTOS/cmsis_os.o
 .debug_abbrev  0x00000000000026da       0xf2 ./Middlewares/Third_Party/FreeRTOS/Source/list.o
 .debug_abbrev  0x00000000000027cc      0x3ba ./Middlewares/Third_Party/FreeRTOS/Source/queue.o
 .debug_abbrev  0x0000000000002b86      0x34e ./Middlewares/Third_Party/FreeRTOS/Source/tasks.o
 .debug_abbrev  0x0000000000002ed4      0x257 ./Middlewares/Third_Party/FreeRTOS/Source/portable/GCC/ARM_CM3/port.o
 .debug_abbrev  0x000000000000312b      0x1ff ./Middlewares/Third_Party/FreeRTOS/Source/portable/MemMang/heap_4.o

.debug_aranges  0x0000000000000000     0x1278
 .debug_aranges
                0x0000000000000000       0x40 ./Core/Src/GolfChecksum.o
 .debug_aranges
                0x0000000000000040       0x50 ./Core/Src/can_tools.o
 .debug_aranges
                0x0000000000000090       0x20 ./Core/Src/freertos.o
 .debug_aranges
                0x00000000000000b0       0x80 ./Core/Src/main.o
 .debug_aranges
                0x0000000000000130       0x40 ./Core/Src/stm32f1xx_hal_msp.o
 .debug_aranges
                0x0000000000000170       0x30 ./Core/Src/stm32f1xx_hal_timebase_tim.o
 .debug_aranges
                0x00000000000001a0       0x78 ./Core/Src/stm32f1xx_it.o
 .debug_aranges
                0x0000000000000218       0x28 ./Core/Src/system_stm32f1xx.o
 .debug_aranges
                0x0000000000000240       0x28 ./Core/Startup/startup_stm32f105rctx.o
 .debug_aranges
                0x0000000000000268       0xe0 ./Drivers/STM32F1xx_HAL_Driver/Src/stm32f1xx_hal.o
 .debug_aranges
                0x0000000000000348       0xf0 ./Drivers/STM32F1xx_HAL_Driver/Src/stm32f1xx_hal_adc.o
 .debug_aranges
                0x0000000000000438      0x138 ./Drivers/STM32F1xx_HAL_Driver/Src/stm32f1xx_hal_can.o
 .debug_aranges
                0x0000000000000570      0x100 ./Drivers/STM32F1xx_HAL_Driver/Src/stm32f1xx_hal_cortex.o
 .debug_aranges
                0x0000000000000670       0x58 ./Drivers/STM32F1xx_HAL_Driver/Src/stm32f1xx_hal_gpio.o
 .debug_aranges
                0x00000000000006c8       0x90 ./Drivers/STM32F1xx_HAL_Driver/Src/stm32f1xx_hal_rcc.o
 .debug_aranges
                0x0000000000000758       0x50 ./Drivers/STM32F1xx_HAL_Driver/Src/stm32f1xx_hal_rcc_ex.o
 .debug_aranges
                0x00000000000007a8      0x3d0 ./Drivers/STM32F1xx_HAL_Driver/Src/stm32f1xx_hal_tim.o
 .debug_aranges
                0x0000000000000b78      0x168 ./Drivers/STM32F1xx_HAL_Driver/Src/stm32f1xx_hal_tim_ex.o
 .debug_aranges
                0x0000000000000ce0      0x1d8 ./Middlewares/Third_Party/FreeRTOS/Source/CMSIS_RTOS/cmsis_os.o
 .debug_aranges
                0x0000000000000eb8       0x40 ./Middlewares/Third_Party/FreeRTOS/Source/list.o
 .debug_aranges
                0x0000000000000ef8      0x108 ./Middlewares/Third_Party/FreeRTOS/Source/queue.o
 .debug_aranges
                0x0000000000001000      0x1b0 ./Middlewares/Third_Party/FreeRTOS/Source/tasks.o
 .debug_aranges
                0x00000000000011b0       0x78 ./Middlewares/Third_Party/FreeRTOS/Source/portable/GCC/ARM_CM3/port.o
 .debug_aranges
                0x0000000000001228       0x50 ./Middlewares/Third_Party/FreeRTOS/Source/portable/MemMang/heap_4.o

.debug_ranges   0x0000000000000000     0x1100
 .debug_ranges  0x0000000000000000       0x30 ./Core/Src/GolfChecksum.o
 .debug_ranges  0x0000000000000030       0x40 ./Core/Src/can_tools.o
 .debug_ranges  0x0000000000000070       0x10 ./Core/Src/freertos.o
 .debug_ranges  0x0000000000000080       0x70 ./Core/Src/main.o
 .debug_ranges  0x00000000000000f0       0x30 ./Core/Src/stm32f1xx_hal_msp.o
 .debug_ranges  0x0000000000000120       0x20 ./Core/Src/stm32f1xx_hal_timebase_tim.o
 .debug_ranges  0x0000000000000140       0x68 ./Core/Src/stm32f1xx_it.o
 .debug_ranges  0x00000000000001a8       0x18 ./Core/Src/system_stm32f1xx.o
 .debug_ranges  0x00000000000001c0       0x20 ./Core/Startup/startup_stm32f105rctx.o
 .debug_ranges  0x00000000000001e0       0xd0 ./Drivers/STM32F1xx_HAL_Driver/Src/stm32f1xx_hal.o
 .debug_ranges  0x00000000000002b0       0xe0 ./Drivers/STM32F1xx_HAL_Driver/Src/stm32f1xx_hal_adc.o
 .debug_ranges  0x0000000000000390      0x128 ./Drivers/STM32F1xx_HAL_Driver/Src/stm32f1xx_hal_can.o
 .debug_ranges  0x00000000000004b8       0xf0 ./Drivers/STM32F1xx_HAL_Driver/Src/stm32f1xx_hal_cortex.o
 .debug_ranges  0x00000000000005a8       0x48 ./Drivers/STM32F1xx_HAL_Driver/Src/stm32f1xx_hal_gpio.o
 .debug_ranges  0x00000000000005f0       0x80 ./Drivers/STM32F1xx_HAL_Driver/Src/stm32f1xx_hal_rcc.o
 .debug_ranges  0x0000000000000670       0x40 ./Drivers/STM32F1xx_HAL_Driver/Src/stm32f1xx_hal_rcc_ex.o
 .debug_ranges  0x00000000000006b0      0x3c0 ./Drivers/STM32F1xx_HAL_Driver/Src/stm32f1xx_hal_tim.o
 .debug_ranges  0x0000000000000a70      0x158 ./Drivers/STM32F1xx_HAL_Driver/Src/stm32f1xx_hal_tim_ex.o
 .debug_ranges  0x0000000000000bc8      0x1c8 ./Middlewares/Third_Party/FreeRTOS/Source/CMSIS_RTOS/cmsis_os.o
 .debug_ranges  0x0000000000000d90       0x30 ./Middlewares/Third_Party/FreeRTOS/Source/list.o
 .debug_ranges  0x0000000000000dc0       0xf8 ./Middlewares/Third_Party/FreeRTOS/Source/queue.o
 .debug_ranges  0x0000000000000eb8      0x1a0 ./Middlewares/Third_Party/FreeRTOS/Source/tasks.o
 .debug_ranges  0x0000000000001058       0x68 ./Middlewares/Third_Party/FreeRTOS/Source/portable/GCC/ARM_CM3/port.o
 .debug_ranges  0x00000000000010c0       0x40 ./Middlewares/Third_Party/FreeRTOS/Source/portable/MemMang/heap_4.o

.debug_macro    0x0000000000000000     0x2e0d
 .debug_macro   0x0000000000000000      0x1d0 ./Core/Src/GolfChecksum.o
 .debug_macro   0x00000000000001d0      0x297 ./Core/Src/can_tools.o
 .debug_macro   0x0000000000000467       0x22 ./Core/Src/can_tools.o
 .debug_macro   0x0000000000000489       0x52 ./Core/Src/can_tools.o
 .debug_macro   0x00000000000004db      0x22e ./Core/Src/freertos.o
 .debug_macro   0x0000000000000709       0xd6 ./Core/Src/freertos.o
 .debug_macro   0x00000000000007df      0x2a9 ./Core/Src/main.o
 .debug_macro   0x0000000000000a88      0x1c6 ./Core/Src/stm32f1xx_hal_msp.o
 .debug_macro   0x0000000000000c4e      0x1b7 ./Core/Src/stm32f1xx_hal_timebase_tim.o
 .debug_macro   0x0000000000000e05      0x1e3 ./Core/Src/stm32f1xx_it.o
 .debug_macro   0x0000000000000fe8      0x1b7 ./Core/Src/system_stm32f1xx.o
 .debug_macro   0x000000000000119f      0x1db ./Drivers/STM32F1xx_HAL_Driver/Src/stm32f1xx_hal.o
 .debug_macro   0x000000000000137a      0x1d4 ./Drivers/STM32F1xx_HAL_Driver/Src/stm32f1xx_hal_adc.o
 .debug_macro   0x000000000000154e      0x1bf ./Drivers/STM32F1xx_HAL_Driver/Src/stm32f1xx_hal_can.o
 .debug_macro   0x000000000000170d      0x1b7 ./Drivers/STM32F1xx_HAL_Driver/Src/stm32f1xx_hal_cortex.o
 .debug_macro   0x00000000000018c4      0x222 ./Drivers/STM32F1xx_HAL_Driver/Src/stm32f1xx_hal_gpio.o
 .debug_macro   0x0000000000001ae6      0x1c9 ./Drivers/STM32F1xx_HAL_Driver/Src/stm32f1xx_hal_rcc.o
 .debug_macro   0x0000000000001caf      0x1b7 ./Drivers/STM32F1xx_HAL_Driver/Src/stm32f1xx_hal_rcc_ex.o
 .debug_macro   0x0000000000001e66      0x1b8 ./Drivers/STM32F1xx_HAL_Driver/Src/stm32f1xx_hal_tim.o
 .debug_macro   0x000000000000201e      0x1b7 ./Drivers/STM32F1xx_HAL_Driver/Src/stm32f1xx_hal_tim_ex.o
 .debug_macro   0x00000000000021d5      0x1fe ./Middlewares/Third_Party/FreeRTOS/Source/CMSIS_RTOS/cmsis_os.o
 .debug_macro   0x00000000000023d3       0x10 ./Middlewares/Third_Party/FreeRTOS/Source/CMSIS_RTOS/cmsis_os.o
 .debug_macro   0x00000000000023e3       0x20 ./Middlewares/Third_Party/FreeRTOS/Source/CMSIS_RTOS/cmsis_os.o
 .debug_macro   0x0000000000002403       0xab ./Middlewares/Third_Party/FreeRTOS/Source/CMSIS_RTOS/cmsis_os.o
 .debug_macro   0x00000000000024ae      0x187 ./Middlewares/Third_Party/FreeRTOS/Source/list.o
 .debug_macro   0x0000000000002635      0x212 ./Middlewares/Third_Party/FreeRTOS/Source/queue.o
 .debug_macro   0x0000000000002847       0x16 ./Middlewares/Third_Party/FreeRTOS/Source/queue.o
 .debug_macro   0x000000000000285d      0x280 ./Middlewares/Third_Party/FreeRTOS/Source/tasks.o
 .debug_macro   0x0000000000002add       0x10 ./Middlewares/Third_Party/FreeRTOS/Source/tasks.o
 .debug_macro   0x0000000000002aed      0x172 ./Middlewares/Third_Party/FreeRTOS/Source/portable/GCC/ARM_CM3/port.o
 .debug_macro   0x0000000000002c5f      0x1ae ./Middlewares/Third_Party/FreeRTOS/Source/portable/MemMang/heap_4.o

.debug_line     0x0000000000000000    0x14426
 .debug_line    0x0000000000000000      0x913 ./Core/Src/GolfChecksum.o
 .debug_line    0x0000000000000913      0xbc8 ./Core/Src/can_tools.o
 .debug_line    0x00000000000014db      0x79f ./Core/Src/freertos.o
 .debug_line    0x0000000000001c7a      0xc27 ./Core/Src/main.o
 .debug_line    0x00000000000028a1      0x7b4 ./Core/Src/stm32f1xx_hal_msp.o
 .debug_line    0x0000000000003055      0x71c ./Core/Src/stm32f1xx_hal_timebase_tim.o
 .debug_line    0x0000000000003771      0x7cb ./Core/Src/stm32f1xx_it.o
 .debug_line    0x0000000000003f3c      0x757 ./Core/Src/system_stm32f1xx.o
 .debug_line    0x0000000000004693       0x86 ./Core/Startup/startup_stm32f105rctx.o
 .debug_line    0x0000000000004719      0x94f ./Drivers/STM32F1xx_HAL_Driver/Src/stm32f1xx_hal.o
 .debug_line    0x0000000000005068      0xfd2 ./Drivers/STM32F1xx_HAL_Driver/Src/stm32f1xx_hal_adc.o
 .debug_line    0x000000000000603a     0x10f9 ./Drivers/STM32F1xx_HAL_Driver/Src/stm32f1xx_hal_can.o
 .debug_line    0x0000000000007133      0xb35 ./Drivers/STM32F1xx_HAL_Driver/Src/stm32f1xx_hal_cortex.o
 .debug_line    0x0000000000007c68      0x9e6 ./Drivers/STM32F1xx_HAL_Driver/Src/stm32f1xx_hal_gpio.o
 .debug_line    0x000000000000864e      0xe91 ./Drivers/STM32F1xx_HAL_Driver/Src/stm32f1xx_hal_rcc.o
 .debug_line    0x00000000000094df      0xb89 ./Drivers/STM32F1xx_HAL_Driver/Src/stm32f1xx_hal_rcc_ex.o
 .debug_line    0x000000000000a068     0x3425 ./Drivers/STM32F1xx_HAL_Driver/Src/stm32f1xx_hal_tim.o
 .debug_line    0x000000000000d48d     0x18d7 ./Drivers/STM32F1xx_HAL_Driver/Src/stm32f1xx_hal_tim_ex.o
 .debug_line    0x000000000000ed64     0x11de ./Middlewares/Third_Party/FreeRTOS/Source/CMSIS_RTOS/cmsis_os.o
 .debug_line    0x000000000000ff42      0x6fc ./Middlewares/Third_Party/FreeRTOS/Source/list.o
 .debug_line    0x000000000001063e     0x1479 ./Middlewares/Third_Party/FreeRTOS/Source/queue.o
 .debug_line    0x0000000000011ab7     0x1967 ./Middlewares/Third_Party/FreeRTOS/Source/tasks.o
 .debug_line    0x000000000001341e      0x74a ./Middlewares/Third_Party/FreeRTOS/Source/portable/GCC/ARM_CM3/port.o
 .debug_line    0x0000000000013b68      0x8be ./Middlewares/Third_Party/FreeRTOS/Source/portable/MemMang/heap_4.o

.debug_str      0x0000000000000000    0xc0a66
 .debug_str     0x0000000000000000    0xb10b7 ./Core/Src/GolfChecksum.o
                                      0xb140b (size before relaxing)
 .debug_str     0x00000000000b10b7     0x630d ./Core/Src/can_tools.o
                                      0xb76e0 (size before relaxing)
 .debug_str     0x00000000000b73c4      0x144 ./Core/Src/freertos.o
                                      0xb4e70 (size before relaxing)
 .debug_str     0x00000000000b7508      0xfb2 ./Core/Src/main.o
                                      0xb84e0 (size before relaxing)
 .debug_str     0x00000000000b84ba      0x42f ./Core/Src/stm32f1xx_hal_msp.o
                                      0xb1ddd (size before relaxing)
 .debug_str     0x00000000000b88e9      0x107 ./Core/Src/stm32f1xx_hal_timebase_tim.o
                                      0xb1c1e (size before relaxing)
 .debug_str     0x00000000000b89f0       0xf3 ./Core/Src/stm32f1xx_it.o
                                      0xb1bde (size before relaxing)
 .debug_str     0x00000000000b8ae3       0xb1 ./Core/Src/system_stm32f1xx.o
                                      0xb12af (size before relaxing)
 .debug_str     0x00000000000b8b94       0x36 ./Core/Startup/startup_stm32f105rctx.o
                                         0x53 (size before relaxing)
 .debug_str     0x00000000000b8bca      0x34a ./Drivers/STM32F1xx_HAL_Driver/Src/stm32f1xx_hal.o
                                      0xb1a89 (size before relaxing)
 .debug_str     0x00000000000b8f14      0x379 ./Drivers/STM32F1xx_HAL_Driver/Src/stm32f1xx_hal_adc.o
                                      0xb1958 (size before relaxing)
 .debug_str     0x00000000000b928d      0x351 ./Drivers/STM32F1xx_HAL_Driver/Src/stm32f1xx_hal_can.o
                                      0xb1a74 (size before relaxing)
 .debug_str     0x00000000000b95de      0x259 ./Drivers/STM32F1xx_HAL_Driver/Src/stm32f1xx_hal_cortex.o
                                      0xb19c7 (size before relaxing)
 .debug_str     0x00000000000b9837      0x2e1 ./Drivers/STM32F1xx_HAL_Driver/Src/stm32f1xx_hal_gpio.o
                                      0xb1608 (size before relaxing)
 .debug_str     0x00000000000b9b18      0x203 ./Drivers/STM32F1xx_HAL_Driver/Src/stm32f1xx_hal_rcc.o
                                      0xb171e (size before relaxing)
 .debug_str     0x00000000000b9d1b      0x104 ./Drivers/STM32F1xx_HAL_Driver/Src/stm32f1xx_hal_rcc_ex.o
                                      0xb152c (size before relaxing)
 .debug_str     0x00000000000b9e1f      0xe4a ./Drivers/STM32F1xx_HAL_Driver/Src/stm32f1xx_hal_tim.o
                                      0xb2695 (size before relaxing)
 .debug_str     0x00000000000bac69      0x503 ./Drivers/STM32F1xx_HAL_Driver/Src/stm32f1xx_hal_tim_ex.o
                                      0xb1eb1 (size before relaxing)
 .debug_str     0x00000000000bb16c     0x36c8 ./Middlewares/Third_Party/FreeRTOS/Source/CMSIS_RTOS/cmsis_os.o
                                       0xdcea (size before relaxing)
 .debug_str     0x00000000000be834      0x21b ./Middlewares/Third_Party/FreeRTOS/Source/list.o
                                       0xa2f0 (size before relaxing)
 .debug_str     0x00000000000bea4f      0x789 ./Middlewares/Third_Party/FreeRTOS/Source/queue.o
                                       0xbb3e (size before relaxing)
 .debug_str     0x00000000000bf1d8      0xfdd ./Middlewares/Third_Party/FreeRTOS/Source/tasks.o
                                       0xc621 (size before relaxing)
 .debug_str     0x00000000000c01b5      0x66e ./Middlewares/Third_Party/FreeRTOS/Source/portable/GCC/ARM_CM3/port.o
                                       0x808d (size before relaxing)
 .debug_str     0x00000000000c0823      0x243 ./Middlewares/Third_Party/FreeRTOS/Source/portable/MemMang/heap_4.o
                                       0xaa3d (size before relaxing)

.comment        0x0000000000000000       0x50
 .comment       0x0000000000000000       0x50 ./Core/Src/GolfChecksum.o
                                         0x51 (size before relaxing)
 .comment       0x0000000000000050       0x51 ./Core/Src/can_tools.o
 .comment       0x0000000000000050       0x51 ./Core/Src/freertos.o
 .comment       0x0000000000000050       0x51 ./Core/Src/main.o
 .comment       0x0000000000000050       0x51 ./Core/Src/stm32f1xx_hal_msp.o
 .comment       0x0000000000000050       0x51 ./Core/Src/stm32f1xx_hal_timebase_tim.o
 .comment       0x0000000000000050       0x51 ./Core/Src/stm32f1xx_it.o
 .comment       0x0000000000000050       0x51 ./Core/Src/system_stm32f1xx.o
 .comment       0x0000000000000050       0x51 ./Drivers/STM32F1xx_HAL_Driver/Src/stm32f1xx_hal.o
 .comment       0x0000000000000050       0x51 ./Drivers/STM32F1xx_HAL_Driver/Src/stm32f1xx_hal_adc.o
 .comment       0x0000000000000050       0x51 ./Drivers/STM32F1xx_HAL_Driver/Src/stm32f1xx_hal_can.o
 .comment       0x0000000000000050       0x51 ./Drivers/STM32F1xx_HAL_Driver/Src/stm32f1xx_hal_cortex.o
 .comment       0x0000000000000050       0x51 ./Drivers/STM32F1xx_HAL_Driver/Src/stm32f1xx_hal_gpio.o
 .comment       0x0000000000000050       0x51 ./Drivers/STM32F1xx_HAL_Driver/Src/stm32f1xx_hal_rcc.o
 .comment       0x0000000000000050       0x51 ./Drivers/STM32F1xx_HAL_Driver/Src/stm32f1xx_hal_rcc_ex.o
 .comment       0x0000000000000050       0x51 ./Drivers/STM32F1xx_HAL_Driver/Src/stm32f1xx_hal_tim.o
 .comment       0x0000000000000050       0x51 ./Drivers/STM32F1xx_HAL_Driver/Src/stm32f1xx_hal_tim_ex.o
 .comment       0x0000000000000050       0x51 ./Middlewares/Third_Party/FreeRTOS/Source/CMSIS_RTOS/cmsis_os.o
 .comment       0x0000000000000050       0x51 ./Middlewares/Third_Party/FreeRTOS/Source/list.o
 .comment       0x0000000000000050       0x51 ./Middlewares/Third_Party/FreeRTOS/Source/queue.o
 .comment       0x0000000000000050       0x51 ./Middlewares/Third_Party/FreeRTOS/Source/tasks.o
 .comment       0x0000000000000050       0x51 ./Middlewares/Third_Party/FreeRTOS/Source/portable/GCC/ARM_CM3/port.o
 .comment       0x0000000000000050       0x51 ./Middlewares/Third_Party/FreeRTOS/Source/portable/MemMang/heap_4.o

.debug_frame    0x0000000000000000     0x4ec8
 .debug_frame   0x0000000000000000       0xe0 ./Core/Src/GolfChecksum.o
 .debug_frame   0x00000000000000e0      0x118 ./Core/Src/can_tools.o
 .debug_frame   0x00000000000001f8       0x38 ./Core/Src/freertos.o
 .debug_frame   0x0000000000000230      0x1b4 ./Core/Src/main.o
 .debug_frame   0x00000000000003e4       0xc4 ./Core/Src/stm32f1xx_hal_msp.o
 .debug_frame   0x00000000000004a8       0x74 ./Core/Src/stm32f1xx_hal_timebase_tim.o
 .debug_frame   0x000000000000051c      0x150 ./Core/Src/stm32f1xx_it.o
 .debug_frame   0x000000000000066c       0x58 ./Core/Src/system_stm32f1xx.o
 .debug_frame   0x00000000000006c4      0x334 ./Drivers/STM32F1xx_HAL_Driver/Src/stm32f1xx_hal.o
 .debug_frame   0x00000000000009f8      0x40c ./Drivers/STM32F1xx_HAL_Driver/Src/stm32f1xx_hal_adc.o
 .debug_frame   0x0000000000000e04      0x5a0 ./Drivers/STM32F1xx_HAL_Driver/Src/stm32f1xx_hal_can.o
 .debug_frame   0x00000000000013a4      0x428 ./Drivers/STM32F1xx_HAL_Driver/Src/stm32f1xx_hal_cortex.o
 .debug_frame   0x00000000000017cc      0x14c ./Drivers/STM32F1xx_HAL_Driver/Src/stm32f1xx_hal_gpio.o
 .debug_frame   0x0000000000001918      0x220 ./Drivers/STM32F1xx_HAL_Driver/Src/stm32f1xx_hal_rcc.o
 .debug_frame   0x0000000000001b38      0x118 ./Drivers/STM32F1xx_HAL_Driver/Src/stm32f1xx_hal_rcc_ex.o
 .debug_frame   0x0000000000001c50     0x11bc ./Drivers/STM32F1xx_HAL_Driver/Src/stm32f1xx_hal_tim.o
 .debug_frame   0x0000000000002e0c      0x638 ./Drivers/STM32F1xx_HAL_Driver/Src/stm32f1xx_hal_tim_ex.o
 .debug_frame   0x0000000000003444      0x808 ./Middlewares/Third_Party/FreeRTOS/Source/CMSIS_RTOS/cmsis_os.o
 .debug_frame   0x0000000000003c4c       0xd8 ./Middlewares/Third_Party/FreeRTOS/Source/list.o
 .debug_frame   0x0000000000003d24      0x46c ./Middlewares/Third_Party/FreeRTOS/Source/queue.o
 .debug_frame   0x0000000000004190      0x758 ./Middlewares/Third_Party/FreeRTOS/Source/tasks.o
 .debug_frame   0x00000000000048e8      0x198 ./Middlewares/Third_Party/FreeRTOS/Source/portable/GCC/ARM_CM3/port.o
 .debug_frame   0x0000000000004a80      0x108 ./Middlewares/Third_Party/FreeRTOS/Source/portable/MemMang/heap_4.o
 .debug_frame   0x0000000000004b88       0x2c c:/st/stm32cubeide_1.10.1/stm32cubeide/plugins/com.st.stm32cube.ide.mcu.externaltools.gnu-tools-for-stm32.10.3-2021.10.win32_1.0.0.202111181127/tools/bin/../lib/gcc/arm-none-eabi/10.3.1/../../../../arm-none-eabi/lib/thumb/v7-m/nofp\libc_nano.a(lib_a-init.o)