Archive member included to satisfy reference by file (symbol)

c:/st/stm32cubeide_1.10.1/stm32cubeide/plugins/com.st.stm32cube.ide.mcu.externaltools.gnu-tools-for-stm32.10.3-2021.10.win32_1.0.0.202111181127/tools/bin/../lib/gcc/arm-none-eabi/10.3.1/../../../../arm-none-eabi/lib/thumb/v7-m/nofp\libc_nano.a(lib_a-errno.o)
                              ./Core/Src/syscalls.o (__errno)
c:/st/stm32cubeide_1.10.1/stm32cubeide/plugins/com.st.stm32cube.ide.mcu.externaltools.gnu-tools-for-stm32.10.3-2021.10.win32_1.0.0.202111181127/tools/bin/../lib/gcc/arm-none-eabi/10.3.1/../../../../arm-none-eabi/lib/thumb/v7-m/nofp\libc_nano.a(lib_a-exit.o)
                              c:/st/stm32cubeide_1.10.1/stm32cubeide/plugins/com.st.stm32cube.ide.mcu.externaltools.gnu-tools-for-stm32.10.3-2021.10.win32_1.0.0.202111181127/tools/bin/../lib/gcc/arm-none-eabi/10.3.1/../../../../arm-none-eabi/lib/thumb/v7-m/nofp/crt0.o (exit)
c:/st/stm32cubeide_1.10.1/stm32cubeide/plugins/com.st.stm32cube.ide.mcu.externaltools.gnu-tools-for-stm32.10.3-2021.10.win32_1.0.0.202111181127/tools/bin/../lib/gcc/arm-none-eabi/10.3.1/../../../../arm-none-eabi/lib/thumb/v7-m/nofp\libc_nano.a(lib_a-impure.o)
                              c:/st/stm32cubeide_1.10.1/stm32cubeide/plugins/com.st.stm32cube.ide.mcu.externaltools.gnu-tools-for-stm32.10.3-2021.10.win32_1.0.0.202111181127/tools/bin/../lib/gcc/arm-none-eabi/10.3.1/../../../../arm-none-eabi/lib/thumb/v7-m/nofp\libc_nano.a(lib_a-exit.o) (_global_impure_ptr)
c:/st/stm32cubeide_1.10.1/stm32cubeide/plugins/com.st.stm32cube.ide.mcu.externaltools.gnu-tools-for-stm32.10.3-2021.10.win32_1.0.0.202111181127/tools/bin/../lib/gcc/arm-none-eabi/10.3.1/../../../../arm-none-eabi/lib/thumb/v7-m/nofp\libc_nano.a(lib_a-init.o)
                              c:/st/stm32cubeide_1.10.1/stm32cubeide/plugins/com.st.stm32cube.ide.mcu.externaltools.gnu-tools-for-stm32.10.3-2021.10.win32_1.0.0.202111181127/tools/bin/../lib/gcc/arm-none-eabi/10.3.1/../../../../arm-none-eabi/lib/thumb/v7-m/nofp/crt0.o (__libc_init_array)
c:/st/stm32cubeide_1.10.1/stm32cubeide/plugins/com.st.stm32cube.ide.mcu.externaltools.gnu-tools-for-stm32.10.3-2021.10.win32_1.0.0.202111181127/tools/bin/../lib/gcc/arm-none-eabi/10.3.1/../../../../arm-none-eabi/lib/thumb/v7-m/nofp\libc_nano.a(lib_a-memcpy-stub.o)
                              ./Core/Src/main.o (memcpy)
c:/st/stm32cubeide_1.10.1/stm32cubeide/plugins/com.st.stm32cube.ide.mcu.externaltools.gnu-tools-for-stm32.10.3-2021.10.win32_1.0.0.202111181127/tools/bin/../lib/gcc/arm-none-eabi/10.3.1/../../../../arm-none-eabi/lib/thumb/v7-m/nofp\libc_nano.a(lib_a-memset.o)
                              c:/st/stm32cubeide_1.10.1/stm32cubeide/plugins/com.st.stm32cube.ide.mcu.externaltools.gnu-tools-for-stm32.10.3-2021.10.win32_1.0.0.202111181127/tools/bin/../lib/gcc/arm-none-eabi/10.3.1/../../../../arm-none-eabi/lib/thumb/v7-m/nofp/crt0.o (memset)
c:/st/stm32cubeide_1.10.1/stm32cubeide/plugins/com.st.stm32cube.ide.mcu.externaltools.gnu-tools-for-stm32.10.3-2021.10.win32_1.0.0.202111181127/tools/bin/../lib/gcc/arm-none-eabi/10.3.1/thumb/v7-m/nofp\libgcc.a(_arm_mulsf3.o)
                              ./Core/Src/main.o (__aeabi_fmul)
c:/st/stm32cubeide_1.10.1/stm32cubeide/plugins/com.st.stm32cube.ide.mcu.externaltools.gnu-tools-for-stm32.10.3-2021.10.win32_1.0.0.202111181127/tools/bin/../lib/gcc/arm-none-eabi/10.3.1/thumb/v7-m/nofp\libgcc.a(_arm_addsubdf3.o)
                              ./Core/Src/main.o (__aeabi_f2d)
c:/st/stm32cubeide_1.10.1/stm32cubeide/plugins/com.st.stm32cube.ide.mcu.externaltools.gnu-tools-for-stm32.10.3-2021.10.win32_1.0.0.202111181127/tools/bin/../lib/gcc/arm-none-eabi/10.3.1/thumb/v7-m/nofp\libgcc.a(_arm_muldivdf3.o)
                              ./Core/Src/main.o (__aeabi_ddiv)
c:/st/stm32cubeide_1.10.1/stm32cubeide/plugins/com.st.stm32cube.ide.mcu.externaltools.gnu-tools-for-stm32.10.3-2021.10.win32_1.0.0.202111181127/tools/bin/../lib/gcc/arm-none-eabi/10.3.1/thumb/v7-m/nofp\libgcc.a(_arm_fixdfsi.o)
                              ./Core/Src/main.o (__aeabi_d2iz)
c:/st/stm32cubeide_1.10.1/stm32cubeide/plugins/com.st.stm32cube.ide.mcu.externaltools.gnu-tools-for-stm32.10.3-2021.10.win32_1.0.0.202111181127/tools/bin/../lib/gcc/arm-none-eabi/10.3.1/thumb/v7-m/nofp\libgcc.a(_arm_addsubsf3.o)
                              ./Core/Src/main.o (__aeabi_fsub)
c:/st/stm32cubeide_1.10.1/stm32cubeide/plugins/com.st.stm32cube.ide.mcu.externaltools.gnu-tools-for-stm32.10.3-2021.10.win32_1.0.0.202111181127/tools/bin/../lib/gcc/arm-none-eabi/10.3.1/thumb/v7-m/nofp\libgcc.a(_arm_muldivsf3.o)
                              ./Core/Src/main.o (__aeabi_fdiv)
c:/st/stm32cubeide_1.10.1/stm32cubeide/plugins/com.st.stm32cube.ide.mcu.externaltools.gnu-tools-for-stm32.10.3-2021.10.win32_1.0.0.202111181127/tools/bin/../lib/gcc/arm-none-eabi/10.3.1/thumb/v7-m/nofp\libgcc.a(_arm_cmpsf2.o)
                              ./Core/Src/main.o (__aeabi_fcmplt)
[...]
Memory Configuration

Name             Origin             Length             Attributes
RAM              0x0000000020000000 0x0000000000010000 xrw
FLASH            0x0000000008000000 0x0000000000040000 xr
*default*        0x0000000000000000 0xffffffffffffffff

Linker script and memory map

LOAD c:/st/stm32cubeide_1.10.1/stm32cubeide/plugins/com.st.stm32cube.ide.mcu.externaltools.gnu-tools-for-stm32.10.3-2021.10.win32_1.0.0.202111181127/tools/bin/../lib/gcc/arm-none-eabi/10.3.1/thumb/v7-m/nofp/crti.o
LOAD c:/st/stm32cubeide_1.10.1/stm32cubeide/plugins/com.st.stm32cube.ide.mcu.externaltools.gnu-tools-for-stm32.10.3-2021.10.win32_1.0.0.202111181127/tools/bin/../lib/gcc/arm-none-eabi/10.3.1/thumb/v7-m/nofp/crtbegin.o
LOAD c:/st/stm32cubeide_1.10.1/stm32cubeide/plugins/com.st.stm32cube.ide.mcu.externaltools.gnu-tools-for-stm32.10.3-2021.10.win32_1.0.0.202111181127/tools/bin/../lib/gcc/arm-none-eabi/10.3.1/../../../../arm-none-eabi/lib/thumb/v7-m/nofp/crt0.o
LOAD ./Core/Src/GolfButtonImitation.o
LOAD ./Core/Src/GolfChecksum.o
LOAD ./Core/Src/GolfShift.o
LOAD ./Core/Src/can_tools.o
LOAD ./Core/Src/freertos.o
LOAD ./Core/Src/main.o
LOAD ./Core/Src/stm32f1xx_hal_msp.o
LOAD ./Core/Src/stm32f1xx_hal_timebase_tim.o
LOAD ./Core/Src/stm32f1xx_it.o
LOAD ./Core/Src/syscalls.o
LOAD ./Core/Src/sysmem.o
LOAD ./Core/Src/system_stm32f1xx.o
LOAD ./Core/Startup/startup_stm32f105rctx.o
LOAD ./Drivers/STM32F1xx_HAL_Driver/Src/stm32f1xx_hal.o
LOAD ./Drivers/STM32F1xx_HAL_Driver/Src/stm32f1xx_hal_adc.o
LOAD ./Drivers/STM32F1xx_HAL_Driver/Src/stm32f1xx_hal_adc_ex.o
LOAD ./Drivers/STM32F1xx_HAL_Driver/Src/stm32f1xx_hal_can.o
LOAD ./Drivers/STM32F1xx_HAL_Driver/Src/stm32f1xx_hal_cortex.o
LOAD ./Drivers/STM32F1xx_HAL_Driver/Src/stm32f1xx_hal_dma.o
LOAD ./Drivers/STM32F1xx_HAL_Driver/Src/stm32f1xx_hal_exti.o
LOAD ./Drivers/STM32F1xx_HAL_Driver/Src/stm32f1xx_hal_flash.o
LOAD ./Drivers/STM32F1xx_HAL_Driver/Src/stm32f1xx_hal_flash_ex.o
LOAD ./Drivers/STM32F1xx_HAL_Driver/Src/stm32f1xx_hal_gpio.o
LOAD ./Drivers/STM32F1xx_HAL_Driver/Src/stm32f1xx_hal_gpio_ex.o
LOAD ./Drivers/STM32F1xx_HAL_Driver/Src/stm32f1xx_hal_pcd.o
LOAD ./Drivers/STM32F1xx_HAL_Driver/Src/stm32f1xx_hal_pcd_ex.o
LOAD ./Drivers/STM32F1xx_HAL_Driver/Src/stm32f1xx_hal_pwr.o
LOAD ./Drivers/STM32F1xx_HAL_Driver/Src/stm32f1xx_hal_rcc.o
LOAD ./Drivers/STM32F1xx_HAL_Driver/Src/stm32f1xx_hal_rcc_ex.o
LOAD ./Drivers/STM32F1xx_HAL_Driver/Src/stm32f1xx_hal_tim.o
LOAD ./Drivers/STM32F1xx_HAL_Driver/Src/stm32f1xx_hal_tim_ex.o
LOAD ./Drivers/STM32F1xx_HAL_Driver/Src/stm32f1xx_ll_usb.o
LOAD ./Middlewares/ST/STM32_USB_Device_Library/Class/CDC/Src/usbd_cdc.o
LOAD ./Middlewares/ST/STM32_USB_Device_Library/Core/Src/usbd_core.o
LOAD ./Middlewares/ST/STM32_USB_Device_Library/Core/Src/usbd_ctlreq.o
LOAD ./Middlewares/ST/STM32_USB_Device_Library/Core/Src/usbd_ioreq.o
LOAD ./Middlewares/Third_Party/FreeRTOS/Source/CMSIS_RTOS/cmsis_os.o
LOAD ./Middlewares/Third_Party/FreeRTOS/Source/croutine.o
LOAD ./Middlewares/Third_Party/FreeRTOS/Source/event_groups.o
LOAD ./Middlewares/Third_Party/FreeRTOS/Source/list.o
LOAD ./Middlewares/Third_Party/FreeRTOS/Source/queue.o
LOAD ./Middlewares/Third_Party/FreeRTOS/Source/stream_buffer.o
LOAD ./Middlewares/Third_Party/FreeRTOS/Source/tasks.o
LOAD ./Middlewares/Third_Party/FreeRTOS/Source/timers.o
LOAD ./Middlewares/Third_Party/FreeRTOS/Source/portable/GCC/ARM_CM3/port.o
LOAD ./Middlewares/Third_Party/FreeRTOS/Source/portable/MemMang/heap_4.o
LOAD ./USB_DEVICE/App/usb_device.o
LOAD ./USB_DEVICE/App/usbd_cdc_if.o
LOAD ./USB_DEVICE/App/usbd_desc.o
LOAD ./USB_DEVICE/Target/usbd_conf.o
START GROUP
LOAD c:/st/stm32cubeide_1.10.1/stm32cubeide/plugins/com.st.stm32cube.ide.mcu.externaltools.gnu-tools-for-stm32.10.3-2021.10.win32_1.0.0.202111181127/tools/bin/../lib/gcc/arm-none-eabi/10.3.1/../../../../arm-none-eabi/lib/thumb/v7-m/nofp\libc_nano.a
LOAD c:/st/stm32cubeide_1.10.1/stm32cubeide/plugins/com.st.stm32cube.ide.mcu.externaltools.gnu-tools-for-stm32.10.3-2021.10.win32_1.0.0.202111181127/tools/bin/../lib/gcc/arm-none-eabi/10.3.1/../../../../arm-none-eabi/lib/thumb/v7-m/nofp\libm.a
END GROUP
START GROUP
LOAD c:/st/stm32cubeide_1.10.1/stm32cubeide/plugins/com.st.stm32cube.ide.mcu.externaltools.gnu-tools-for-stm32.10.3-2021.10.win32_1.0.0.202111181127/tools/bin/../lib/gcc/arm-none-eabi/10.3.1/thumb/v7-m/nofp\libgcc.a
LOAD c:/st/stm32cubeide_1.10.1/stm32cubeide/plugins/com.st.stm32cube.ide.mcu.externaltools.gnu-tools-for-stm32.10.3-2021.10.win32_1.0.0.202111181127/tools/bin/../lib/gcc/arm-none-eabi/10.3.1/../../../../arm-none-eabi/lib/thumb/v7-m/nofp\libc_nano.a
END GROUP
START GROUP
LOAD c:/st/stm32cubeide_1.10.1/stm32cubeide/plugins/com.st.stm32cube.ide.mcu.externaltools.gnu-tools-for-stm32.10.3-2021.10.win32_1.0.0.202111181127/tools/bin/../lib/gcc/arm-none-eabi/10.3.1/thumb/v7-m/nofp\libgcc.a
LOAD c:/st/stm32cubeide_1.10.1/stm32cubeide/plugins/com.st.stm32cube.ide.mcu.externaltools.gnu-tools-for-stm32.10.3-2021.10.win32_1.0.0.202111181127/tools/bin/../lib/gcc/arm-none-eabi/10.3.1/../../../../arm-none-eabi/lib/thumb/v7-m/nofp\libc_nano.a
LOAD c:/st/stm32cubeide_1.10.1/stm32cubeide/plugins/com.st.stm32cube.ide.mcu.externaltools.gnu-tools-for-stm32.10.3-2021.10.win32_1.0.0.202111181127/tools/bin/../lib/gcc/arm-none-eabi/10.3.1/../../../../arm-none-eabi/lib/thumb/v7-m/nofp\libnosys.a
END GROUP
START GROUP
LOAD c:/st/stm32cubeide_1.10.1/stm32cubeide/plugins/com.st.stm32cube.ide.mcu.externaltools.gnu-tools-for-stm32.10.3-2021.10.win32_1.0.0.202111181127/tools/bin/../lib/gcc/arm-none-eabi/10.3.1/thumb/v7-m/nofp\libgcc.a
LOAD c:/st/stm32cubeide_1.10.1/stm32cubeide/plugins/com.st.stm32cube.ide.mcu.externaltools.gnu-tools-for-stm32.10.3-2021.10.win32_1.0.0.202111181127/tools/bin/../lib/gcc/arm-none-eabi/10.3.1/../../../../arm-none-eabi/lib/thumb/v7-m/nofp\libc_nano.a
LOAD c:/st/stm32cubeide_1.10.1/stm32cubeide/plugins/com.st.stm32cube.ide.mcu.externaltools.gnu-tools-for-stm32.10.3-2021.10.win32_1.0.0.202111181127/tools/bin/../lib/gcc/arm-none-eabi/10.3.1/../../../../arm-none-eabi/lib/thumb/v7-m/nofp\libnosys.a
END GROUP
LOAD c:/st/stm32cubeide_1.10.1/stm32cubeide/plugins/com.st.stm32cube.ide.mcu.externaltools.gnu-tools-for-stm32.10.3-2021.10.win32_1.0.0.202111181127/tools/bin/../lib/gcc/arm-none-eabi/10.3.1/thumb/v7-m/nofp/crtend.o
LOAD c:/st/stm32cubeide_1.10.1/stm32cubeide/plugins/com.st.stm32cube.ide.mcu.externaltools.gnu-tools-for-stm32.10.3-2021.10.win32_1.0.0.202111181127/tools/bin/../lib/gcc/arm-none-eabi/10.3.1/thumb/v7-m/nofp/crtn.o
                0x0000000020010000                _estack = (ORIGIN (RAM) + LENGTH (RAM))
                0x0000000000000200                _Min_Heap_Size = 0x200
                0x0000000000000400                _Min_Stack_Size = 0x400

.isr_vector     0x0000000008000000      0x1e4
                0x0000000008000000                . = ALIGN (0x4)
 *(.isr_vector)
 .isr_vector    0x0000000008000000      0x1e4 ./Core/Startup/startup_stm32f105rctx.o
                0x0000000008000000                g_pfnVectors
                0x00000000080001e4                . = ALIGN (0x4)

.text           0x00000000080001f0     0xbc28
                0x00000000080001f0                . = ALIGN (0x4)
 *(.text)
 .text          0x00000000080001f0       0x40 c:/st/stm32cubeide_1.10.1/stm32cubeide/plugins/com.st.stm32cube.ide.mcu.externaltools.gnu-tools-for-stm32.10.3-2021.10.win32_1.0.0.202111181127/tools/bin/../lib/gcc/arm-none-eabi/10.3.1/thumb/v7-m/nofp/crtbegin.o
 .text          0x0000000008000230      0x378 c:/st/stm32cubeide_1.10.1/stm32cubeide/plugins/com.st.stm32cube.ide.mcu.externaltools.gnu-tools-for-stm32.10.3-2021.10.win32_1.0.0.202111181127/tools/bin/../lib/gcc/arm-none-eabi/10.3.1/thumb/v7-m/nofp\libgcc.a(_arm_addsubdf3.o)
                0x0000000008000230                __aeabi_drsub
                0x0000000008000238                __aeabi_dsub
                0x0000000008000238                __subdf3
                0x000000000800023c                __aeabi_dadd
                0x000000000800023c                __adddf3
                0x00000000080004b4                __floatunsidf
                0x00000000080004b4                __aeabi_ui2d
                0x00000000080004d4                __floatsidf
                0x00000000080004d4                __aeabi_i2d
                0x00000000080004f8                __aeabi_f2d
                0x00000000080004f8                __extendsfdf2
                0x000000000800053c                __floatundidf
                0x000000000800053c                __aeabi_ul2d
                0x000000000800054c                __floatdidf
                0x000000000800054c                __aeabi_l2d
 .text          0x00000000080005a8      0x424 c:/st/stm32cubeide_1.10.1/stm32cubeide/plugins/com.st.stm32cube.ide.mcu.externaltools.gnu-tools-for-stm32.10.3-2021.10.win32_1.0.0.202111181127/tools/bin/../lib/gcc/arm-none-eabi/10.3.1/thumb/v7-m/nofp\libgcc.a(_arm_muldivdf3.o)
                0x00000000080005a8                __aeabi_dmul
                0x00000000080005a8                __muldf3
                0x00000000080007fc                __divdf3
                0x00000000080007fc                __aeabi_ddiv
 .text          0x00000000080009cc       0x50 c:/st/stm32cubeide_1.10.1/stm32cubeide/plugins/com.st.stm32cube.ide.mcu.externaltools.gnu-tools-for-stm32.10.3-2021.10.win32_1.0.0.202111181127/tools/bin/../lib/gcc/arm-none-eabi/10.3.1/thumb/v7-m/nofp\libgcc.a(_arm_fixdfsi.o)
                0x00000000080009cc                __aeabi_d2iz
                0x00000000080009cc                __fixdfsi
 .text          0x0000000008000a1c      0x21c c:/st/stm32cubeide_1.10.1/stm32cubeide/plugins/com.st.stm32cube.ide.mcu.externaltools.gnu-tools-for-stm32.10.3-2021.10.win32_1.0.0.202111181127/tools/bin/../lib/gcc/arm-none-eabi/10.3.1/thumb/v7-m/nofp\libgcc.a(_arm_addsubsf3.o)
                0x0000000008000a1c                __aeabi_frsub
                0x0000000008000a24                __subsf3
                0x0000000008000a24                __aeabi_fsub
                0x0000000008000a28                __aeabi_fadd
                0x0000000008000a28                __addsf3
                0x0000000008000b88                __aeabi_ui2f
                0x0000000008000b88                __floatunsisf
                0x0000000008000b90                __aeabi_i2f
                0x0000000008000b90                __floatsisf
                0x0000000008000bac                __aeabi_ul2f
                0x0000000008000bac                __floatundisf
                0x0000000008000bbc                __aeabi_l2f
                0x0000000008000bbc                __floatdisf
 .text          0x0000000008000c38      0x2a0 c:/st/stm32cubeide_1.10.1/stm32cubeide/plugins/com.st.stm32cube.ide.mcu.externaltools.gnu-tools-for-stm32.10.3-2021.10.win32_1.0.0.202111181127/tools/bin/../lib/gcc/arm-none-eabi/10.3.1/thumb/v7-m/nofp\libgcc.a(_arm_muldivsf3.o)
                0x0000000008000c38                __mulsf3
                0x0000000008000c38                __aeabi_fmul
                0x0000000008000da0                __aeabi_fdiv
                0x0000000008000da0                __divsf3
 .text          0x0000000008000ed8       0xec c:/st/stm32cubeide_1.10.1/stm32cubeide/plugins/com.st.stm32cube.ide.mcu.externaltools.gnu-tools-for-stm32.10.3-2021.10.win32_1.0.0.202111181127/tools/bin/../lib/gcc/arm-none-eabi/10.3.1/thumb/v7-m/nofp\libgcc.a(_arm_cmpsf2.o)
                0x0000000008000ed8                __gesf2
                0x0000000008000ed8                __gtsf2
                0x0000000008000ee0                __lesf2
                0x0000000008000ee0                __ltsf2
                0x0000000008000ee8                __nesf2
                0x0000000008000ee8                __eqsf2
                0x0000000008000ee8                __cmpsf2
                0x0000000008000f48                __aeabi_cfrcmple
                0x0000000008000f50                __aeabi_cfcmpeq
                0x0000000008000f50                __aeabi_cfcmple
                0x0000000008000f60                __aeabi_fcmpeq
                0x0000000008000f74                __aeabi_fcmplt
                0x0000000008000f88                __aeabi_fcmple
                0x0000000008000f9c                __aeabi_fcmpge
                0x0000000008000fb0                __aeabi_fcmpgt
 .text          0x0000000008000fc4       0x30 c:/st/stm32cubeide_1.10.1/stm32cubeide/plugins/com.st.stm32cube.ide.mcu.externaltools.gnu-tools-for-stm32.10.3-2021.10.win32_1.0.0.202111181127/tools/bin/../lib/gcc/arm-none-eabi/10.3.1/thumb/v7-m/nofp\libgcc.a(_aeabi_uldivmod.o)
                0x0000000008000fc4                __aeabi_uldivmod
 .text          0x0000000008000ff4      0x2d4 c:/st/stm32cubeide_1.10.1/stm32cubeide/plugins/com.st.stm32cube.ide.mcu.externaltools.gnu-tools-for-stm32.10.3-2021.10.win32_1.0.0.202111181127/tools/bin/../lib/gcc/arm-none-eabi/10.3.1/thumb/v7-m/nofp\libgcc.a(_udivmoddi4.o)
                0x0000000008000ff4                __udivmoddi4
 .text          0x00000000080012c8        0x4 c:/st/stm32cubeide_1.10.1/stm32cubeide/plugins/com.st.stm32cube.ide.mcu.externaltools.gnu-tools-for-stm32.10.3-2021.10.win32_1.0.0.202111181127/tools/bin/../lib/gcc/arm-none-eabi/10.3.1/thumb/v7-m/nofp\libgcc.a(_dvmd_tls.o)
                0x00000000080012c8                __aeabi_idiv0
                0x00000000080012c8                __aeabi_ldiv0
 *(.text*)
 .text.toyota_checksum
                0x00000000080012cc       0xaa ./Core/Src/GolfChecksum.o
                0x00000000080012cc                toyota_checksum
 *fill*         0x0000000008001376        0x2 
 .text.CAN_FilterConfig
                0x0000000008001378       0xd8 ./Core/Src/can_tools.o
                0x0000000008001378                CAN_FilterConfig
 .text.HAL_CAN_TxMailbox0CompleteCallback
                0x0000000008001450       0xac ./Core/Src/can_tools.o
                0x0000000008001450                HAL_CAN_TxMailbox0CompleteCallback
 .text.HAL_CAN_TxMailbox1CompleteCallback
                0x00000000080014fc       0xac ./Core/Src/can_tools.o
                0x00000000080014fc                HAL_CAN_TxMailbox1CompleteCallback
 .text.HAL_CAN_TxMailbox2CompleteCallback
                0x00000000080015a8       0xac ./Core/Src/can_tools.o
                0x00000000080015a8                HAL_CAN_TxMailbox2CompleteCallback
 .text.CAN_SendMessage
                0x0000000008001654      0x17c ./Core/Src/can_tools.o
                0x0000000008001654                CAN_SendMessage
 .text.CAN_GetMessage
                0x00000000080017d0      0x294 ./Core/Src/can_tools.o
                0x00000000080017d0                CAN_GetMessage
 .text.StoreCANID
                0x0000000008001a64       0xa8 ./Core/Src/can_tools.o
                0x0000000008001a64                StoreCANID
 .text.vApplicationGetIdleTaskMemory
                0x0000000008001b0c       0x30 ./Core/Src/freertos.o
                0x0000000008001b0c                vApplicationGetIdleTaskMemory
 .text.main     0x0000000008001b3c      0x1c8 ./Core/Src/main.o
                0x0000000008001b3c                main
 .text.SystemClock_Config
                0x0000000008001d04       0xcc ./Core/Src/main.o
                0x0000000008001d04                SystemClock_Config
 .text.MX_ADC1_Init
                0x0000000008001dd0       0x7c ./Core/Src/main.o
 .text.MX_CAN1_Init
                0x0000000008001e4c       0x6c ./Core/Src/main.o
 .text.MX_CAN2_Init
                0x0000000008001eb8       0x6c ./Core/Src/main.o
 .text.MX_GPIO_Init
                0x0000000008001f24      0x104 ./Core/Src/main.o
 .text.CDC_ReceiveCallback
                0x0000000008002028       0x40 ./Core/Src/main.o
                0x0000000008002028                CDC_ReceiveCallback
 .text.StartDefaultTask
                0x0000000008002068      0x15c ./Core/Src/main.o
                0x0000000008002068                StartDefaultTask
 .text.StartTask02
                0x00000000080021c4       0xc8 ./Core/Src/main.o
                0x00000000080021c4                StartTask02
 .text.HandBrake
                0x000000000800228c       0x10 ./Core/Src/main.o
                0x000000000800228c                HandBrake
 *fill*         0x000000000800229c        0x4 
 .text.StartStop
                0x00000000080022a0      0x234 ./Core/Src/main.o
                0x00000000080022a0                StartStop
 .text.ParkBrake
                0x00000000080024d4       0x10 ./Core/Src/main.o
                0x00000000080024d4                ParkBrake
 .text.HAL_TIM_PeriodElapsedCallback
                0x00000000080024e4       0x24 ./Core/Src/main.o
                0x00000000080024e4                HAL_TIM_PeriodElapsedCallback
 .text.Error_Handler
                0x0000000008002508        0xa ./Core/Src/main.o
                0x0000000008002508                Error_Handler
 *fill*         0x0000000008002512        0x2 
 .text.HAL_MspInit
                0x0000000008002514       0x70 ./Core/Src/stm32f1xx_hal_msp.o
                0x0000000008002514                HAL_MspInit
 .text.HAL_ADC_MspInit
                0x0000000008002584       0x78 ./Core/Src/stm32f1xx_hal_msp.o
                0x0000000008002584                HAL_ADC_MspInit
 .text.HAL_CAN_MspInit
                0x00000000080025fc      0x1dc ./Core/Src/stm32f1xx_hal_msp.o
                0x00000000080025fc                HAL_CAN_MspInit
 .text.HAL_InitTick
                0x00000000080027d8       0xfc ./Core/Src/stm32f1xx_hal_timebase_tim.o
                0x00000000080027d8                HAL_InitTick
 .text.NMI_Handler
                0x00000000080028d4        0x6 ./Core/Src/stm32f1xx_it.o
                0x00000000080028d4                NMI_Handler
 .text.HardFault_Handler
                0x00000000080028da        0x6 ./Core/Src/stm32f1xx_it.o
                0x00000000080028da                HardFault_Handler
 .text.MemManage_Handler
                0x00000000080028e0        0x6 ./Core/Src/stm32f1xx_it.o
                0x00000000080028e0                MemManage_Handler
 .text.BusFault_Handler
                0x00000000080028e6        0x6 ./Core/Src/stm32f1xx_it.o
                0x00000000080028e6                BusFault_Handler
 .text.UsageFault_Handler
                0x00000000080028ec        0x6 ./Core/Src/stm32f1xx_it.o
                0x00000000080028ec                UsageFault_Handler
 .text.DebugMon_Handler
                0x00000000080028f2        0xc ./Core/Src/stm32f1xx_it.o
                0x00000000080028f2                DebugMon_Handler
 *fill*         0x00000000080028fe        0x2 
 .text.CAN1_TX_IRQHandler
                0x0000000008002900       0x14 ./Core/Src/stm32f1xx_it.o
                0x0000000008002900                CAN1_TX_IRQHandler
 .text.CAN1_RX0_IRQHandler
                0x0000000008002914       0x18 ./Core/Src/stm32f1xx_it.o
                0x0000000008002914                CAN1_RX0_IRQHandler
 .text.TIM6_IRQHandler
                0x000000000800292c       0x14 ./Core/Src/stm32f1xx_it.o
                0x000000000800292c                TIM6_IRQHandler
 .text.CAN2_TX_IRQHandler
                0x0000000008002940       0x14 ./Core/Src/stm32f1xx_it.o
                0x0000000008002940                CAN2_TX_IRQHandler
 .text.CAN2_RX0_IRQHandler
                0x0000000008002954       0x18 ./Core/Src/stm32f1xx_it.o
                0x0000000008002954                CAN2_RX0_IRQHandler
 .text.CAN2_RX1_IRQHandler
                0x000000000800296c       0x14 ./Core/Src/stm32f1xx_it.o
                0x000000000800296c                CAN2_RX1_IRQHandler
 .text.OTG_FS_IRQHandler
                0x0000000008002980       0x14 ./Core/Src/stm32f1xx_it.o
                0x0000000008002980                OTG_FS_IRQHandler
 .text.SystemInit
                0x0000000008002994        0xc ./Core/Src/system_stm32f1xx.o
                0x0000000008002994                SystemInit
 .text.Reset_Handler
                0x00000000080029a0       0x48 ./Core/Startup/startup_stm32f105rctx.o
                0x00000000080029a0                Reset_Handler
 .text.Default_Handler
                0x00000000080029e8        0x2 ./Core/Startup/startup_stm32f105rctx.o
                0x00000000080029e8                RTC_Alarm_IRQHandler
                0x00000000080029e8                EXTI2_IRQHandler
                0x00000000080029e8                TIM1_CC_IRQHandler
                0x00000000080029e8                PVD_IRQHandler
                0x00000000080029e8                EXTI3_IRQHandler
                0x00000000080029e8                EXTI0_IRQHandler
                0x00000000080029e8                I2C2_EV_IRQHandler
                0x00000000080029e8                CAN2_SCE_IRQHandler
                0x00000000080029e8                ADC1_2_IRQHandler
                0x00000000080029e8                SPI1_IRQHandler
                0x00000000080029e8                TAMPER_IRQHandler
                0x00000000080029e8                DMA2_Channel2_IRQHandler
                0x00000000080029e8                DMA1_Channel4_IRQHandler
                0x00000000080029e8                USART3_IRQHandler
                0x00000000080029e8                RTC_IRQHandler
                0x00000000080029e8                DMA1_Channel7_IRQHandler
                0x00000000080029e8                CAN1_RX1_IRQHandler
                0x00000000080029e8                UART5_IRQHandler
                0x00000000080029e8                TIM4_IRQHandler
                0x00000000080029e8                DMA2_Channel1_IRQHandler
                0x00000000080029e8                I2C1_EV_IRQHandler
                0x00000000080029e8                DMA1_Channel6_IRQHandler
                0x00000000080029e8                UART4_IRQHandler
                0x00000000080029e8                DMA2_Channel4_IRQHandler
                0x00000000080029e8                TIM3_IRQHandler
                0x00000000080029e8                RCC_IRQHandler
                0x00000000080029e8                TIM1_TRG_COM_IRQHandler
                0x00000000080029e8                DMA1_Channel1_IRQHandler
                0x00000000080029e8                Default_Handler
                0x00000000080029e8                EXTI15_10_IRQHandler
                0x00000000080029e8                TIM7_IRQHandler
                0x00000000080029e8                TIM5_IRQHandler
                0x00000000080029e8                EXTI9_5_IRQHandler
                0x00000000080029e8                SPI2_IRQHandler
                0x00000000080029e8                DMA2_Channel5_IRQHandler
                0x00000000080029e8                DMA1_Channel5_IRQHandler
                0x00000000080029e8                EXTI4_IRQHandler
                0x00000000080029e8                DMA1_Channel3_IRQHandler
                0x00000000080029e8                TIM1_UP_IRQHandler
                0x00000000080029e8                WWDG_IRQHandler
                0x00000000080029e8                TIM2_IRQHandler
                0x00000000080029e8                OTG_FS_WKUP_IRQHandler
                0x00000000080029e8                TIM1_BRK_IRQHandler
                0x00000000080029e8                EXTI1_IRQHandler
                0x00000000080029e8                USART2_IRQHandler
                0x00000000080029e8                I2C2_ER_IRQHandler
                0x00000000080029e8                DMA1_Channel2_IRQHandler
                0x00000000080029e8                CAN1_SCE_IRQHandler
                0x00000000080029e8                FLASH_IRQHandler
                0x00000000080029e8                USART1_IRQHandler
                0x00000000080029e8                SPI3_IRQHandler
                0x00000000080029e8                I2C1_ER_IRQHandler
                0x00000000080029e8                DMA2_Channel3_IRQHandler
 *fill*         0x00000000080029ea        0x2 
 .text.HAL_Init
                0x00000000080029ec       0x2c ./Drivers/STM32F1xx_HAL_Driver/Src/stm32f1xx_hal.o
                0x00000000080029ec                HAL_Init
 .text.HAL_IncTick
                0x0000000008002a18       0x24 ./Drivers/STM32F1xx_HAL_Driver/Src/stm32f1xx_hal.o
                0x0000000008002a18                HAL_IncTick
 .text.HAL_GetTick
                0x0000000008002a3c       0x14 ./Drivers/STM32F1xx_HAL_Driver/Src/stm32f1xx_hal.o
                0x0000000008002a3c                HAL_GetTick
 .text.HAL_Delay
                0x0000000008002a50       0x48 ./Drivers/STM32F1xx_HAL_Driver/Src/stm32f1xx_hal.o
                0x0000000008002a50                HAL_Delay
 .text.HAL_ADC_Init
                0x0000000008002a98      0x1b0 ./Drivers/STM32F1xx_HAL_Driver/Src/stm32f1xx_hal_adc.o
                0x0000000008002a98                HAL_ADC_Init
 .text.HAL_ADC_Start
                0x0000000008002c48      0x15c ./Drivers/STM32F1xx_HAL_Driver/Src/stm32f1xx_hal_adc.o
                0x0000000008002c48                HAL_ADC_Start
 .text.HAL_ADC_GetValue
                0x0000000008002da4       0x18 ./Drivers/STM32F1xx_HAL_Driver/Src/stm32f1xx_hal_adc.o
                0x0000000008002da4                HAL_ADC_GetValue
 .text.HAL_ADC_ConfigChannel
                0x0000000008002dbc      0x1f0 ./Drivers/STM32F1xx_HAL_Driver/Src/stm32f1xx_hal_adc.o
                0x0000000008002dbc                HAL_ADC_ConfigChannel
 .text.ADC_Enable
                0x0000000008002fac       0xb4 ./Drivers/STM32F1xx_HAL_Driver/Src/stm32f1xx_hal_adc.o
                0x0000000008002fac                ADC_Enable
 .text.ADC_ConversionStop_Disable
                0x0000000008003060       0x82 ./Drivers/STM32F1xx_HAL_Driver/Src/stm32f1xx_hal_adc.o
                0x0000000008003060                ADC_ConversionStop_Disable
 .text.HAL_CAN_Init
                0x00000000080030e2      0x1f6 ./Drivers/STM32F1xx_HAL_Driver/Src/stm32f1xx_hal_can.o
                0x00000000080030e2                HAL_CAN_Init
 .text.HAL_CAN_ConfigFilter
                0x00000000080032d8      0x1c0 ./Drivers/STM32F1xx_HAL_Driver/Src/stm32f1xx_hal_can.o
                0x00000000080032d8                HAL_CAN_ConfigFilter
 .text.HAL_CAN_Start
                0x0000000008003498       0x88 ./Drivers/STM32F1xx_HAL_Driver/Src/stm32f1xx_hal_can.o
                0x0000000008003498                HAL_CAN_Start
 .text.HAL_CAN_AddTxMessage
                0x0000000008003520      0x19e ./Drivers/STM32F1xx_HAL_Driver/Src/stm32f1xx_hal_can.o
                0x0000000008003520                HAL_CAN_AddTxMessage
 .text.HAL_CAN_GetTxMailboxesFreeLevel
                0x00000000080036be       0x68 ./Drivers/STM32F1xx_HAL_Driver/Src/stm32f1xx_hal_can.o
                0x00000000080036be                HAL_CAN_GetTxMailboxesFreeLevel
 .text.HAL_CAN_GetRxMessage
                0x0000000008003726      0x242 ./Drivers/STM32F1xx_HAL_Driver/Src/stm32f1xx_hal_can.o
                0x0000000008003726                HAL_CAN_GetRxMessage
 .text.HAL_CAN_ActivateNotification
                0x0000000008003968       0x4a ./Drivers/STM32F1xx_HAL_Driver/Src/stm32f1xx_hal_can.o
                0x0000000008003968                HAL_CAN_ActivateNotification
 .text.HAL_CAN_IRQHandler
                0x00000000080039b2      0x36e ./Drivers/STM32F1xx_HAL_Driver/Src/stm32f1xx_hal_can.o
                0x00000000080039b2                HAL_CAN_IRQHandler
 .text.HAL_CAN_TxMailbox0AbortCallback
                0x0000000008003d20       0x12 ./Drivers/STM32F1xx_HAL_Driver/Src/stm32f1xx_hal_can.o
                0x0000000008003d20                HAL_CAN_TxMailbox0AbortCallback
 .text.HAL_CAN_TxMailbox1AbortCallback
                0x0000000008003d32       0x12 ./Drivers/STM32F1xx_HAL_Driver/Src/stm32f1xx_hal_can.o
                0x0000000008003d32                HAL_CAN_TxMailbox1AbortCallback
 .text.HAL_CAN_TxMailbox2AbortCallback
                0x0000000008003d44       0x12 ./Drivers/STM32F1xx_HAL_Driver/Src/stm32f1xx_hal_can.o
                0x0000000008003d44                HAL_CAN_TxMailbox2AbortCallback
 .text.HAL_CAN_RxFifo0MsgPendingCallback
                0x0000000008003d56       0x12 ./Drivers/STM32F1xx_HAL_Driver/Src/stm32f1xx_hal_can.o
                0x0000000008003d56                HAL_CAN_RxFifo0MsgPendingCallback
 .text.HAL_CAN_RxFifo0FullCallback
                0x0000000008003d68       0x12 ./Drivers/STM32F1xx_HAL_Driver/Src/stm32f1xx_hal_can.o
                0x0000000008003d68                HAL_CAN_RxFifo0FullCallback
 .text.HAL_CAN_RxFifo1MsgPendingCallback
                0x0000000008003d7a       0x12 ./Drivers/STM32F1xx_HAL_Driver/Src/stm32f1xx_hal_can.o
                0x0000000008003d7a                HAL_CAN_RxFifo1MsgPendingCallback
 .text.HAL_CAN_RxFifo1FullCallback
                0x0000000008003d8c       0x12 ./Drivers/STM32F1xx_HAL_Driver/Src/stm32f1xx_hal_can.o
                0x0000000008003d8c                HAL_CAN_RxFifo1FullCallback
 .text.HAL_CAN_SleepCallback
                0x0000000008003d9e       0x12 ./Drivers/STM32F1xx_HAL_Driver/Src/stm32f1xx_hal_can.o
                0x0000000008003d9e                HAL_CAN_SleepCallback
 .text.HAL_CAN_WakeUpFromRxMsgCallback
                0x0000000008003db0       0x12 ./Drivers/STM32F1xx_HAL_Driver/Src/stm32f1xx_hal_can.o
                0x0000000008003db0                HAL_CAN_WakeUpFromRxMsgCallback
 .text.HAL_CAN_ErrorCallback
                0x0000000008003dc2       0x12 ./Drivers/STM32F1xx_HAL_Driver/Src/stm32f1xx_hal_can.o
                0x0000000008003dc2                HAL_CAN_ErrorCallback
 .text.__NVIC_SetPriorityGrouping
                0x0000000008003dd4       0x48 ./Drivers/STM32F1xx_HAL_Driver/Src/stm32f1xx_hal_cortex.o
 .text.__NVIC_GetPriorityGrouping
                0x0000000008003e1c       0x1c ./Drivers/STM32F1xx_HAL_Driver/Src/stm32f1xx_hal_cortex.o
 .text.__NVIC_EnableIRQ
                0x0000000008003e38       0x38 ./Drivers/STM32F1xx_HAL_Driver/Src/stm32f1xx_hal_cortex.o
 .text.__NVIC_SetPriority
                0x0000000008003e70       0x54 ./Drivers/STM32F1xx_HAL_Driver/Src/stm32f1xx_hal_cortex.o
 .text.NVIC_EncodePriority
                0x0000000008003ec4       0x64 ./Drivers/STM32F1xx_HAL_Driver/Src/stm32f1xx_hal_cortex.o
 .text.HAL_NVIC_SetPriorityGrouping
                0x0000000008003f28       0x16 ./Drivers/STM32F1xx_HAL_Driver/Src/stm32f1xx_hal_cortex.o
                0x0000000008003f28                HAL_NVIC_SetPriorityGrouping
 .text.HAL_NVIC_SetPriority
                0x0000000008003f3e       0x38 ./Drivers/STM32F1xx_HAL_Driver/Src/stm32f1xx_hal_cortex.o
                0x0000000008003f3e                HAL_NVIC_SetPriority
 .text.HAL_NVIC_EnableIRQ
                0x0000000008003f76       0x1c ./Drivers/STM32F1xx_HAL_Driver/Src/stm32f1xx_hal_cortex.o
                0x0000000008003f76                HAL_NVIC_EnableIRQ
 *fill*         0x0000000008003f92        0x2 
 .text.HAL_GPIO_Init
                0x0000000008003f94      0x308 ./Drivers/STM32F1xx_HAL_Driver/Src/stm32f1xx_hal_gpio.o
                0x0000000008003f94                HAL_GPIO_Init
 .text.HAL_GPIO_WritePin
                0x000000000800429c       0x30 ./Drivers/STM32F1xx_HAL_Driver/Src/stm32f1xx_hal_gpio.o
                0x000000000800429c                HAL_GPIO_WritePin
 .text.HAL_PCD_Init
                0x00000000080042cc      0x23a ./Drivers/STM32F1xx_HAL_Driver/Src/stm32f1xx_hal_pcd.o
                0x00000000080042cc                HAL_PCD_Init
 .text.HAL_PCD_Start
                0x0000000008004506       0x44 ./Drivers/STM32F1xx_HAL_Driver/Src/stm32f1xx_hal_pcd.o
                0x0000000008004506                HAL_PCD_Start
 .text.HAL_PCD_IRQHandler
                0x000000000800454a      0x8b0 ./Drivers/STM32F1xx_HAL_Driver/Src/stm32f1xx_hal_pcd.o
                0x000000000800454a                HAL_PCD_IRQHandler
 .text.HAL_PCD_SetAddress
                0x0000000008004dfa       0x4a ./Drivers/STM32F1xx_HAL_Driver/Src/stm32f1xx_hal_pcd.o
                0x0000000008004dfa                HAL_PCD_SetAddress
 .text.HAL_PCD_EP_Open
                0x0000000008004e44       0xd0 ./Drivers/STM32F1xx_HAL_Driver/Src/stm32f1xx_hal_pcd.o
                0x0000000008004e44                HAL_PCD_EP_Open
 .text.HAL_PCD_EP_Close
                0x0000000008004f14       0x94 ./Drivers/STM32F1xx_HAL_Driver/Src/stm32f1xx_hal_pcd.o
                0x0000000008004f14                HAL_PCD_EP_Close
 .text.HAL_PCD_EP_Receive
                0x0000000008004fa8       0x64 ./Drivers/STM32F1xx_HAL_Driver/Src/stm32f1xx_hal_pcd.o
                0x0000000008004fa8                HAL_PCD_EP_Receive
 .text.HAL_PCD_EP_GetRxCount
                0x000000000800500c       0x2e ./Drivers/STM32F1xx_HAL_Driver/Src/stm32f1xx_hal_pcd.o
                0x000000000800500c                HAL_PCD_EP_GetRxCount
 .text.HAL_PCD_EP_Transmit
                0x000000000800503a       0x62 ./Drivers/STM32F1xx_HAL_Driver/Src/stm32f1xx_hal_pcd.o
                0x000000000800503a                HAL_PCD_EP_Transmit
 .text.HAL_PCD_EP_SetStall
                0x000000000800509c       0xc4 ./Drivers/STM32F1xx_HAL_Driver/Src/stm32f1xx_hal_pcd.o
                0x000000000800509c                HAL_PCD_EP_SetStall
 .text.HAL_PCD_EP_ClrStall
                0x0000000008005160       0xac ./Drivers/STM32F1xx_HAL_Driver/Src/stm32f1xx_hal_pcd.o
                0x0000000008005160                HAL_PCD_EP_ClrStall
 .text.HAL_PCD_EP_Abort
                0x000000000800520c       0x62 ./Drivers/STM32F1xx_HAL_Driver/Src/stm32f1xx_hal_pcd.o
                0x000000000800520c                HAL_PCD_EP_Abort
 .text.PCD_WriteEmptyTxFifo
                0x000000000800526e      0x110 ./Drivers/STM32F1xx_HAL_Driver/Src/stm32f1xx_hal_pcd.o
 *fill*         0x000000000800537e        0x2 
 .text.PCD_EP_OutXfrComplete_int
                0x0000000008005380       0x9c ./Drivers/STM32F1xx_HAL_Driver/Src/stm32f1xx_hal_pcd.o
 .text.PCD_EP_OutSetupPacket_int
                0x000000000800541c       0x68 ./Drivers/STM32F1xx_HAL_Driver/Src/stm32f1xx_hal_pcd.o
 .text.HAL_PCDEx_SetTxFiFo
                0x0000000008005484       0x8c ./Drivers/STM32F1xx_HAL_Driver/Src/stm32f1xx_hal_pcd_ex.o
                0x0000000008005484                HAL_PCDEx_SetTxFiFo
 .text.HAL_PCDEx_SetRxFiFo
                0x0000000008005510       0x20 ./Drivers/STM32F1xx_HAL_Driver/Src/stm32f1xx_hal_pcd_ex.o
                0x0000000008005510                HAL_PCDEx_SetRxFiFo
 .text.HAL_RCC_OscConfig
                0x0000000008005530      0x62c ./Drivers/STM32F1xx_HAL_Driver/Src/stm32f1xx_hal_rcc.o
                0x0000000008005530                HAL_RCC_OscConfig
 .text.HAL_RCC_ClockConfig
                0x0000000008005b5c      0x1d4 ./Drivers/STM32F1xx_HAL_Driver/Src/stm32f1xx_hal_rcc.o
                0x0000000008005b5c                HAL_RCC_ClockConfig
 .text.HAL_RCC_GetSysClockFreq
                0x0000000008005d30      0x1e8 ./Drivers/STM32F1xx_HAL_Driver/Src/stm32f1xx_hal_rcc.o
                0x0000000008005d30                HAL_RCC_GetSysClockFreq
 .text.HAL_RCC_GetHCLKFreq
                0x0000000008005f18       0x14 ./Drivers/STM32F1xx_HAL_Driver/Src/stm32f1xx_hal_rcc.o
                0x0000000008005f18                HAL_RCC_GetHCLKFreq
 .text.HAL_RCC_GetPCLK1Freq
                0x0000000008005f2c       0x28 ./Drivers/STM32F1xx_HAL_Driver/Src/stm32f1xx_hal_rcc.o
                0x0000000008005f2c                HAL_RCC_GetPCLK1Freq
 .text.HAL_RCC_GetClockConfig
                0x0000000008005f54       0x60 ./Drivers/STM32F1xx_HAL_Driver/Src/stm32f1xx_hal_rcc.o
                0x0000000008005f54                HAL_RCC_GetClockConfig
 .text.RCC_Delay
                0x0000000008005fb4       0x3c ./Drivers/STM32F1xx_HAL_Driver/Src/stm32f1xx_hal_rcc.o
 .text.HAL_RCCEx_PeriphCLKConfig
                0x0000000008005ff0      0x264 ./Drivers/STM32F1xx_HAL_Driver/Src/stm32f1xx_hal_rcc_ex.o
                0x0000000008005ff0                HAL_RCCEx_PeriphCLKConfig
 .text.HAL_TIM_Base_Init
                0x0000000008006254       0x9e ./Drivers/STM32F1xx_HAL_Driver/Src/stm32f1xx_hal_tim.o
                0x0000000008006254                HAL_TIM_Base_Init
 .text.HAL_TIM_Base_MspInit
                0x00000000080062f2       0x12 ./Drivers/STM32F1xx_HAL_Driver/Src/stm32f1xx_hal_tim.o
                0x00000000080062f2                HAL_TIM_Base_MspInit
 .text.HAL_TIM_Base_Start_IT
                0x0000000008006304       0xb4 ./Drivers/STM32F1xx_HAL_Driver/Src/stm32f1xx_hal_tim.o
                0x0000000008006304                HAL_TIM_Base_Start_IT
 .text.HAL_TIM_IRQHandler
                0x00000000080063b8      0x210 ./Drivers/STM32F1xx_HAL_Driver/Src/stm32f1xx_hal_tim.o
                0x00000000080063b8                HAL_TIM_IRQHandler
 .text.HAL_TIM_OC_DelayElapsedCallback
                0x00000000080065c8       0x12 ./Drivers/STM32F1xx_HAL_Driver/Src/stm32f1xx_hal_tim.o
                0x00000000080065c8                HAL_TIM_OC_DelayElapsedCallback
 .text.HAL_TIM_IC_CaptureCallback
                0x00000000080065da       0x12 ./Drivers/STM32F1xx_HAL_Driver/Src/stm32f1xx_hal_tim.o
                0x00000000080065da                HAL_TIM_IC_CaptureCallback
 .text.HAL_TIM_PWM_PulseFinishedCallback
                0x00000000080065ec       0x12 ./Drivers/STM32F1xx_HAL_Driver/Src/stm32f1xx_hal_tim.o
                0x00000000080065ec                HAL_TIM_PWM_PulseFinishedCallback
 .text.HAL_TIM_TriggerCallback
                0x00000000080065fe       0x12 ./Drivers/STM32F1xx_HAL_Driver/Src/stm32f1xx_hal_tim.o
                0x00000000080065fe                HAL_TIM_TriggerCallback
 .text.TIM_Base_SetConfig
                0x0000000008006610       0xd8 ./Drivers/STM32F1xx_HAL_Driver/Src/stm32f1xx_hal_tim.o
                0x0000000008006610                TIM_Base_SetConfig
 .text.HAL_TIMEx_CommutCallback
                0x00000000080066e8       0x12 ./Drivers/STM32F1xx_HAL_Driver/Src/stm32f1xx_hal_tim_ex.o
                0x00000000080066e8                HAL_TIMEx_CommutCallback
 .text.HAL_TIMEx_BreakCallback
                0x00000000080066fa       0x12 ./Drivers/STM32F1xx_HAL_Driver/Src/stm32f1xx_hal_tim_ex.o
                0x00000000080066fa                HAL_TIMEx_BreakCallback
 .text.USB_CoreInit
                0x000000000800670c       0x44 ./Drivers/STM32F1xx_HAL_Driver/Src/stm32f1xx_ll_usb.o
                0x000000000800670c                USB_CoreInit
 .text.USB_SetTurnaroundTime
                0x0000000008006750      0x138 ./Drivers/STM32F1xx_HAL_Driver/Src/stm32f1xx_ll_usb.o
                0x0000000008006750                USB_SetTurnaroundTime
 .text.USB_EnableGlobalInt
                0x0000000008006888       0x20 ./Drivers/STM32F1xx_HAL_Driver/Src/stm32f1xx_ll_usb.o
                0x0000000008006888                USB_EnableGlobalInt
 .text.USB_DisableGlobalInt
                0x00000000080068a8       0x20 ./Drivers/STM32F1xx_HAL_Driver/Src/stm32f1xx_ll_usb.o
                0x00000000080068a8                USB_DisableGlobalInt
 .text.USB_SetCurrentMode
                0x00000000080068c8       0x98 ./Drivers/STM32F1xx_HAL_Driver/Src/stm32f1xx_ll_usb.o
                0x00000000080068c8                USB_SetCurrentMode
 .text.USB_DevInit
                0x0000000008006960      0x244 ./Drivers/STM32F1xx_HAL_Driver/Src/stm32f1xx_ll_usb.o
                0x0000000008006960                USB_DevInit
 .text.USB_FlushTxFifo
                0x0000000008006ba4       0x68 ./Drivers/STM32F1xx_HAL_Driver/Src/stm32f1xx_ll_usb.o
                0x0000000008006ba4                USB_FlushTxFifo
 .text.USB_FlushRxFifo
                0x0000000008006c0c       0x60 ./Drivers/STM32F1xx_HAL_Driver/Src/stm32f1xx_ll_usb.o
                0x0000000008006c0c                USB_FlushRxFifo
 .text.USB_SetDevSpeed
                0x0000000008006c6c       0x30 ./Drivers/STM32F1xx_HAL_Driver/Src/stm32f1xx_ll_usb.o
                0x0000000008006c6c                USB_SetDevSpeed
 .text.USB_GetDevSpeed
                0x0000000008006c9c       0x3c ./Drivers/STM32F1xx_HAL_Driver/Src/stm32f1xx_ll_usb.o
                0x0000000008006c9c                USB_GetDevSpeed
 .text.USB_ActivateEndpoint
                0x0000000008006cd8      0x10c ./Drivers/STM32F1xx_HAL_Driver/Src/stm32f1xx_ll_usb.o
                0x0000000008006cd8                USB_ActivateEndpoint
 .text.USB_DeactivateEndpoint
                0x0000000008006de4      0x1b8 ./Drivers/STM32F1xx_HAL_Driver/Src/stm32f1xx_ll_usb.o
                0x0000000008006de4                USB_DeactivateEndpoint
 .text.USB_EPStartXfer
                0x0000000008006f9c      0x464 ./Drivers/STM32F1xx_HAL_Driver/Src/stm32f1xx_ll_usb.o
                0x0000000008006f9c                USB_EPStartXfer
 .text.USB_EPStopXfer
                0x0000000008007400      0x152 ./Drivers/STM32F1xx_HAL_Driver/Src/stm32f1xx_ll_usb.o
                0x0000000008007400                USB_EPStopXfer
 .text.USB_WritePacket
                0x0000000008007552       0x72 ./Drivers/STM32F1xx_HAL_Driver/Src/stm32f1xx_ll_usb.o
                0x0000000008007552                USB_WritePacket
 .text.USB_ReadPacket
                0x00000000080075c4       0xae ./Drivers/STM32F1xx_HAL_Driver/Src/stm32f1xx_ll_usb.o
                0x00000000080075c4                USB_ReadPacket
 .text.USB_EPSetStall
                0x0000000008007672       0xda ./Drivers/STM32F1xx_HAL_Driver/Src/stm32f1xx_ll_usb.o
                0x0000000008007672                USB_EPSetStall
 .text.USB_EPClearStall
                0x000000000800774c       0xca ./Drivers/STM32F1xx_HAL_Driver/Src/stm32f1xx_ll_usb.o
                0x000000000800774c                USB_EPClearStall
 .text.USB_SetDevAddress
                0x0000000008007816       0x4a ./Drivers/STM32F1xx_HAL_Driver/Src/stm32f1xx_ll_usb.o
                0x0000000008007816                USB_SetDevAddress
 .text.USB_DevConnect
                0x0000000008007860       0x40 ./Drivers/STM32F1xx_HAL_Driver/Src/stm32f1xx_ll_usb.o
                0x0000000008007860                USB_DevConnect
 .text.USB_DevDisconnect
                0x00000000080078a0       0x40 ./Drivers/STM32F1xx_HAL_Driver/Src/stm32f1xx_ll_usb.o
                0x00000000080078a0                USB_DevDisconnect
 .text.USB_ReadInterrupts
                0x00000000080078e0       0x24 ./Drivers/STM32F1xx_HAL_Driver/Src/stm32f1xx_ll_usb.o
                0x00000000080078e0                USB_ReadInterrupts
 .text.USB_ReadDevAllOutEpInterrupt
                0x0000000008007904       0x32 ./Drivers/STM32F1xx_HAL_Driver/Src/stm32f1xx_ll_usb.o
                0x0000000008007904                USB_ReadDevAllOutEpInterrupt
 .text.USB_ReadDevAllInEpInterrupt
                0x0000000008007936       0x32 ./Drivers/STM32F1xx_HAL_Driver/Src/stm32f1xx_ll_usb.o
                0x0000000008007936                USB_ReadDevAllInEpInterrupt
 .text.USB_ReadDevOutEPInterrupt
                0x0000000008007968       0x3a ./Drivers/STM32F1xx_HAL_Driver/Src/stm32f1xx_ll_usb.o
                0x0000000008007968                USB_ReadDevOutEPInterrupt
 .text.USB_ReadDevInEPInterrupt
                0x00000000080079a2       0x5a ./Drivers/STM32F1xx_HAL_Driver/Src/stm32f1xx_ll_usb.o
                0x00000000080079a2                USB_ReadDevInEPInterrupt
 .text.USB_GetMode
                0x00000000080079fc       0x1a ./Drivers/STM32F1xx_HAL_Driver/Src/stm32f1xx_ll_usb.o
                0x00000000080079fc                USB_GetMode
 .text.USB_ActivateSetup
                0x0000000008007a16       0x44 ./Drivers/STM32F1xx_HAL_Driver/Src/stm32f1xx_ll_usb.o
                0x0000000008007a16                USB_ActivateSetup
 *fill*         0x0000000008007a5a        0x2 
 .text.USB_EP0_OutStart
                0x0000000008007a5c       0x90 ./Drivers/STM32F1xx_HAL_Driver/Src/stm32f1xx_ll_usb.o
                0x0000000008007a5c                USB_EP0_OutStart
 .text.USB_CoreReset
                0x0000000008007aec       0x64 ./Drivers/STM32F1xx_HAL_Driver/Src/stm32f1xx_ll_usb.o
 .text.USBD_CDC_Init
                0x0000000008007b50       0xf4 ./Middlewares/ST/STM32_USB_Device_Library/Class/CDC/Src/usbd_cdc.o
 .text.USBD_CDC_DeInit
                0x0000000008007c44       0x6e ./Middlewares/ST/STM32_USB_Device_Library/Class/CDC/Src/usbd_cdc.o
 .text.USBD_CDC_Setup
                0x0000000008007cb2      0x146 ./Middlewares/ST/STM32_USB_Device_Library/Class/CDC/Src/usbd_cdc.o
 .text.USBD_CDC_DataIn
                0x0000000008007df8       0xa6 ./Middlewares/ST/STM32_USB_Device_Library/Class/CDC/Src/usbd_cdc.o
 .text.USBD_CDC_DataOut
                0x0000000008007e9e       0x56 ./Middlewares/ST/STM32_USB_Device_Library/Class/CDC/Src/usbd_cdc.o
 .text.USBD_CDC_EP0_RxReady
                0x0000000008007ef4       0x50 ./Middlewares/ST/STM32_USB_Device_Library/Class/CDC/Src/usbd_cdc.o
 .text.USBD_CDC_GetFSCfgDesc
                0x0000000008007f44       0x20 ./Middlewares/ST/STM32_USB_Device_Library/Class/CDC/Src/usbd_cdc.o
 .text.USBD_CDC_GetHSCfgDesc
                0x0000000008007f64       0x20 ./Middlewares/ST/STM32_USB_Device_Library/Class/CDC/Src/usbd_cdc.o
 .text.USBD_CDC_GetOtherSpeedCfgDesc
                0x0000000008007f84       0x20 ./Middlewares/ST/STM32_USB_Device_Library/Class/CDC/Src/usbd_cdc.o
 .text.USBD_CDC_GetDeviceQualifierDescriptor
                0x0000000008007fa4       0x20 ./Middlewares/ST/STM32_USB_Device_Library/Class/CDC/Src/usbd_cdc.o
                0x0000000008007fa4                USBD_CDC_GetDeviceQualifierDescriptor
 .text.USBD_CDC_RegisterInterface
                0x0000000008007fc4       0x2c ./Middlewares/ST/STM32_USB_Device_Library/Class/CDC/Src/usbd_cdc.o
                0x0000000008007fc4                USBD_CDC_RegisterInterface
 .text.USBD_CDC_SetTxBuffer
                0x0000000008007ff0       0x32 ./Middlewares/ST/STM32_USB_Device_Library/Class/CDC/Src/usbd_cdc.o
                0x0000000008007ff0                USBD_CDC_SetTxBuffer
 .text.USBD_CDC_SetRxBuffer
                0x0000000008008022       0x26 ./Middlewares/ST/STM32_USB_Device_Library/Class/CDC/Src/usbd_cdc.o
                0x0000000008008022                USBD_CDC_SetRxBuffer
 .text.USBD_CDC_ReceivePacket
                0x0000000008008048       0x54 ./Middlewares/ST/STM32_USB_Device_Library/Class/CDC/Src/usbd_cdc.o
                0x0000000008008048                USBD_CDC_ReceivePacket
 .text.USBD_Init
                0x000000000800809c       0x56 ./Middlewares/ST/STM32_USB_Device_Library/Core/Src/usbd_core.o
                0x000000000800809c                USBD_Init
 .text.USBD_RegisterClass
                0x00000000080080f2       0x32 ./Middlewares/ST/STM32_USB_Device_Library/Core/Src/usbd_core.o
                0x00000000080080f2                USBD_RegisterClass
 .text.USBD_Start
                0x0000000008008124       0x18 ./Middlewares/ST/STM32_USB_Device_Library/Core/Src/usbd_core.o
                0x0000000008008124                USBD_Start
 .text.USBD_RunTestMode
                0x000000000800813c       0x14 ./Middlewares/ST/STM32_USB_Device_Library/Core/Src/usbd_core.o
                0x000000000800813c                USBD_RunTestMode
 .text.USBD_SetClassConfig
                0x0000000008008150       0x3e ./Middlewares/ST/STM32_USB_Device_Library/Core/Src/usbd_core.o
                0x0000000008008150                USBD_SetClassConfig
 .text.USBD_ClrClassConfig
                0x000000000800818e       0x26 ./Middlewares/ST/STM32_USB_Device_Library/Core/Src/usbd_core.o
                0x000000000800818e                USBD_ClrClassConfig
 .text.USBD_LL_SetupStage
                0x00000000080081b4       0x9a ./Middlewares/ST/STM32_USB_Device_Library/Core/Src/usbd_core.o
                0x00000000080081b4                USBD_LL_SetupStage
 .text.USBD_LL_DataOutStage
                0x000000000800824e       0xe2 ./Middlewares/ST/STM32_USB_Device_Library/Core/Src/usbd_core.o
                0x000000000800824e                USBD_LL_DataOutStage
 .text.USBD_LL_DataInStage
                0x0000000008008330      0x14a ./Middlewares/ST/STM32_USB_Device_Library/Core/Src/usbd_core.o
                0x0000000008008330                USBD_LL_DataInStage
 .text.USBD_LL_Reset
                0x000000000800847a       0x82 ./Middlewares/ST/STM32_USB_Device_Library/Core/Src/usbd_core.o
                0x000000000800847a                USBD_LL_Reset
 .text.USBD_LL_SetSpeed
                0x00000000080084fc       0x1e ./Middlewares/ST/STM32_USB_Device_Library/Core/Src/usbd_core.o
                0x00000000080084fc                USBD_LL_SetSpeed
 .text.USBD_LL_Suspend
                0x000000000800851a       0x28 ./Middlewares/ST/STM32_USB_Device_Library/Core/Src/usbd_core.o
                0x000000000800851a                USBD_LL_Suspend
 .text.USBD_LL_Resume
                0x0000000008008542       0x2a ./Middlewares/ST/STM32_USB_Device_Library/Core/Src/usbd_core.o
                0x0000000008008542                USBD_LL_Resume
 .text.USBD_LL_SOF
                0x000000000800856c       0x34 ./Middlewares/ST/STM32_USB_Device_Library/Core/Src/usbd_core.o
                0x000000000800856c                USBD_LL_SOF
 .text.USBD_LL_IsoINIncomplete
                0x00000000080085a0       0x18 ./Middlewares/ST/STM32_USB_Device_Library/Core/Src/usbd_core.o
                0x00000000080085a0                USBD_LL_IsoINIncomplete
 .text.USBD_LL_IsoOUTIncomplete
                0x00000000080085b8       0x18 ./Middlewares/ST/STM32_USB_Device_Library/Core/Src/usbd_core.o
                0x00000000080085b8                USBD_LL_IsoOUTIncomplete
 .text.USBD_LL_DevConnected
                0x00000000080085d0       0x14 ./Middlewares/ST/STM32_USB_Device_Library/Core/Src/usbd_core.o
                0x00000000080085d0                USBD_LL_DevConnected
 .text.USBD_LL_DevDisconnected
                0x00000000080085e4       0x2e ./Middlewares/ST/STM32_USB_Device_Library/Core/Src/usbd_core.o
                0x00000000080085e4                USBD_LL_DevDisconnected
 *fill*         0x0000000008008612        0x2 
 .text.USBD_StdDevReq
                0x0000000008008614       0xd4 ./Middlewares/ST/STM32_USB_Device_Library/Core/Src/usbd_ctlreq.o
                0x0000000008008614                USBD_StdDevReq
 .text.USBD_StdItfReq
                0x00000000080086e8       0x90 ./Middlewares/ST/STM32_USB_Device_Library/Core/Src/usbd_ctlreq.o
                0x00000000080086e8                USBD_StdItfReq
 .text.USBD_StdEPReq
                0x0000000008008778      0x2c6 ./Middlewares/ST/STM32_USB_Device_Library/Core/Src/usbd_ctlreq.o
                0x0000000008008778                USBD_StdEPReq
 *fill*         0x0000000008008a3e        0x2 
 .text.USBD_GetDescriptor
                0x0000000008008a40      0x2d0 ./Middlewares/ST/STM32_USB_Device_Library/Core/Src/usbd_ctlreq.o
 .text.USBD_SetAddress
                0x0000000008008d10       0x86 ./Middlewares/ST/STM32_USB_Device_Library/Core/Src/usbd_ctlreq.o
 *fill*         0x0000000008008d96        0x2 
 .text.USBD_SetConfig
                0x0000000008008d98      0x11c ./Middlewares/ST/STM32_USB_Device_Library/Core/Src/usbd_ctlreq.o
 .text.USBD_GetConfig
                0x0000000008008eb4       0x6a ./Middlewares/ST/STM32_USB_Device_Library/Core/Src/usbd_ctlreq.o
 .text.USBD_GetStatus
                0x0000000008008f1e       0x66 ./Middlewares/ST/STM32_USB_Device_Library/Core/Src/usbd_ctlreq.o
 .text.USBD_SetFeature
                0x0000000008008f84       0x28 ./Middlewares/ST/STM32_USB_Device_Library/Core/Src/usbd_ctlreq.o
 .text.USBD_ClrFeature
                0x0000000008008fac       0x42 ./Middlewares/ST/STM32_USB_Device_Library/Core/Src/usbd_ctlreq.o
 .text.USBD_ParseSetupRequest
                0x0000000008008fee       0x78 ./Middlewares/ST/STM32_USB_Device_Library/Core/Src/usbd_ctlreq.o
                0x0000000008008fee                USBD_ParseSetupRequest
 .text.USBD_CtlError
                0x0000000008009066       0x22 ./Middlewares/ST/STM32_USB_Device_Library/Core/Src/usbd_ctlreq.o
                0x0000000008009066                USBD_CtlError
 .text.USBD_GetString
                0x0000000008009088       0x84 ./Middlewares/ST/STM32_USB_Device_Library/Core/Src/usbd_ctlreq.o
                0x0000000008009088                USBD_GetString
 .text.USBD_GetLen
                0x000000000800910c       0x2e ./Middlewares/ST/STM32_USB_Device_Library/Core/Src/usbd_ctlreq.o
 .text.USBD_CtlSendData
                0x000000000800913a       0x38 ./Middlewares/ST/STM32_USB_Device_Library/Core/Src/usbd_ioreq.o
                0x000000000800913a                USBD_CtlSendData
 .text.USBD_CtlContinueSendData
                0x0000000008009172       0x24 ./Middlewares/ST/STM32_USB_Device_Library/Core/Src/usbd_ioreq.o
                0x0000000008009172                USBD_CtlContinueSendData
 .text.USBD_CtlPrepareRx
                0x0000000008009196       0x3c ./Middlewares/ST/STM32_USB_Device_Library/Core/Src/usbd_ioreq.o
                0x0000000008009196                USBD_CtlPrepareRx
 .text.USBD_CtlContinueRx
                0x00000000080091d2       0x24 ./Middlewares/ST/STM32_USB_Device_Library/Core/Src/usbd_ioreq.o
                0x00000000080091d2                USBD_CtlContinueRx
 .text.USBD_CtlSendStatus
                0x00000000080091f6       0x26 ./Middlewares/ST/STM32_USB_Device_Library/Core/Src/usbd_ioreq.o
                0x00000000080091f6                USBD_CtlSendStatus
 .text.USBD_CtlReceiveStatus
                0x000000000800921c       0x26 ./Middlewares/ST/STM32_USB_Device_Library/Core/Src/usbd_ioreq.o
                0x000000000800921c                USBD_CtlReceiveStatus
 .text.makeFreeRtosPriority
                0x0000000008009242       0x2e ./Middlewares/Third_Party/FreeRTOS/Source/CMSIS_RTOS/cmsis_os.o
 .text.osKernelStart
                0x0000000008009270        0xe ./Middlewares/Third_Party/FreeRTOS/Source/CMSIS_RTOS/cmsis_os.o
                0x0000000008009270                osKernelStart
 .text.osThreadCreate
                0x000000000800927e       0x98 ./Middlewares/Third_Party/FreeRTOS/Source/CMSIS_RTOS/cmsis_os.o
                0x000000000800927e                osThreadCreate
 .text.osDelay  0x0000000008009316       0x28 ./Middlewares/Third_Party/FreeRTOS/Source/CMSIS_RTOS/cmsis_os.o
                0x0000000008009316                osDelay
 .text.osSemaphoreCreate
                0x000000000800933e       0x64 ./Middlewares/Third_Party/FreeRTOS/Source/CMSIS_RTOS/cmsis_os.o
                0x000000000800933e                osSemaphoreCreate
 .text.osMessageCreate
                0x00000000080093a2       0x50 ./Middlewares/Third_Party/FreeRTOS/Source/CMSIS_RTOS/cmsis_os.o
                0x00000000080093a2                osMessageCreate
 .text.vListInitialise
                0x00000000080093f2       0x3e ./Middlewares/Third_Party/FreeRTOS/Source/list.o
                0x00000000080093f2                vListInitialise
 .text.vListInitialiseItem
                0x0000000008009430       0x18 ./Middlewares/Third_Party/FreeRTOS/Source/list.o
                0x0000000008009430                vListInitialiseItem
 .text.vListInsertEnd
                0x0000000008009448       0x46 ./Middlewares/Third_Party/FreeRTOS/Source/list.o
                0x0000000008009448                vListInsertEnd
 .text.vListInsert
                0x000000000800948e       0x70 ./Middlewares/Third_Party/FreeRTOS/Source/list.o
                0x000000000800948e                vListInsert
 .text.uxListRemove
                0x00000000080094fe       0x52 ./Middlewares/Third_Party/FreeRTOS/Source/list.o
                0x00000000080094fe                uxListRemove
 .text.xQueueGenericReset
                0x0000000008009550       0xd0 ./Middlewares/Third_Party/FreeRTOS/Source/queue.o
                0x0000000008009550                xQueueGenericReset
 .text.xQueueGenericCreateStatic
                0x0000000008009620       0xee ./Middlewares/Third_Party/FreeRTOS/Source/queue.o
                0x0000000008009620                xQueueGenericCreateStatic
 .text.xQueueGenericCreate
                0x000000000800970e       0x7c ./Middlewares/Third_Party/FreeRTOS/Source/queue.o
                0x000000000800970e                xQueueGenericCreate
 .text.prvInitialiseNewQueue
                0x000000000800978a       0x3e ./Middlewares/Third_Party/FreeRTOS/Source/queue.o
 .text.xQueueGenericSend
                0x00000000080097c8      0x1fc ./Middlewares/Third_Party/FreeRTOS/Source/queue.o
                0x00000000080097c8                xQueueGenericSend
 .text.xQueueGenericSendFromISR
                0x00000000080099c4      0x130 ./Middlewares/Third_Party/FreeRTOS/Source/queue.o
                0x00000000080099c4                xQueueGenericSendFromISR
 .text.xQueueReceive
                0x0000000008009af4      0x1c0 ./Middlewares/Third_Party/FreeRTOS/Source/queue.o
                0x0000000008009af4                xQueueReceive
 .text.prvCopyDataToQueue
                0x0000000008009cb4       0xd4 ./Middlewares/Third_Party/FreeRTOS/Source/queue.o
 .text.prvCopyDataFromQueue
                0x0000000008009d88       0x4c ./Middlewares/Third_Party/FreeRTOS/Source/queue.o
 .text.prvUnlockQueue
                0x0000000008009dd4       0xa4 ./Middlewares/Third_Party/FreeRTOS/Source/queue.o
 .text.prvIsQueueEmpty
                0x0000000008009e78       0x2c ./Middlewares/Third_Party/FreeRTOS/Source/queue.o
 .text.prvIsQueueFull
                0x0000000008009ea4       0x30 ./Middlewares/Third_Party/FreeRTOS/Source/queue.o
 .text.xTaskCreateStatic
                0x0000000008009ed4       0xb8 ./Middlewares/Third_Party/FreeRTOS/Source/tasks.o
                0x0000000008009ed4                xTaskCreateStatic
 .text.xTaskCreate
                0x0000000008009f8c       0x8a ./Middlewares/Third_Party/FreeRTOS/Source/tasks.o
                0x0000000008009f8c                xTaskCreate
 .text.prvInitialiseNewTask
                0x000000000800a016       0xfe ./Middlewares/Third_Party/FreeRTOS/Source/tasks.o
 .text.prvAddNewTaskToReadyList
                0x000000000800a114       0xd4 ./Middlewares/Third_Party/FreeRTOS/Source/tasks.o
 .text.vTaskDelay
                0x000000000800a1e8       0x68 ./Middlewares/Third_Party/FreeRTOS/Source/tasks.o
                0x000000000800a1e8                vTaskDelay
 .text.vTaskStartScheduler
                0x000000000800a250       0xc0 ./Middlewares/Third_Party/FreeRTOS/Source/tasks.o
                0x000000000800a250                vTaskStartScheduler
 .text.vTaskSuspendAll
                0x000000000800a310       0x1c ./Middlewares/Third_Party/FreeRTOS/Source/tasks.o
                0x000000000800a310                vTaskSuspendAll
 .text.xTaskResumeAll
                0x000000000800a32c      0x138 ./Middlewares/Third_Party/FreeRTOS/Source/tasks.o
                0x000000000800a32c                xTaskResumeAll
 .text.xTaskIncrementTick
                0x000000000800a464      0x17c ./Middlewares/Third_Party/FreeRTOS/Source/tasks.o
                0x000000000800a464                xTaskIncrementTick
 .text.vTaskSwitchContext
                0x000000000800a5e0       0xb4 ./Middlewares/Third_Party/FreeRTOS/Source/tasks.o
                0x000000000800a5e0                vTaskSwitchContext
 .text.vTaskPlaceOnEventList
                0x000000000800a694       0x48 ./Middlewares/Third_Party/FreeRTOS/Source/tasks.o
                0x000000000800a694                vTaskPlaceOnEventList
 .text.xTaskRemoveFromEventList
                0x000000000800a6dc       0xc4 ./Middlewares/Third_Party/FreeRTOS/Source/tasks.o
                0x000000000800a6dc                xTaskRemoveFromEventList
 .text.vTaskInternalSetTimeOutState
                0x000000000800a7a0       0x2c ./Middlewares/Third_Party/FreeRTOS/Source/tasks.o
                0x000000000800a7a0                vTaskInternalSetTimeOutState
 .text.xTaskCheckForTimeOut
                0x000000000800a7cc       0xc4 ./Middlewares/Third_Party/FreeRTOS/Source/tasks.o
                0x000000000800a7cc                xTaskCheckForTimeOut
 .text.vTaskMissedYield
                0x000000000800a890       0x18 ./Middlewares/Third_Party/FreeRTOS/Source/tasks.o
                0x000000000800a890                vTaskMissedYield
 .text.prvIdleTask
                0x000000000800a8a8       0x30 ./Middlewares/Third_Party/FreeRTOS/Source/tasks.o
 .text.prvInitialiseTaskLists
                0x000000000800a8d8       0x80 ./Middlewares/Third_Party/FreeRTOS/Source/tasks.o
 .text.prvCheckTasksWaitingTermination
                0x000000000800a958       0x5c ./Middlewares/Third_Party/FreeRTOS/Source/tasks.o
 .text.prvDeleteTCB
                0x000000000800a9b4       0x5e ./Middlewares/Third_Party/FreeRTOS/Source/tasks.o
 *fill*         0x000000000800aa12        0x2 
 .text.prvResetNextTaskUnblockTime
                0x000000000800aa14       0x48 ./Middlewares/Third_Party/FreeRTOS/Source/tasks.o
 .text.xTaskGetSchedulerState
                0x000000000800aa5c       0x3c ./Middlewares/Third_Party/FreeRTOS/Source/tasks.o
                0x000000000800aa5c                xTaskGetSchedulerState
 .text.xTaskPriorityDisinherit
                0x000000000800aa98      0x10c ./Middlewares/Third_Party/FreeRTOS/Source/tasks.o
                0x000000000800aa98                xTaskPriorityDisinherit
 .text.prvAddCurrentTaskToDelayedList
                0x000000000800aba4       0xcc ./Middlewares/Third_Party/FreeRTOS/Source/tasks.o
 .text.pxPortInitialiseStack
                0x000000000800ac70       0x58 ./Middlewares/Third_Party/FreeRTOS/Source/portable/GCC/ARM_CM3/port.o
                0x000000000800ac70                pxPortInitialiseStack
 .text.prvTaskExitError
                0x000000000800acc8       0x58 ./Middlewares/Third_Party/FreeRTOS/Source/portable/GCC/ARM_CM3/port.o
 .text.SVC_Handler
                0x000000000800ad20       0x28 ./Middlewares/Third_Party/FreeRTOS/Source/portable/GCC/ARM_CM3/port.o
                0x000000000800ad20                SVC_Handler
 .text.prvPortStartFirstTask
                0x000000000800ad48       0x20 ./Middlewares/Third_Party/FreeRTOS/Source/portable/GCC/ARM_CM3/port.o
 .text.xPortStartScheduler
                0x000000000800ad68       0xe4 ./Middlewares/Third_Party/FreeRTOS/Source/portable/GCC/ARM_CM3/port.o
                0x000000000800ad68                xPortStartScheduler
 .text.vPortEnterCritical
                0x000000000800ae4c       0x60 ./Middlewares/Third_Party/FreeRTOS/Source/portable/GCC/ARM_CM3/port.o
                0x000000000800ae4c                vPortEnterCritical
 .text.vPortExitCritical
                0x000000000800aeac       0x50 ./Middlewares/Third_Party/FreeRTOS/Source/portable/GCC/ARM_CM3/port.o
                0x000000000800aeac                vPortExitCritical
 *fill*         0x000000000800aefc        0x4 
 .text.PendSV_Handler
                0x000000000800af00       0x48 ./Middlewares/Third_Party/FreeRTOS/Source/portable/GCC/ARM_CM3/port.o
                0x000000000800af00                PendSV_Handler
 .text.SysTick_Handler
                0x000000000800af48       0x44 ./Middlewares/Third_Party/FreeRTOS/Source/portable/GCC/ARM_CM3/port.o
                0x000000000800af48                SysTick_Handler
 .text.vPortSetupTimerInterrupt
                0x000000000800af8c       0x44 ./Middlewares/Third_Party/FreeRTOS/Source/portable/GCC/ARM_CM3/port.o
                0x000000000800af8c                vPortSetupTimerInterrupt
 .text.vPortValidateInterruptPriority
                0x000000000800afd0       0x7c ./Middlewares/Third_Party/FreeRTOS/Source/portable/GCC/ARM_CM3/port.o
                0x000000000800afd0                vPortValidateInterruptPriority
 .text.pvPortMalloc
                0x000000000800b04c      0x188 ./Middlewares/Third_Party/FreeRTOS/Source/portable/MemMang/heap_4.o
                0x000000000800b04c                pvPortMalloc
 .text.vPortFree
                0x000000000800b1d4       0xb4 ./Middlewares/Third_Party/FreeRTOS/Source/portable/MemMang/heap_4.o
                0x000000000800b1d4                vPortFree
 .text.prvHeapInit
                0x000000000800b288       0xc4 ./Middlewares/Third_Party/FreeRTOS/Source/portable/MemMang/heap_4.o
 .text.prvInsertBlockIntoFreeList
                0x000000000800b34c       0xb0 ./Middlewares/Third_Party/FreeRTOS/Source/portable/MemMang/heap_4.o
 .text.MX_USB_DEVICE_Init
                0x000000000800b3fc       0x60 ./USB_DEVICE/App/usb_device.o
                0x000000000800b3fc                MX_USB_DEVICE_Init
 .text.CDC_Init_FS
                0x000000000800b45c       0x28 ./USB_DEVICE/App/usbd_cdc_if.o
 .text.CDC_DeInit_FS
                0x000000000800b484        0xe ./USB_DEVICE/App/usbd_cdc_if.o
 *fill*         0x000000000800b492        0x2 
 .text.CDC_Control_FS
                0x000000000800b494       0xbc ./USB_DEVICE/App/usbd_cdc_if.o
 .text.CDC_Receive_FS
                0x000000000800b550       0x34 ./USB_DEVICE/App/usbd_cdc_if.o
 .text.USBD_FS_DeviceDescriptor
                0x000000000800b584       0x24 ./USB_DEVICE/App/usbd_desc.o
                0x000000000800b584                USBD_FS_DeviceDescriptor
 .text.USBD_FS_LangIDStrDescriptor
                0x000000000800b5a8       0x24 ./USB_DEVICE/App/usbd_desc.o
                0x000000000800b5a8                USBD_FS_LangIDStrDescriptor
 .text.USBD_FS_ProductStrDescriptor
                0x000000000800b5cc       0x3c ./USB_DEVICE/App/usbd_desc.o
                0x000000000800b5cc                USBD_FS_ProductStrDescriptor
 .text.USBD_FS_ManufacturerStrDescriptor
                0x000000000800b608       0x28 ./USB_DEVICE/App/usbd_desc.o
                0x000000000800b608                USBD_FS_ManufacturerStrDescriptor
 .text.USBD_FS_SerialStrDescriptor
                0x000000000800b630       0x24 ./USB_DEVICE/App/usbd_desc.o
                0x000000000800b630                USBD_FS_SerialStrDescriptor
 .text.USBD_FS_ConfigStrDescriptor
                0x000000000800b654       0x3c ./USB_DEVICE/App/usbd_desc.o
                0x000000000800b654                USBD_FS_ConfigStrDescriptor
 .text.USBD_FS_InterfaceStrDescriptor
                0x000000000800b690       0x3c ./USB_DEVICE/App/usbd_desc.o
                0x000000000800b690                USBD_FS_InterfaceStrDescriptor
 .text.Get_SerialNum
                0x000000000800b6cc       0x58 ./USB_DEVICE/App/usbd_desc.o
 .text.IntToUnicode
                0x000000000800b724       0x7c ./USB_DEVICE/App/usbd_desc.o
 .text.HAL_PCD_MspInit
                0x000000000800b7a0       0x8c ./USB_DEVICE/Target/usbd_conf.o
                0x000000000800b7a0                HAL_PCD_MspInit
 .text.HAL_PCD_SetupStageCallback
                0x000000000800b82c       0x24 ./USB_DEVICE/Target/usbd_conf.o
                0x000000000800b82c                HAL_PCD_SetupStageCallback
 .text.HAL_PCD_DataOutStageCallback
                0x000000000800b850       0x36 ./USB_DEVICE/Target/usbd_conf.o
                0x000000000800b850                HAL_PCD_DataOutStageCallback
 .text.HAL_PCD_DataInStageCallback
                0x000000000800b886       0x34 ./USB_DEVICE/Target/usbd_conf.o
                0x000000000800b886                HAL_PCD_DataInStageCallback
 .text.HAL_PCD_SOFCallback
                0x000000000800b8ba       0x1c ./USB_DEVICE/Target/usbd_conf.o
                0x000000000800b8ba                HAL_PCD_SOFCallback
 .text.HAL_PCD_ResetCallback
                0x000000000800b8d6       0x3c ./USB_DEVICE/Target/usbd_conf.o
                0x000000000800b8d6                HAL_PCD_ResetCallback
 *fill*         0x000000000800b912        0x2 
 .text.HAL_PCD_SuspendCallback
                0x000000000800b914       0x4c ./USB_DEVICE/Target/usbd_conf.o
                0x000000000800b914                HAL_PCD_SuspendCallback
 .text.HAL_PCD_ResumeCallback
                0x000000000800b960       0x1c ./USB_DEVICE/Target/usbd_conf.o
                0x000000000800b960                HAL_PCD_ResumeCallback
 .text.HAL_PCD_ISOOUTIncompleteCallback
                0x000000000800b97c       0x24 ./USB_DEVICE/Target/usbd_conf.o
                0x000000000800b97c                HAL_PCD_ISOOUTIncompleteCallback
 .text.HAL_PCD_ISOINIncompleteCallback
                0x000000000800b9a0       0x24 ./USB_DEVICE/Target/usbd_conf.o
                0x000000000800b9a0                HAL_PCD_ISOINIncompleteCallback
 .text.HAL_PCD_ConnectCallback
                0x000000000800b9c4       0x1c ./USB_DEVICE/Target/usbd_conf.o
                0x000000000800b9c4                HAL_PCD_ConnectCallback
 .text.HAL_PCD_DisconnectCallback
                0x000000000800b9e0       0x1c ./USB_DEVICE/Target/usbd_conf.o
                0x000000000800b9e0                HAL_PCD_DisconnectCallback
 .text.USBD_LL_Init
                0x000000000800b9fc       0x88 ./USB_DEVICE/Target/usbd_conf.o
                0x000000000800b9fc                USBD_LL_Init
 .text.USBD_LL_Start
                0x000000000800ba84       0x36 ./USB_DEVICE/Target/usbd_conf.o
                0x000000000800ba84                USBD_LL_Start
 .text.USBD_LL_OpenEP
                0x000000000800baba       0x4c ./USB_DEVICE/Target/usbd_conf.o
                0x000000000800baba                USBD_LL_OpenEP
 .text.USBD_LL_CloseEP
                0x000000000800bb06       0x3e ./USB_DEVICE/Target/usbd_conf.o
                0x000000000800bb06                USBD_LL_CloseEP
 .text.USBD_LL_StallEP
                0x000000000800bb44       0x3e ./USB_DEVICE/Target/usbd_conf.o
                0x000000000800bb44                USBD_LL_StallEP
 .text.USBD_LL_ClearStallEP
                0x000000000800bb82       0x3e ./USB_DEVICE/Target/usbd_conf.o
                0x000000000800bb82                USBD_LL_ClearStallEP
 .text.USBD_LL_IsStallEP
                0x000000000800bbc0       0x56 ./USB_DEVICE/Target/usbd_conf.o
                0x000000000800bbc0                USBD_LL_IsStallEP
 .text.USBD_LL_SetUSBAddress
                0x000000000800bc16       0x3e ./USB_DEVICE/Target/usbd_conf.o
                0x000000000800bc16                USBD_LL_SetUSBAddress
 .text.USBD_LL_Transmit
                0x000000000800bc54       0x46 ./USB_DEVICE/Target/usbd_conf.o
                0x000000000800bc54                USBD_LL_Transmit
 .text.USBD_LL_PrepareReceive
                0x000000000800bc9a       0x46 ./USB_DEVICE/Target/usbd_conf.o
                0x000000000800bc9a                USBD_LL_PrepareReceive
 .text.USBD_LL_GetRxDataSize
                0x000000000800bce0       0x26 ./USB_DEVICE/Target/usbd_conf.o
                0x000000000800bce0                USBD_LL_GetRxDataSize
 *fill*         0x000000000800bd06        0x2 
 .text.USBD_static_malloc
                0x000000000800bd08       0x18 ./USB_DEVICE/Target/usbd_conf.o
                0x000000000800bd08                USBD_static_malloc
 .text.USBD_static_free
                0x000000000800bd20       0x12 ./USB_DEVICE/Target/usbd_conf.o
                0x000000000800bd20                USBD_static_free
 *fill*         0x000000000800bd32        0x2 
 .text.USBD_Get_USB_Status
                0x000000000800bd34       0x58 ./USB_DEVICE/Target/usbd_conf.o
 .text.__libc_init_array
                0x000000000800bd8c       0x48 c:/st/stm32cubeide_1.10.1/stm32cubeide/plugins/com.st.stm32cube.ide.mcu.externaltools.gnu-tools-for-stm32.10.3-2021.10.win32_1.0.0.202111181127/tools/bin/../lib/gcc/arm-none-eabi/10.3.1/../../../../arm-none-eabi/lib/thumb/v7-m/nofp\libc_nano.a(lib_a-init.o)
                0x000000000800bd8c                __libc_init_array
 .text.memcpy   0x000000000800bdd4       0x1c c:/st/stm32cubeide_1.10.1/stm32cubeide/plugins/com.st.stm32cube.ide.mcu.externaltools.gnu-tools-for-stm32.10.3-2021.10.win32_1.0.0.202111181127/tools/bin/../lib/gcc/arm-none-eabi/10.3.1/../../../../arm-none-eabi/lib/thumb/v7-m/nofp\libc_nano.a(lib_a-memcpy-stub.o)
                0x000000000800bdd4                memcpy
 .text.memset   0x000000000800bdf0       0x10 c:/st/stm32cubeide_1.10.1/stm32cubeide/plugins/com.st.stm32cube.ide.mcu.externaltools.gnu-tools-for-stm32.10.3-2021.10.win32_1.0.0.202111181127/tools/bin/../lib/gcc/arm-none-eabi/10.3.1/../../../../arm-none-eabi/lib/thumb/v7-m/nofp\libc_nano.a(lib_a-memset.o)
                0x000000000800bdf0                memset
 *(.glue_7)
 .glue_7        0x000000000800be00        0x0 linker stubs
 *(.glue_7t)
 .glue_7t       0x000000000800be00        0x0 linker stubs
 *(.eh_frame)
 .eh_frame      0x000000000800be00        0x0 c:/st/stm32cubeide_1.10.1/stm32cubeide/plugins/com.st.stm32cube.ide.mcu.externaltools.gnu-tools-for-stm32.10.3-2021.10.win32_1.0.0.202111181127/tools/bin/../lib/gcc/arm-none-eabi/10.3.1/thumb/v7-m/nofp/crtbegin.o
 *(.init)
 .init          0x000000000800be00        0x4 c:/st/stm32cubeide_1.10.1/stm32cubeide/plugins/com.st.stm32cube.ide.mcu.externaltools.gnu-tools-for-stm32.10.3-2021.10.win32_1.0.0.202111181127/tools/bin/../lib/gcc/arm-none-eabi/10.3.1/thumb/v7-m/nofp/crti.o
                0x000000000800be00                _init
 .init          0x000000000800be04        0x8 c:/st/stm32cubeide_1.10.1/stm32cubeide/plugins/com.st.stm32cube.ide.mcu.externaltools.gnu-tools-for-stm32.10.3-2021.10.win32_1.0.0.202111181127/tools/bin/../lib/gcc/arm-none-eabi/10.3.1/thumb/v7-m/nofp/crtn.o
 *(.fini)
 .fini          0x000000000800be0c        0x4 c:/st/stm32cubeide_1.10.1/stm32cubeide/plugins/com.st.stm32cube.ide.mcu.externaltools.gnu-tools-for-stm32.10.3-2021.10.win32_1.0.0.202111181127/tools/bin/../lib/gcc/arm-none-eabi/10.3.1/thumb/v7-m/nofp/crti.o
                0x000000000800be0c                _fini
 .fini          0x000000000800be10        0x8 c:/st/stm32cubeide_1.10.1/stm32cubeide/plugins/com.st.stm32cube.ide.mcu.externaltools.gnu-tools-for-stm32.10.3-2021.10.win32_1.0.0.202111181127/tools/bin/../lib/gcc/arm-none-eabi/10.3.1/thumb/v7-m/nofp/crtn.o
                0x000000000800be18                . = ALIGN (0x4)
                0x000000000800be18                _etext = .

.vfp11_veneer   0x000000000800be18        0x0
 .vfp11_veneer  0x000000000800be18        0x0 linker stubs

.v4_bx          0x000000000800be18        0x0
 .v4_bx         0x000000000800be18        0x0 linker stubs

.iplt           0x000000000800be18        0x0
 .iplt          0x000000000800be18        0x0 c:/st/stm32cubeide_1.10.1/stm32cubeide/plugins/com.st.stm32cube.ide.mcu.externaltools.gnu-tools-for-stm32.10.3-2021.10.win32_1.0.0.202111181127/tools/bin/../lib/gcc/arm-none-eabi/10.3.1/thumb/v7-m/nofp/crtbegin.o

.rodata         0x000000000800be18      0x17c
                0x000000000800be18                . = ALIGN (0x4)
 *(.rodata)
 .rodata        0x000000000800be18        0x8 ./Core/Src/can_tools.o
 .rodata        0x000000000800be20       0xec ./Core/Src/main.o
 .rodata        0x000000000800bf0c        0x5 ./Middlewares/Third_Party/FreeRTOS/Source/tasks.o
 *fill*         0x000000000800bf11        0x3 
 .rodata        0x000000000800bf14       0x46 ./USB_DEVICE/App/usbd_desc.o
 *(.rodata*)
 *fill*         0x000000000800bf5a        0x2 
 .rodata.AHBPrescTable
                0x000000000800bf5c       0x10 ./Core/Src/system_stm32f1xx.o
                0x000000000800bf5c                AHBPrescTable
 .rodata.APBPrescTable
                0x000000000800bf6c        0x8 ./Core/Src/system_stm32f1xx.o
                0x000000000800bf6c                APBPrescTable
 .rodata.aPLLMULFactorTable.1
                0x000000000800bf74        0xe ./Drivers/STM32F1xx_HAL_Driver/Src/stm32f1xx_hal_rcc.o
 *fill*         0x000000000800bf82        0x2 
 .rodata.aPredivFactorTable.0
                0x000000000800bf84       0x10 ./Drivers/STM32F1xx_HAL_Driver/Src/stm32f1xx_hal_rcc.o
                0x000000000800bf94                . = ALIGN (0x4)

.ARM.extab      0x000000000800bf94        0x0
                0x000000000800bf94                . = ALIGN (0x4)
 *(.ARM.extab* .gnu.linkonce.armextab.*)
                0x000000000800bf94                . = ALIGN (0x4)

.ARM            0x000000000800bf94        0x8
                0x000000000800bf94                . = ALIGN (0x4)
                0x000000000800bf94                __exidx_start = .
 *(.ARM.exidx*)
 .ARM.exidx     0x000000000800bf94        0x8 c:/st/stm32cubeide_1.10.1/stm32cubeide/plugins/com.st.stm32cube.ide.mcu.externaltools.gnu-tools-for-stm32.10.3-2021.10.win32_1.0.0.202111181127/tools/bin/../lib/gcc/arm-none-eabi/10.3.1/thumb/v7-m/nofp\libgcc.a(_udivmoddi4.o)
                0x000000000800bf9c                __exidx_end = .
                0x000000000800bf9c                . = ALIGN (0x4)

.rel.dyn        0x000000000800bf9c        0x0
 .rel.iplt      0x000000000800bf9c        0x0 c:/st/stm32cubeide_1.10.1/stm32cubeide/plugins/com.st.stm32cube.ide.mcu.externaltools.gnu-tools-for-stm32.10.3-2021.10.win32_1.0.0.202111181127/tools/bin/../lib/gcc/arm-none-eabi/10.3.1/thumb/v7-m/nofp/crtbegin.o

.preinit_array  0x000000000800bf9c        0x0
                0x000000000800bf9c                . = ALIGN (0x4)
                0x000000000800bf9c                PROVIDE (__preinit_array_start = .)
 *(.preinit_array*)
                0x000000000800bf9c                PROVIDE (__preinit_array_end = .)
                0x000000000800bf9c                . = ALIGN (0x4)

.init_array     0x000000000800bf9c        0x4
                0x000000000800bf9c                . = ALIGN (0x4)
                0x000000000800bf9c                PROVIDE (__init_array_start = .)
 *(SORT_BY_NAME(.init_array.*))
 *(.init_array*)
 .init_array    0x000000000800bf9c        0x4 c:/st/stm32cubeide_1.10.1/stm32cubeide/plugins/com.st.stm32cube.ide.mcu.externaltools.gnu-tools-for-stm32.10.3-2021.10.win32_1.0.0.202111181127/tools/bin/../lib/gcc/arm-none-eabi/10.3.1/thumb/v7-m/nofp/crtbegin.o
                0x000000000800bfa0                PROVIDE (__init_array_end = .)
                0x000000000800bfa0                . = ALIGN (0x4)

.fini_array     0x000000000800bfa0        0x4
                0x000000000800bfa0                . = ALIGN (0x4)
                [!provide]                        PROVIDE (__fini_array_start = .)
 *(SORT_BY_NAME(.fini_array.*))
 *(.fini_array*)
 .fini_array    0x000000000800bfa0        0x4 c:/st/stm32cubeide_1.10.1/stm32cubeide/plugins/com.st.stm32cube.ide.mcu.externaltools.gnu-tools-for-stm32.10.3-2021.10.win32_1.0.0.202111181127/tools/bin/../lib/gcc/arm-none-eabi/10.3.1/thumb/v7-m/nofp/crtbegin.o
                [!provide]                        PROVIDE (__fini_array_end = .)
                0x000000000800bfa4                . = ALIGN (0x4)
                0x000000000800bfa4                _sidata = LOADADDR (.data)

.data           0x0000000020000000      0x180 load address 0x000000000800bfa4
                0x0000000020000000                . = ALIGN (0x4)
                0x0000000020000000                _sdata = .
 *(.data)
 *(.data*)
 .data.SystemCoreClock
                0x0000000020000000        0x4 ./Core/Src/system_stm32f1xx.o
                0x0000000020000000                SystemCoreClock
 .data.uwTickPrio
                0x0000000020000004        0x4 ./Drivers/STM32F1xx_HAL_Driver/Src/stm32f1xx_hal.o
                0x0000000020000004                uwTickPrio
 .data.uwTickFreq
                0x0000000020000008        0x1 ./Drivers/STM32F1xx_HAL_Driver/Src/stm32f1xx_hal.o
                0x0000000020000008                uwTickFreq
 *fill*         0x0000000020000009        0x3 
 .data.USBD_CDC_DeviceQualifierDesc
                0x000000002000000c        0xa ./Middlewares/ST/STM32_USB_Device_Library/Class/CDC/Src/usbd_cdc.o
 *fill*         0x0000000020000016        0x2 
 .data.USBD_CDC
                0x0000000020000018       0x38 ./Middlewares/ST/STM32_USB_Device_Library/Class/CDC/Src/usbd_cdc.o
                0x0000000020000018                USBD_CDC
 .data.USBD_CDC_CfgHSDesc
                0x0000000020000050       0x43 ./Middlewares/ST/STM32_USB_Device_Library/Class/CDC/Src/usbd_cdc.o
                0x0000000020000050                USBD_CDC_CfgHSDesc
 *fill*         0x0000000020000093        0x1 
 .data.USBD_CDC_CfgFSDesc
                0x0000000020000094       0x43 ./Middlewares/ST/STM32_USB_Device_Library/Class/CDC/Src/usbd_cdc.o
                0x0000000020000094                USBD_CDC_CfgFSDesc
 *fill*         0x00000000200000d7        0x1 
 .data.USBD_CDC_OtherSpeedCfgDesc
                0x00000000200000d8       0x43 ./Middlewares/ST/STM32_USB_Device_Library/Class/CDC/Src/usbd_cdc.o
                0x00000000200000d8                USBD_CDC_OtherSpeedCfgDesc
 *fill*         0x000000002000011b        0x1 
 .data.uxCriticalNesting
                0x000000002000011c        0x4 ./Middlewares/Third_Party/FreeRTOS/Source/portable/GCC/ARM_CM3/port.o
 .data.USBD_Interface_fops_FS
                0x0000000020000120       0x10 ./USB_DEVICE/App/usbd_cdc_if.o
                0x0000000020000120                USBD_Interface_fops_FS
 .data.FS_Desc  0x0000000020000130       0x1c ./USB_DEVICE/App/usbd_desc.o
                0x0000000020000130                FS_Desc
 .data.USBD_FS_DeviceDesc
                0x000000002000014c       0x12 ./USB_DEVICE/App/usbd_desc.o
                0x000000002000014c                USBD_FS_DeviceDesc
 *fill*         0x000000002000015e        0x2 
 .data.USBD_LangIDDesc
                0x0000000020000160        0x4 ./USB_DEVICE/App/usbd_desc.o
                0x0000000020000160                USBD_LangIDDesc
 .data.USBD_StringSerial
                0x0000000020000164       0x1a ./USB_DEVICE/App/usbd_desc.o
                0x0000000020000164                USBD_StringSerial
 *(.RamFunc)
 *(.RamFunc*)
                0x0000000020000180                . = ALIGN (0x4)
 *fill*         0x000000002000017e        0x2 
                0x0000000020000180                _edata = .

.igot.plt       0x0000000020000180        0x0 load address 0x000000000800c124
 .igot.plt      0x0000000020000180        0x0 c:/st/stm32cubeide_1.10.1/stm32cubeide/plugins/com.st.stm32cube.ide.mcu.externaltools.gnu-tools-for-stm32.10.3-2021.10.win32_1.0.0.202111181127/tools/bin/../lib/gcc/arm-none-eabi/10.3.1/thumb/v7-m/nofp/crtbegin.o
                0x0000000020000180                . = ALIGN (0x4)

.bss            0x0000000020000180     0x3ff4 load address 0x000000000800c124
                0x0000000020000180                _sbss = .
                0x0000000020000180                __bss_start__ = _sbss
 *(.bss)
 .bss           0x0000000020000180       0x1c c:/st/stm32cubeide_1.10.1/stm32cubeide/plugins/com.st.stm32cube.ide.mcu.externaltools.gnu-tools-for-stm32.10.3-2021.10.win32_1.0.0.202111181127/tools/bin/../lib/gcc/arm-none-eabi/10.3.1/thumb/v7-m/nofp/crtbegin.o
 *(.bss*)
 .bss.Canbuffer
                0x000000002000019c      0x320 ./Core/Src/can_tools.o
                0x000000002000019c                Canbuffer
 .bss.pHeader   0x00000000200004bc       0x18 ./Core/Src/can_tools.o
                0x00000000200004bc                pHeader
 .bss.indx      0x00000000200004d4        0x1 ./Core/Src/can_tools.o
                0x00000000200004d4                indx
 *fill*         0x00000000200004d5        0x3 
 .bss.CAN_Bridge_MSG
                0x00000000200004d8      0xbe0 ./Core/Src/can_tools.o
                0x00000000200004d8                CAN_Bridge_MSG
 .bss.myErrorFlag
                0x00000000200010b8        0xe ./Core/Src/can_tools.o
                0x00000000200010b8                myErrorFlag
 *fill*         0x00000000200010c6        0x2 
 .bss.IDlist1   0x00000000200010c8      0x3e8 ./Core/Src/can_tools.o
                0x00000000200010c8                IDlist1
 .bss.IDlist2   0x00000000200014b0      0x3e8 ./Core/Src/can_tools.o
                0x00000000200014b0                IDlist2
 .bss.index1.1  0x0000000020001898        0x2 ./Core/Src/can_tools.o
 .bss.index2.0  0x000000002000189a        0x2 ./Core/Src/can_tools.o
 .bss.xIdleTaskTCBBuffer
                0x000000002000189c       0x54 ./Core/Src/freertos.o
 .bss.xIdleStack
                0x00000000200018f0      0x200 ./Core/Src/freertos.o
 .bss.receive   0x0000000020001af0       0x40 ./Core/Src/main.o
 .bss.hadc1     0x0000000020001b30       0x30 ./Core/Src/main.o
                0x0000000020001b30                hadc1
 .bss.hcan1     0x0000000020001b60       0x28 ./Core/Src/main.o
                0x0000000020001b60                hcan1
 .bss.hcan2     0x0000000020001b88       0x28 ./Core/Src/main.o
                0x0000000020001b88                hcan2
 .bss.defaultTaskHandle
                0x0000000020001bb0        0x4 ./Core/Src/main.o
                0x0000000020001bb0                defaultTaskHandle
 .bss.myButtonTaskHandle
                0x0000000020001bb4        0x4 ./Core/Src/main.o
                0x0000000020001bb4                myButtonTaskHandle
 .bss.myTask03Handle
                0x0000000020001bb8        0x4 ./Core/Src/main.o
                0x0000000020001bb8                myTask03Handle
 .bss.myTask04Handle
                0x0000000020001bbc        0x4 ./Core/Src/main.o
                0x0000000020001bbc                myTask04Handle
 .bss.myTask05Handle
                0x0000000020001bc0        0x4 ./Core/Src/main.o
                0x0000000020001bc0                myTask05Handle
 .bss.myQueue01Handle
                0x0000000020001bc4        0x4 ./Core/Src/main.o
                0x0000000020001bc4                myQueue01Handle
 .bss.myQueue02Handle
                0x0000000020001bc8        0x4 ./Core/Src/main.o
                0x0000000020001bc8                myQueue02Handle
 .bss.SartStopSem01Handle
                0x0000000020001bcc        0x4 ./Core/Src/main.o
                0x0000000020001bcc                SartStopSem01Handle
 .bss.HandBrakeSem02Handle
                0x0000000020001bd0        0x4 ./Core/Src/main.o
                0x0000000020001bd0                HandBrakeSem02Handle
 .bss.ParkBrakeSem03Handle
                0x0000000020001bd4        0x4 ./Core/Src/main.o
                0x0000000020001bd4                ParkBrakeSem03Handle
 .bss.Commandstruct
                0x0000000020001bd8        0xc ./Core/Src/main.o
                0x0000000020001bd8                Commandstruct
 .bss.adc       0x0000000020001be4        0x4 ./Core/Src/main.o
                0x0000000020001be4                adc
 .bss.SetSteering
                0x0000000020001be8        0x4 ./Core/Src/main.o
                0x0000000020001be8                SetSteering
 .bss.setAcc    0x0000000020001bec        0x4 ./Core/Src/main.o
                0x0000000020001bec                setAcc
 .bss.bytes     0x0000000020001bf0        0x8 ./Core/Src/main.o
                0x0000000020001bf0                bytes
 .bss.bytesc    0x0000000020001bf8        0x8 ./Core/Src/main.o
                0x0000000020001bf8                bytesc
 .bss.byte3     0x0000000020001c00        0x1 ./Core/Src/main.o
                0x0000000020001c00                byte3
 *fill*         0x0000000020001c01        0x3 
 .bss.byte0     0x0000000020001c04        0x1 ./Core/Src/main.o
                0x0000000020001c04                byte0
 .bss.SETME_X64
                0x0000000020001c05        0x1 ./Core/Src/main.o
                0x0000000020001c05                SETME_X64
 .bss.ANGLE     0x0000000020001c06        0x1 ./Core/Src/main.o
                0x0000000020001c06                ANGLE
 .bss.PERCENTAGE
                0x0000000020001c07        0x1 ./Core/Src/main.o
                0x0000000020001c07                PERCENTAGE
 .bss.SetSteerAngle
                0x0000000020001c08        0x2 ./Core/Src/main.o
                0x0000000020001c08                SetSteerAngle
 .bss.SetACC    0x0000000020001c0a        0x2 ./Core/Src/main.o
                0x0000000020001c0a                SetACC
 .bss.byteD     0x0000000020001c0c        0x8 ./Core/Src/main.o
                0x0000000020001c0c                byteD
 .bss.bytesE    0x0000000020001c14        0x8 ./Core/Src/main.o
                0x0000000020001c14                bytesE
 .bss.HAL_RCC_CAN1_CLK_ENABLED
                0x0000000020001c1c        0x4 ./Core/Src/stm32f1xx_hal_msp.o
 .bss.htim6     0x0000000020001c20       0x48 ./Core/Src/stm32f1xx_hal_timebase_tim.o
                0x0000000020001c20                htim6
 .bss.uwTick    0x0000000020001c68        0x4 ./Drivers/STM32F1xx_HAL_Driver/Src/stm32f1xx_hal.o
                0x0000000020001c68                uwTick
 .bss.cfgidx.0  0x0000000020001c6c        0x1 ./Middlewares/ST/STM32_USB_Device_Library/Core/Src/usbd_ctlreq.o
 *fill*         0x0000000020001c6d        0x3 
 .bss.pxCurrentTCB
                0x0000000020001c70        0x4 ./Middlewares/Third_Party/FreeRTOS/Source/tasks.o
                0x0000000020001c70                pxCurrentTCB
 .bss.pxReadyTasksLists
                0x0000000020001c74       0x8c ./Middlewares/Third_Party/FreeRTOS/Source/tasks.o
 .bss.xDelayedTaskList1
                0x0000000020001d00       0x14 ./Middlewares/Third_Party/FreeRTOS/Source/tasks.o
 .bss.xDelayedTaskList2
                0x0000000020001d14       0x14 ./Middlewares/Third_Party/FreeRTOS/Source/tasks.o
 .bss.pxDelayedTaskList
                0x0000000020001d28        0x4 ./Middlewares/Third_Party/FreeRTOS/Source/tasks.o
 .bss.pxOverflowDelayedTaskList
                0x0000000020001d2c        0x4 ./Middlewares/Third_Party/FreeRTOS/Source/tasks.o
 .bss.xPendingReadyList
                0x0000000020001d30       0x14 ./Middlewares/Third_Party/FreeRTOS/Source/tasks.o
 .bss.xTasksWaitingTermination
                0x0000000020001d44       0x14 ./Middlewares/Third_Party/FreeRTOS/Source/tasks.o
 .bss.uxDeletedTasksWaitingCleanUp
                0x0000000020001d58        0x4 ./Middlewares/Third_Party/FreeRTOS/Source/tasks.o
 .bss.xSuspendedTaskList
                0x0000000020001d5c       0x14 ./Middlewares/Third_Party/FreeRTOS/Source/tasks.o
 .bss.uxCurrentNumberOfTasks
                0x0000000020001d70        0x4 ./Middlewares/Third_Party/FreeRTOS/Source/tasks.o
 .bss.xTickCount
                0x0000000020001d74        0x4 ./Middlewares/Third_Party/FreeRTOS/Source/tasks.o
 .bss.uxTopReadyPriority
                0x0000000020001d78        0x4 ./Middlewares/Third_Party/FreeRTOS/Source/tasks.o
 .bss.xSchedulerRunning
                0x0000000020001d7c        0x4 ./Middlewares/Third_Party/FreeRTOS/Source/tasks.o
 .bss.uxPendedTicks
                0x0000000020001d80        0x4 ./Middlewares/Third_Party/FreeRTOS/Source/tasks.o
 .bss.xYieldPending
                0x0000000020001d84        0x4 ./Middlewares/Third_Party/FreeRTOS/Source/tasks.o
 .bss.xNumOfOverflows
                0x0000000020001d88        0x4 ./Middlewares/Third_Party/FreeRTOS/Source/tasks.o
 .bss.uxTaskNumber
                0x0000000020001d8c        0x4 ./Middlewares/Third_Party/FreeRTOS/Source/tasks.o
 .bss.xNextTaskUnblockTime
                0x0000000020001d90        0x4 ./Middlewares/Third_Party/FreeRTOS/Source/tasks.o
 .bss.xIdleTaskHandle
                0x0000000020001d94        0x4 ./Middlewares/Third_Party/FreeRTOS/Source/tasks.o
 .bss.uxSchedulerSuspended
                0x0000000020001d98        0x4 ./Middlewares/Third_Party/FreeRTOS/Source/tasks.o
 .bss.ucMaxSysCallPriority
                0x0000000020001d9c        0x1 ./Middlewares/Third_Party/FreeRTOS/Source/portable/GCC/ARM_CM3/port.o
 *fill*         0x0000000020001d9d        0x3 
 .bss.ulMaxPRIGROUPValue
                0x0000000020001da0        0x4 ./Middlewares/Third_Party/FreeRTOS/Source/portable/GCC/ARM_CM3/port.o
 .bss.ucHeap    0x0000000020001da4     0x1000 ./Middlewares/Third_Party/FreeRTOS/Source/portable/MemMang/heap_4.o
 .bss.xStart    0x0000000020002da4        0x8 ./Middlewares/Third_Party/FreeRTOS/Source/portable/MemMang/heap_4.o
 .bss.pxEnd     0x0000000020002dac        0x4 ./Middlewares/Third_Party/FreeRTOS/Source/portable/MemMang/heap_4.o
 .bss.xFreeBytesRemaining
                0x0000000020002db0        0x4 ./Middlewares/Third_Party/FreeRTOS/Source/portable/MemMang/heap_4.o
 .bss.xMinimumEverFreeBytesRemaining
                0x0000000020002db4        0x4 ./Middlewares/Third_Party/FreeRTOS/Source/portable/MemMang/heap_4.o
 .bss.xBlockAllocatedBit
                0x0000000020002db8        0x4 ./Middlewares/Third_Party/FreeRTOS/Source/portable/MemMang/heap_4.o
 .bss.hUsbDeviceFS
                0x0000000020002dbc      0x2c4 ./USB_DEVICE/App/usb_device.o
                0x0000000020002dbc                hUsbDeviceFS
 .bss.UserRxBufferFS
                0x0000000020003080      0x3e8 ./USB_DEVICE/App/usbd_cdc_if.o
                0x0000000020003080                UserRxBufferFS
 .bss.UserTxBufferFS
                0x0000000020003468      0x3e8 ./USB_DEVICE/App/usbd_cdc_if.o
                0x0000000020003468                UserTxBufferFS
 .bss.USBD_StrDesc
                0x0000000020003850      0x200 ./USB_DEVICE/App/usbd_desc.o
                0x0000000020003850                USBD_StrDesc
 .bss.hpcd_USB_OTG_FS
                0x0000000020003a50      0x504 ./USB_DEVICE/Target/usbd_conf.o
                0x0000000020003a50                hpcd_USB_OTG_FS
 .bss.mem.0     0x0000000020003f54      0x220 ./USB_DEVICE/Target/usbd_conf.o
 *(COMMON)
                0x0000000020004174                . = ALIGN (0x4)
                0x0000000020004174                _ebss = .
                0x0000000020004174                __bss_end__ = _ebss

._user_heap_stack
                0x0000000020004174      0x604 load address 0x000000000800c124
                0x0000000020004178                . = ALIGN (0x8)
 *fill*         0x0000000020004174        0x4 
                [!provide]                        PROVIDE (end = .)
                0x0000000020004178                PROVIDE (_end = .)
                0x0000000020004378                . = (. + _Min_Heap_Size)
 *fill*         0x0000000020004178      0x200 
                0x0000000020004778                . = (. + _Min_Stack_Size)
 *fill*         0x0000000020004378      0x400 
                0x0000000020004778                . = ALIGN (0x8)

/DISCARD/
 libc.a(*)
 libm.a(*)
 libgcc.a(*)

.ARM.attributes
                0x0000000000000000       0x29
 *(.ARM.attributes)
 .ARM.attributes
                0x0000000000000000       0x1d c:/st/stm32cubeide_1.10.1/stm32cubeide/plugins/com.st.stm32cube.ide.mcu.externaltools.gnu-tools-for-stm32.10.3-2021.10.win32_1.0.0.202111181127/tools/bin/../lib/gcc/arm-none-eabi/10.3.1/thumb/v7-m/nofp/crti.o
 .ARM.attributes
                0x000000000000001d       0x2d c:/st/stm32cubeide_1.10.1/stm32cubeide/plugins/com.st.stm32cube.ide.mcu.externaltools.gnu-tools-for-stm32.10.3-2021.10.win32_1.0.0.202111181127/tools/bin/../lib/gcc/arm-none-eabi/10.3.1/thumb/v7-m/nofp/crtbegin.o
 .ARM.attributes
                0x000000000000004a       0x2d ./Core/Src/GolfChecksum.o
 .ARM.attributes