../Core/Src/main.c:94:5:main	216	static
../Core/Src/main.c:208:6:SystemClock_Config	120	static
../Core/Src/main.c:261:13:MX_ADC1_Init	24	static
../Core/Src/main.c:308:13:MX_CAN1_Init	8	static
../Core/Src/main.c:345:13:MX_CAN2_Init	8	static
../Core/Src/main.c:382:13:MX_GPIO_Init	40	static
../Core/Src/main.c:453:6:StartDefaultTask	48	static
../Core/Src/main.c:530:6:StartTask02	32	static
../Core/Src/main.c:554:6:HandBrake	16	static
../Core/Src/main.c:572:6:StartStop	16	static
../Core/Src/main.c:590:6:ParkBrake	16	static
../Core/Src/main.c:609:6:HAL_TIM_PeriodElapsedCallback	16	static
../Core/Src/main.c:626:6:Error_Handler	4	static,ignoring_inline_asm
